Archive member included because of file (symbol)

C:/MinGW/msys/1.0/dev/lib/libglib-2.0.dll.a(d000324.o)
                              mrp-xsl.o (g_free)
C:/MinGW/msys/1.0/dev/lib/libglib-2.0.dll.a(d000891.o)
                              mrp-xsl.o (g_set_error)
C:/MinGW/msys/1.0/dev/lib/libglib-2.0.dll.a(d000583.o)
                              mrp-xsl.o (g_malloc0_n)
C:/MinGW/msys/1.0/dev/lib/libglib-2.0.dll.a(d000000.o)
                              C:/MinGW/msys/1.0/dev/lib/libglib-2.0.dll.a(d000324.o) (_head_libglib_2_0_0_dll)
C:/MinGW/msys/1.0/dev/lib/libglib-2.0.dll.a(d001426.o)
                              C:/MinGW/msys/1.0/dev/lib/libglib-2.0.dll.a(d000000.o) (libglib_2_0_0_dll_iname)
C:/MinGW/msys/1.0/dev/lib/libintl.dll.a(d000017.o)
                              mrp-xsl.o (libintl_gettext)
C:/MinGW/msys/1.0/dev/lib/libintl.dll.a(d000000.o)
                              C:/MinGW/msys/1.0/dev/lib/libintl.dll.a(d000017.o) (_head_intl_dll)
C:/MinGW/msys/1.0/dev/lib/libintl.dll.a(d000031.o)
                              C:/MinGW/msys/1.0/dev/lib/libintl.dll.a(d000000.o) (intl_dll_iname)
C:/MinGW/msys/1.0/dev/lib/libexslt.lib(libexslt.dll)
                              (__imp__exsltRegisterAll)
C:/MinGW/msys/1.0/dev/lib/libexslt.lib(libexslt.dll)
                              C:/MinGW/msys/1.0/dev/lib/libexslt.lib(libexslt.dll) (_IMPORT_DESCRIPTOR_libexslt)
C:/MinGW/msys/1.0/dev/lib/libexslt.lib(libexslt.dll)
                              C:/MinGW/msys/1.0/dev/lib/libexslt.lib(libexslt.dll) (_NULL_IMPORT_DESCRIPTOR)
C:/MinGW/msys/1.0/dev/lib/libexslt.lib(libexslt.dll)
                              C:/MinGW/msys/1.0/dev/lib/libexslt.lib(libexslt.dll) (libexslt_NULL_THUNK_DATA)
C:/MinGW/msys/1.0/dev/lib/libxslt.lib(libxslt.dll)
                              (__imp__xsltRegisterExtFunction)
C:/MinGW/msys/1.0/dev/lib/libxslt.lib(libxslt.dll)
                              (__imp__xsltRegisterExtModule)
C:/MinGW/msys/1.0/dev/lib/libxslt.lib(libxslt.dll)
                              (__imp__xsltParseStylesheetFile)
C:/MinGW/msys/1.0/dev/lib/libxslt.lib(libxslt.dll)
                              (__imp__xsltApplyStylesheet)
C:/MinGW/msys/1.0/dev/lib/libxslt.lib(libxslt.dll)
                              (__imp__xsltSaveResultToFilename)
C:/MinGW/msys/1.0/dev/lib/libxslt.lib(libxslt.dll)
                              (__imp__xsltFreeStylesheet)
C:/MinGW/msys/1.0/dev/lib/libxslt.lib(libxslt.dll)
                              C:/MinGW/msys/1.0/dev/lib/libxslt.lib(libxslt.dll) (_IMPORT_DESCRIPTOR_libxslt)
C:/MinGW/msys/1.0/dev/lib/libxslt.lib(libxslt.dll)
                              C:/MinGW/msys/1.0/dev/lib/libxslt.lib(libxslt.dll) (libxslt_NULL_THUNK_DATA)
C:/MinGW/msys/1.0/dev/lib/libxml2.dll.a(d000391.o)
                              mrp-xsl.o (_imp__xmlFree)
C:/MinGW/msys/1.0/dev/lib/libxml2.dll.a(d000150.o)
                              mrp-xsl.o (valuePop)
C:/MinGW/msys/1.0/dev/lib/libxml2.dll.a(d001507.o)
                              mrp-xsl.o (xmlXPathConvertString)
C:/MinGW/msys/1.0/dev/lib/libxml2.dll.a(d001557.o)
                              mrp-xsl.o (xmlXPathNewString)
C:/MinGW/msys/1.0/dev/lib/libxml2.dll.a(d000151.o)
                              mrp-xsl.o (valuePush)
C:/MinGW/msys/1.0/dev/lib/libxml2.dll.a(d001092.o)
                              mrp-xsl.o (xmlSubstituteEntitiesDefault)
C:/MinGW/msys/1.0/dev/lib/libxml2.dll.a(d000020.o)
                              mrp-xsl.o (__xmlLoadExtDtdDefaultValue)
C:/MinGW/msys/1.0/dev/lib/libxml2.dll.a(d000755.o)
                              mrp-xsl.o (xmlParseMemory)
C:/MinGW/msys/1.0/dev/lib/libxml2.dll.a(d000000.o)
                              C:/MinGW/msys/1.0/dev/lib/libxml2.dll.a(d000391.o) (_head_libxml2_2_dll)
C:/MinGW/msys/1.0/dev/lib/libxml2.dll.a(d001657.o)
                              C:/MinGW/msys/1.0/dev/lib/libxml2.dll.a(d000000.o) (libxml2_2_dll_iname)
c:/mingw/bin/../lib/gcc/mingw32/4.5.0/../../../libmingw32.a(tlssup.o)
                              c:/mingw/bin/../lib/gcc/mingw32/4.5.0/../../../dllcrt2.o (__dyn_tls_init_callback)
c:/mingw/bin/../lib/gcc/mingw32/4.5.0/../../../libmingw32.a(pseudo-reloc.o)
                              c:/mingw/bin/../lib/gcc/mingw32/4.5.0/../../../dllcrt2.o (_pei386_runtime_relocator)
c:/mingw/bin/../lib/gcc/mingw32/4.5.0/../../../libmingw32.a(gccmain.o)
                              c:/mingw/bin/../lib/gcc/mingw32/4.5.0/../../../dllcrt2.o (__main)
c:/mingw/bin/../lib/gcc/mingw32/4.5.0/../../../libmingw32.a(dllmain.o)
                              c:/mingw/bin/../lib/gcc/mingw32/4.5.0/../../../dllcrt2.o (DllMain@12)
c:/mingw/bin/../lib/gcc/mingw32/4.5.0/../../../libmingw32.a(crtst.o)
                              c:/mingw/bin/../lib/gcc/mingw32/4.5.0/../../../libmingw32.a(tlssup.o) (_CRT_MT)
c:/mingw/bin/../lib/gcc/mingw32/4.5.0/../../../libmingw32.a(tlsthrd.o)
                              c:/mingw/bin/../lib/gcc/mingw32/4.5.0/../../../libmingw32.a(tlssup.o) (__mingw_TLScallback)
c:/mingw/bin/../lib/gcc/mingw32/4.5.0/../../../libmingw32.a(pseudo-reloc-list.o)
                              c:/mingw/bin/../lib/gcc/mingw32/4.5.0/../../../libmingw32.a(pseudo-reloc.o) (__RUNTIME_PSEUDO_RELOC_LIST_END__)
c:/mingw/bin/../lib/gcc/mingw32/4.5.0/libgcc.a(_ctors.o)
                              c:/mingw/bin/../lib/gcc/mingw32/4.5.0/../../../libmingw32.a(gccmain.o) (__CTOR_LIST__)
c:/mingw/bin/../lib/gcc/mingw32/4.5.0/../../../libmsvcrt.a(duyms00052.o)
                              c:/mingw/bin/../lib/gcc/mingw32/4.5.0/../../../dllcrt2.o (__dllonexit)
c:/mingw/bin/../lib/gcc/mingw32/4.5.0/../../../libmsvcrt.a(duyms00625.o)
                              c:/mingw/bin/../lib/gcc/mingw32/4.5.0/../../../dllcrt2.o (free)
c:/mingw/bin/../lib/gcc/mingw32/4.5.0/../../../libmsvcrt.a(duyms00610.o)
                              c:/mingw/bin/../lib/gcc/mingw32/4.5.0/../../../dllcrt2.o (fflush)
c:/mingw/bin/../lib/gcc/mingw32/4.5.0/../../../libmsvcrt.a(duyms00676.o)
                              c:/mingw/bin/../lib/gcc/mingw32/4.5.0/../../../dllcrt2.o (malloc)
c:/mingw/bin/../lib/gcc/mingw32/4.5.0/../../../libmsvcrt.a(duyms00182.o)
                              c:/mingw/bin/../lib/gcc/mingw32/4.5.0/../../../dllcrt2.o (_errno)
c:/mingw/bin/../lib/gcc/mingw32/4.5.0/../../../libmsvcrt.a(duyms00672.o)
                              mrp-xsl.o (localtime)
c:/mingw/bin/../lib/gcc/mingw32/4.5.0/../../../libmsvcrt.a(duyms00721.o)
                              mrp-xsl.o (strlen)
c:/mingw/bin/../lib/gcc/mingw32/4.5.0/../../../libmsvcrt.a(duyms00538.o)
                              c:/mingw/bin/../lib/gcc/mingw32/4.5.0/../../../libmingw32.a(tlssup.o) (_imp___winmajor)
c:/mingw/bin/../lib/gcc/mingw32/4.5.0/../../../libmsvcrt.a(duyms00266.o)
                              c:/mingw/bin/../lib/gcc/mingw32/4.5.0/../../../libmingw32.a(pseudo-reloc.o) (_imp___iob)
c:/mingw/bin/../lib/gcc/mingw32/4.5.0/../../../libmsvcrt.a(duyms00633.o)
                              c:/mingw/bin/../lib/gcc/mingw32/4.5.0/../../../libmingw32.a(pseudo-reloc.o) (fwrite)
c:/mingw/bin/../lib/gcc/mingw32/4.5.0/../../../libmsvcrt.a(duyms00748.o)
                              c:/mingw/bin/../lib/gcc/mingw32/4.5.0/../../../libmingw32.a(pseudo-reloc.o) (vfprintf)
c:/mingw/bin/../lib/gcc/mingw32/4.5.0/../../../libmsvcrt.a(duyms00583.o)
                              c:/mingw/bin/../lib/gcc/mingw32/4.5.0/../../../libmingw32.a(pseudo-reloc.o) (abort)
c:/mingw/bin/../lib/gcc/mingw32/4.5.0/../../../libmsvcrt.a(duyms00682.o)
                              c:/mingw/bin/../lib/gcc/mingw32/4.5.0/../../../libmingw32.a(pseudo-reloc.o) (memcpy)
c:/mingw/bin/../lib/gcc/mingw32/4.5.0/../../../libmsvcrt.a(duyms00595.o)
                              c:/mingw/bin/../lib/gcc/mingw32/4.5.0/../../../libmingw32.a(tlsthrd.o) (calloc)
c:/mingw/bin/../lib/gcc/mingw32/4.5.0/../../../libmsvcrt.a(duymh.o)
                              c:/mingw/bin/../lib/gcc/mingw32/4.5.0/../../../libmsvcrt.a(duyms00052.o) (_head_libmsvcrt_a)
c:/mingw/bin/../lib/gcc/mingw32/4.5.0/../../../libmsvcrt.a(duymt.o)
                              c:/mingw/bin/../lib/gcc/mingw32/4.5.0/../../../libmsvcrt.a(duymh.o) (_libmsvcrt_a_iname)
c:/mingw/bin/../lib/gcc/mingw32/4.5.0/../../../libkernel32.a(dkjes00337.o)
                              c:/mingw/bin/../lib/gcc/mingw32/4.5.0/crtbegin.o (GetModuleHandleA@4)
c:/mingw/bin/../lib/gcc/mingw32/4.5.0/../../../libkernel32.a(dkjes00364.o)
                              c:/mingw/bin/../lib/gcc/mingw32/4.5.0/crtbegin.o (GetProcAddress@8)
c:/mingw/bin/../lib/gcc/mingw32/4.5.0/../../../libkernel32.a(dkjes00524.o)
                              c:/mingw/bin/../lib/gcc/mingw32/4.5.0/../../../libmingw32.a(tlssup.o) (LoadLibraryA@4)
c:/mingw/bin/../lib/gcc/mingw32/4.5.0/../../../libkernel32.a(dkjes00214.o)
                              c:/mingw/bin/../lib/gcc/mingw32/4.5.0/../../../libmingw32.a(tlssup.o) (FreeLibrary@4)
c:/mingw/bin/../lib/gcc/mingw32/4.5.0/../../../libkernel32.a(dkjes00801.o)
                              c:/mingw/bin/../lib/gcc/mingw32/4.5.0/../../../libmingw32.a(pseudo-reloc.o) (VirtualQuery@12)
c:/mingw/bin/../lib/gcc/mingw32/4.5.0/../../../libkernel32.a(dkjes00798.o)
                              c:/mingw/bin/../lib/gcc/mingw32/4.5.0/../../../libmingw32.a(pseudo-reloc.o) (VirtualProtect@16)
c:/mingw/bin/../lib/gcc/mingw32/4.5.0/../../../libkernel32.a(dkjes00765.o)
                              c:/mingw/bin/../lib/gcc/mingw32/4.5.0/../../../libmingw32.a(tlsthrd.o) (TlsGetValue@4)
c:/mingw/bin/../lib/gcc/mingw32/4.5.0/../../../libkernel32.a(dkjes00325.o)
                              c:/mingw/bin/../lib/gcc/mingw32/4.5.0/../../../libmingw32.a(tlsthrd.o) (GetLastError@0)
c:/mingw/bin/../lib/gcc/mingw32/4.5.0/../../../libkernel32.a(dkjes00107.o)
                              c:/mingw/bin/../lib/gcc/mingw32/4.5.0/../../../libmingw32.a(tlsthrd.o) (DeleteCriticalSection@4)
c:/mingw/bin/../lib/gcc/mingw32/4.5.0/../../../libkernel32.a(dkjes00492.o)
                              c:/mingw/bin/../lib/gcc/mingw32/4.5.0/../../../libmingw32.a(tlsthrd.o) (InitializeCriticalSection@4)
c:/mingw/bin/../lib/gcc/mingw32/4.5.0/../../../libkernel32.a(dkjes00126.o)
                              c:/mingw/bin/../lib/gcc/mingw32/4.5.0/../../../libmingw32.a(tlsthrd.o) (EnterCriticalSection@4)
c:/mingw/bin/../lib/gcc/mingw32/4.5.0/../../../libkernel32.a(dkjes00523.o)
                              c:/mingw/bin/../lib/gcc/mingw32/4.5.0/../../../libmingw32.a(tlsthrd.o) (LeaveCriticalSection@4)
c:/mingw/bin/../lib/gcc/mingw32/4.5.0/../../../libkernel32.a(dkjeh.o)
                              c:/mingw/bin/../lib/gcc/mingw32/4.5.0/../../../libkernel32.a(dkjes00337.o) (_head_libkernel32_a)
c:/mingw/bin/../lib/gcc/mingw32/4.5.0/../../../libkernel32.a(dkjet.o)
                              c:/mingw/bin/../lib/gcc/mingw32/4.5.0/../../../libkernel32.a(dkjeh.o) (_libkernel32_a_iname)

分配公共符号
公共符号            大小              文件

__DTOR_LIST__       0x8               c:/mingw/bin/../lib/gcc/mingw32/4.5.0/libgcc.a(_ctors.o)
__mingw_gMTKeyDtor  0x10              c:/mingw/bin/../lib/gcc/mingw32/4.5.0/../../../libmingw32.a(tlssup.o)
__CTOR_LIST__       0x8               c:/mingw/bin/../lib/gcc/mingw32/4.5.0/libgcc.a(_ctors.o)
__mingw_gMTRemoveKeyDtor
                    0x10              c:/mingw/bin/../lib/gcc/mingw32/4.5.0/../../../libmingw32.a(tlssup.o)
__mingw_usemthread_dll
                    0x10              c:/mingw/bin/../lib/gcc/mingw32/4.5.0/../../../libmingw32.a(tlssup.o)

Discarded input sections

 .drectve       0x00000000       0x10 mrp-xsl.o
 .debug$S       0x00000000       0x43 C:/MinGW/msys/1.0/dev/lib/libexslt.lib(libexslt.dll.a)
 .debug$S       0x00000000       0x43 C:/MinGW/msys/1.0/dev/lib/libexslt.lib(libexslt.dll.c)
 .debug$S       0x00000000       0x43 C:/MinGW/msys/1.0/dev/lib/libexslt.lib(libexslt.dll.c)
 .debug$S       0x00000000       0x42 C:/MinGW/msys/1.0/dev/lib/libxslt.lib(libxslt.dll.a)
 .debug$S       0x00000000       0x42 C:/MinGW/msys/1.0/dev/lib/libxslt.lib(libxslt.dll.c)
 .drectve       0x00000000       0x38 c:/mingw/bin/../lib/gcc/mingw32/4.5.0/libgcc.a(_ctors.o)

内存配置

名称           来源             长度             属性
*default*        0x00000000         0xffffffff

Linker script and memory map

                0x6fc80000                __image_base__ = 0x6fc80000
                0x00000000                __dll__ = 0x0
                0x6fc80000                ___ImageBase = 0x6fc80000
                0x00001000                __section_alignment__ = 0x1000
                0x00000200                __file_alignment__ = 0x200
                0x00000004                __major_os_version__ = 0x4
                0x00000000                __minor_os_version__ = 0x0
                0x00000001                __major_image_version__ = 0x1
                0x00000000                __minor_image_version__ = 0x0
                0x00000004                __major_subsystem_version__ = 0x4
                0x00000000                __minor_subsystem_version__ = 0x0
                0x00000003                __subsystem__ = 0x3
                0x00200000                __size_of_stack_reserve__ = 0x200000
                0x00001000                __size_of_stack_commit__ = 0x1000
                0x00100000                __size_of_heap_reserve__ = 0x100000
                0x00001000                __size_of_heap_commit__ = 0x1000
                0x00000000                __loader_flags__ = 0x0
                0x00000000                __dll_characteristics__ = 0x0
LOAD c:/mingw/bin/../lib/gcc/mingw32/4.5.0/../../../dllcrt2.o
LOAD c:/mingw/bin/../lib/gcc/mingw32/4.5.0/crtbegin.o
LOAD mrp-xsl.o
LOAD C:/MinGW/msys/1.0/dev/lib/libgtk-win32-2.0.dll.a
LOAD C:/MinGW/msys/1.0/dev/lib/libgdk-win32-2.0.dll.a
LOAD C:/MinGW/msys/1.0/dev/lib/libatk-1.0.dll.a
LOAD C:/MinGW/msys/1.0/dev/lib/libgio-2.0.dll.a
LOAD C:/MinGW/msys/1.0/dev/lib/libpangowin32-1.0.dll.a
LOAD c:/mingw/bin/../lib/gcc/mingw32/4.5.0/../../../libgdi32.a
LOAD C:/MinGW/msys/1.0/dev/lib/libpangocairo-1.0.dll.a
LOAD C:/MinGW/msys/1.0/dev/lib/libgdk_pixbuf-2.0.dll.a
LOAD C:/MinGW/msys/1.0/dev/lib/libpng14.dll.a
LOAD C:/MinGW/msys/1.0/dev/lib/libpango-1.0.dll.a
LOAD C:/MinGW/msys/1.0/dev/lib/libcairo.dll.a
LOAD C:/MinGW/msys/1.0/dev/lib/libgobject-2.0.dll.a
LOAD C:/MinGW/msys/1.0/dev/lib/libgmodule-2.0.dll.a
LOAD C:/MinGW/msys/1.0/dev/lib/libgthread-2.0.dll.a
LOAD C:/MinGW/msys/1.0/dev/lib/libglib-2.0.dll.a
LOAD C:/MinGW/msys/1.0/dev/lib/libintl.dll.a
LOAD C:/MinGW/msys/1.0/dev/lib/libexslt.lib
LOAD C:/MinGW/msys/1.0/dev/lib/libxslt.lib
LOAD C:/MinGW/msys/1.0/dev/lib/libxml2.dll.a
LOAD C:/MinGW/msys/1.0/dev/lib/libz.dll.a
LOAD C:/MinGW/msys/1.0/dev/lib/libiconv.a
LOAD c:/mingw/bin/../lib/gcc/mingw32/4.5.0/../../../libwsock32.a
LOAD ./libplanner-1.dll
LOAD c:/mingw/bin/../lib/gcc/mingw32/4.5.0/../../../libmingw32.a
LOAD c:/mingw/bin/../lib/gcc/mingw32/4.5.0/libgcc_eh.a
LOAD c:/mingw/bin/../lib/gcc/mingw32/4.5.0/libgcc.a
LOAD c:/mingw/bin/../lib/gcc/mingw32/4.5.0/../../../libmoldname.a
LOAD c:/mingw/bin/../lib/gcc/mingw32/4.5.0/../../../libmingwex.a
LOAD c:/mingw/bin/../lib/gcc/mingw32/4.5.0/../../../libmsvcrt.a
LOAD c:/mingw/bin/../lib/gcc/mingw32/4.5.0/../../../libuser32.a
LOAD c:/mingw/bin/../lib/gcc/mingw32/4.5.0/../../../libkernel32.a
LOAD c:/mingw/bin/../lib/gcc/mingw32/4.5.0/../../../libadvapi32.a
LOAD c:/mingw/bin/../lib/gcc/mingw32/4.5.0/../../../libshell32.a
LOAD c:/mingw/bin/../lib/gcc/mingw32/4.5.0/../../../libmingw32.a
LOAD c:/mingw/bin/../lib/gcc/mingw32/4.5.0/libgcc_eh.a
LOAD c:/mingw/bin/../lib/gcc/mingw32/4.5.0/libgcc.a
LOAD c:/mingw/bin/../lib/gcc/mingw32/4.5.0/../../../libmoldname.a
LOAD c:/mingw/bin/../lib/gcc/mingw32/4.5.0/../../../libmingwex.a
LOAD c:/mingw/bin/../lib/gcc/mingw32/4.5.0/../../../libmsvcrt.a
LOAD c:/mingw/bin/../lib/gcc/mingw32/4.5.0/crtend.o
                0x00000308                . = SIZEOF_HEADERS
                0x00001000                . = ALIGN (__section_alignment__)

.text           0x6fc81000     0x1200
 *(.init)
 *(.text)
 .text          0x6fc81000      0x1b0 c:/mingw/bin/../lib/gcc/mingw32/4.5.0/../../../dllcrt2.o
                0x6fc81000                _onexit
                0x6fc81030                atexit
                0x6fc810c0                DllMainCRTStartup@12
 .text          0x6fc811b0       0xd0 c:/mingw/bin/../lib/gcc/mingw32/4.5.0/crtbegin.o
                0x6fc811b0                __gcc_register_frame
                0x6fc8123c                __gcc_deregister_frame
 .text          0x6fc81280      0x4b8 mrp-xsl.o
                0x6fc8167d                init
 .text          0x6fc81738        0x8 C:/MinGW/msys/1.0/dev/lib/libglib-2.0.dll.a(d000324.o)
                0x6fc81738                g_free
 .text          0x6fc81740        0x8 C:/MinGW/msys/1.0/dev/lib/libglib-2.0.dll.a(d000891.o)
                0x6fc81740                g_set_error
 .text          0x6fc81748        0x8 C:/MinGW/msys/1.0/dev/lib/libglib-2.0.dll.a(d000583.o)
                0x6fc81748                g_malloc0_n
 .text          0x6fc81750        0x8 C:/MinGW/msys/1.0/dev/lib/libintl.dll.a(d000017.o)
                0x6fc81750                libintl_gettext
 .text          0x6fc81758        0x8 C:/MinGW/msys/1.0/dev/lib/libexslt.lib(libexslt.dll.b)
                0x6fc81758                exsltRegisterAll
 .text          0x6fc81760        0x8 C:/MinGW/msys/1.0/dev/lib/libxslt.lib(libxslt.dll.b)
                0x6fc81760                xsltRegisterExtFunction
 .text          0x6fc81768        0x8 C:/MinGW/msys/1.0/dev/lib/libxslt.lib(libxslt.dll.b)
                0x6fc81768                xsltRegisterExtModule
 .text          0x6fc81770        0x8 C:/MinGW/msys/1.0/dev/lib/libxslt.lib(libxslt.dll.b)
                0x6fc81770                xsltParseStylesheetFile
 .text          0x6fc81778        0x8 C:/MinGW/msys/1.0/dev/lib/libxslt.lib(libxslt.dll.b)
                0x6fc81778                xsltApplyStylesheet
 .text          0x6fc81780        0x8 C:/MinGW/msys/1.0/dev/lib/libxslt.lib(libxslt.dll.b)
                0x6fc81780                xsltSaveResultToFilename
 .text          0x6fc81788        0x8 C:/MinGW/msys/1.0/dev/lib/libxslt.lib(libxslt.dll.b)
                0x6fc81788                xsltFreeStylesheet
 .text          0x6fc81790        0x0 C:/MinGW/msys/1.0/dev/lib/libxml2.dll.a(d000391.o)
 .text          0x6fc81790        0x8 C:/MinGW/msys/1.0/dev/lib/libxml2.dll.a(d000150.o)
                0x6fc81790                valuePop
 .text          0x6fc81798        0x8 C:/MinGW/msys/1.0/dev/lib/libxml2.dll.a(d001507.o)
                0x6fc81798                xmlXPathConvertString
 .text          0x6fc817a0        0x8 C:/MinGW/msys/1.0/dev/lib/libxml2.dll.a(d001557.o)
                0x6fc817a0                xmlXPathNewString
 .text          0x6fc817a8        0x8 C:/MinGW/msys/1.0/dev/lib/libxml2.dll.a(d000151.o)
                0x6fc817a8                valuePush
 .text          0x6fc817b0        0x8 C:/MinGW/msys/1.0/dev/lib/libxml2.dll.a(d001092.o)
                0x6fc817b0                xmlSubstituteEntitiesDefault
 .text          0x6fc817b8        0x8 C:/MinGW/msys/1.0/dev/lib/libxml2.dll.a(d000020.o)
                0x6fc817b8                __xmlLoadExtDtdDefaultValue
 .text          0x6fc817c0        0x8 C:/MinGW/msys/1.0/dev/lib/libxml2.dll.a(d000755.o)
                0x6fc817c0                xmlParseMemory
 *fill*         0x6fc817c8        0x8 00
 .text          0x6fc817d0      0x1d0 c:/mingw/bin/../lib/gcc/mingw32/4.5.0/../../../libmingw32.a(tlssup.o)
                0x6fc817d0                __tlregdtor
                0x6fc81820                __dyn_tls_init@12
 .text          0x6fc819a0      0x2e0 c:/mingw/bin/../lib/gcc/mingw32/4.5.0/../../../libmingw32.a(pseudo-reloc.o)
                0x6fc81ad0                _pei386_runtime_relocator
 .text          0x6fc81c80       0xb0 c:/mingw/bin/../lib/gcc/mingw32/4.5.0/../../../libmingw32.a(gccmain.o)
                0x6fc81c80                __do_global_dtors
                0x6fc81cb0                __do_global_ctors
                0x6fc81d10                __main
 .text          0x6fc81d30       0x10 c:/mingw/bin/../lib/gcc/mingw32/4.5.0/../../../libmingw32.a(dllmain.o)
                0x6fc81d30                DllMain@12
 .text          0x6fc81d40        0x0 c:/mingw/bin/../lib/gcc/mingw32/4.5.0/../../../libmingw32.a(crtst.o)
 .text          0x6fc81d40      0x210 c:/mingw/bin/../lib/gcc/mingw32/4.5.0/../../../libmingw32.a(tlsthrd.o)
                0x6fc81dc0                __mingw_TLScallback
                0x6fc81e50                ___w64_mingwthr_remove_key_dtor
                0x6fc81ee0                ___w64_mingwthr_add_key_dtor
 .text          0x6fc81f50        0x0 c:/mingw/bin/../lib/gcc/mingw32/4.5.0/../../../libmingw32.a(pseudo-reloc-list.o)
 .text          0x6fc81f50        0x0 c:/mingw/bin/../lib/gcc/mingw32/4.5.0/libgcc.a(_ctors.o)
 .text          0x6fc81f50        0x8 c:/mingw/bin/../lib/gcc/mingw32/4.5.0/../../../libmsvcrt.a(duyms00052.o)
                0x6fc81f50                __dllonexit
 .text          0x6fc81f58        0x8 c:/mingw/bin/../lib/gcc/mingw32/4.5.0/../../../libmsvcrt.a(duyms00625.o)
                0x6fc81f58                free
 .text          0x6fc81f60        0x8 c:/mingw/bin/../lib/gcc/mingw32/4.5.0/../../../libmsvcrt.a(duyms00610.o)
                0x6fc81f60                fflush
 .text          0x6fc81f68        0x8 c:/mingw/bin/../lib/gcc/mingw32/4.5.0/../../../libmsvcrt.a(duyms00676.o)
                0x6fc81f68                malloc
 .text          0x6fc81f70        0x8 c:/mingw/bin/../lib/gcc/mingw32/4.5.0/../../../libmsvcrt.a(duyms00182.o)
                0x6fc81f70                _errno
 .text          0x6fc81f78        0x8 c:/mingw/bin/../lib/gcc/mingw32/4.5.0/../../../libmsvcrt.a(duyms00672.o)
                0x6fc81f78                localtime
 .text          0x6fc81f80        0x8 c:/mingw/bin/../lib/gcc/mingw32/4.5.0/../../../libmsvcrt.a(duyms00721.o)
                0x6fc81f80                strlen
 .text          0x6fc81f88        0x0 c:/mingw/bin/../lib/gcc/mingw32/4.5.0/../../../libmsvcrt.a(duyms00538.o)
 .text          0x6fc81f88        0x0 c:/mingw/bin/../lib/gcc/mingw32/4.5.0/../../../libmsvcrt.a(duyms00266.o)
 .text          0x6fc81f88        0x8 c:/mingw/bin/../lib/gcc/mingw32/4.5.0/../../../libmsvcrt.a(duyms00633.o)
                0x6fc81f88                fwrite
 .text          0x6fc81f90        0x8 c:/mingw/bin/../lib/gcc/mingw32/4.5.0/../../../libmsvcrt.a(duyms00748.o)
                0x6fc81f90                vfprintf
 .text          0x6fc81f98        0x8 c:/mingw/bin/../lib/gcc/mingw32/4.5.0/../../../libmsvcrt.a(duyms00583.o)
                0x6fc81f98                abort
 .text          0x6fc81fa0        0x8 c:/mingw/bin/../lib/gcc/mingw32/4.5.0/../../../libmsvcrt.a(duyms00682.o)
                0x6fc81fa0                memcpy
 .text          0x6fc81fa8        0x8 c:/mingw/bin/../lib/gcc/mingw32/4.5.0/../../../libmsvcrt.a(duyms00595.o)
                0x6fc81fa8                calloc
 .text          0x6fc81fb0        0x0 c:/mingw/bin/../lib/gcc/mingw32/4.5.0/../../../libmsvcrt.a(duymh.o)
 .text          0x6fc81fb0        0x0 c:/mingw/bin/../lib/gcc/mingw32/4.5.0/../../../libmsvcrt.a(duymt.o)
 .text          0x6fc81fb0        0x8 c:/mingw/bin/../lib/gcc/mingw32/4.5.0/../../../libkernel32.a(dkjes00337.o)
                0x6fc81fb0                GetModuleHandleA@4
 .text          0x6fc81fb8        0x8 c:/mingw/bin/../lib/gcc/mingw32/4.5.0/../../../libkernel32.a(dkjes00364.o)
                0x6fc81fb8                GetProcAddress@8
 .text          0x6fc81fc0        0x8 c:/mingw/bin/../lib/gcc/mingw32/4.5.0/../../../libkernel32.a(dkjes00524.o)
                0x6fc81fc0                LoadLibraryA@4
 .text          0x6fc81fc8        0x8 c:/mingw/bin/../lib/gcc/mingw32/4.5.0/../../../libkernel32.a(dkjes00214.o)
                0x6fc81fc8                FreeLibrary@4
 .text          0x6fc81fd0        0x8 c:/mingw/bin/../lib/gcc/mingw32/4.5.0/../../../libkernel32.a(dkjes00801.o)
                0x6fc81fd0                VirtualQuery@12
 .text          0x6fc81fd8        0x8 c:/mingw/bin/../lib/gcc/mingw32/4.5.0/../../../libkernel32.a(dkjes00798.o)
                0x6fc81fd8                VirtualProtect@16
 .text          0x6fc81fe0        0x8 c:/mingw/bin/../lib/gcc/mingw32/4.5.0/../../../libkernel32.a(dkjes00765.o)
                0x6fc81fe0                TlsGetValue@4
 .text          0x6fc81fe8        0x8 c:/mingw/bin/../lib/gcc/mingw32/4.5.0/../../../libkernel32.a(dkjes00325.o)
                0x6fc81fe8                GetLastError@0
 .text          0x6fc81ff0        0x8 c:/mingw/bin/../lib/gcc/mingw32/4.5.0/../../../libkernel32.a(dkjes00107.o)
                0x6fc81ff0                DeleteCriticalSection@4
 .text          0x6fc81ff8        0x8 c:/mingw/bin/../lib/gcc/mingw32/4.5.0/../../../libkernel32.a(dkjes00492.o)
                0x6fc81ff8                InitializeCriticalSection@4
 .text          0x6fc82000        0x8 c:/mingw/bin/../lib/gcc/mingw32/4.5.0/../../../libkernel32.a(dkjes00126.o)
                0x6fc82000                EnterCriticalSection@4
 .text          0x6fc82008        0x8 c:/mingw/bin/../lib/gcc/mingw32/4.5.0/../../../libkernel32.a(dkjes00523.o)
                0x6fc82008                LeaveCriticalSection@4
 .text          0x6fc82010        0x0 c:/mingw/bin/../lib/gcc/mingw32/4.5.0/../../../libkernel32.a(dkjeh.o)
 .text          0x6fc82010        0x0 c:/mingw/bin/../lib/gcc/mingw32/4.5.0/../../../libkernel32.a(dkjet.o)
 .text          0x6fc82010       0x1c c:/mingw/bin/../lib/gcc/mingw32/4.5.0/crtend.o
 .text          0x6fc8202c        0x8 d000001.o
                0x6fc8202c                imrp_application_register_writer
 .text          0x6fc82034        0x8 d000002.o
                0x6fc82034                mrp_error_quark
 .text          0x6fc8203c        0x8 d000003.o
                0x6fc8203c                mrp_paths_get_stylesheet_dir
 .text          0x6fc82044        0x8 d000004.o
                0x6fc82044                mrp_project_save_to_xml
 .text          0x6fc8204c        0x8 d000005.o
                0x6fc8204c                mrp_time_format
 .text          0x6fc82054        0x8 d000006.o
                0x6fc82054                mrp_time_from_tm
 *(SORT(.text$*))
 *(.text.*)
 *(.glue_7t)
 *(.glue_7)
                0x6fc8205c                ___CTOR_LIST__ = .
                0x6fc8205c                __CTOR_LIST__ = .
                0x6fc8205c        0x4 LONG 0xffffffff
 *(.ctors)
 *(.ctor)
 *(SORT(.ctors.*))
 .ctors.65535   0x6fc82060        0x4 c:/mingw/bin/../lib/gcc/mingw32/4.5.0/crtend.o
                0x6fc82064        0x4 LONG 0x0
                0x6fc82068                ___DTOR_LIST__ = .
                0x6fc82068                __DTOR_LIST__ = .
                0x6fc82068        0x4 LONG 0xffffffff
 *(.dtors)
 *(.dtor)
 *(SORT(.dtors.*))
                0x6fc8206c        0x4 LONG 0x0
 *(.fini)
 *(.gcc_exc)
                0x6fc82070                PROVIDE (etext, .)
 *(.gcc_except_table)

.data           0x6fc83000      0x200
                0x6fc83000                __data_start__ = .
 *(.data)
 .data          0x6fc83000        0x0 c:/mingw/bin/../lib/gcc/mingw32/4.5.0/../../../dllcrt2.o
 .data          0x6fc83000        0x0 c:/mingw/bin/../lib/gcc/mingw32/4.5.0/crtbegin.o
 .data          0x6fc83000        0x0 mrp-xsl.o
 .data          0x6fc83000        0x0 c:/mingw/bin/../lib/gcc/mingw32/4.5.0/../../../libmingw32.a(tlssup.o)
 .data          0x6fc83000        0x0 c:/mingw/bin/../lib/gcc/mingw32/4.5.0/../../../libmingw32.a(pseudo-reloc.o)
 .data          0x6fc83000        0x4 c:/mingw/bin/../lib/gcc/mingw32/4.5.0/../../../libmingw32.a(gccmain.o)
 .data          0x6fc83004        0x0 c:/mingw/bin/../lib/gcc/mingw32/4.5.0/../../../libmingw32.a(dllmain.o)
 .data          0x6fc83004        0x0 c:/mingw/bin/../lib/gcc/mingw32/4.5.0/../../../libmingw32.a(crtst.o)
 .data          0x6fc83004        0x0 c:/mingw/bin/../lib/gcc/mingw32/4.5.0/../../../libmingw32.a(tlsthrd.o)
 .data          0x6fc83004        0x0 c:/mingw/bin/../lib/gcc/mingw32/4.5.0/../../../libmingw32.a(pseudo-reloc-list.o)
 .data          0x6fc83004        0x0 c:/mingw/bin/../lib/gcc/mingw32/4.5.0/libgcc.a(_ctors.o)
 .data          0x6fc83004        0x0 c:/mingw/bin/../lib/gcc/mingw32/4.5.0/../../../libmsvcrt.a(duyms00052.o)
 .data          0x6fc83004        0x0 c:/mingw/bin/../lib/gcc/mingw32/4.5.0/../../../libmsvcrt.a(duyms00625.o)
 .data          0x6fc83004        0x0 c:/mingw/bin/../lib/gcc/mingw32/4.5.0/../../../libmsvcrt.a(duyms00610.o)
 .data          0x6fc83004        0x0 c:/mingw/bin/../lib/gcc/mingw32/4.5.0/../../../libmsvcrt.a(duyms00676.o)
 .data          0x6fc83004        0x0 c:/mingw/bin/../lib/gcc/mingw32/4.5.0/../../../libmsvcrt.a(duyms00182.o)
 .data          0x6fc83004        0x0 c:/mingw/bin/../lib/gcc/mingw32/4.5.0/../../../libmsvcrt.a(duyms00672.o)
 .data          0x6fc83004        0x0 c:/mingw/bin/../lib/gcc/mingw32/4.5.0/../../../libmsvcrt.a(duyms00721.o)
 .data          0x6fc83004        0x0 c:/mingw/bin/../lib/gcc/mingw32/4.5.0/../../../libmsvcrt.a(duyms00538.o)
 .data          0x6fc83004        0x0 c:/mingw/bin/../lib/gcc/mingw32/4.5.0/../../../libmsvcrt.a(duyms00266.o)
 .data          0x6fc83004        0x0 c:/mingw/bin/../lib/gcc/mingw32/4.5.0/../../../libmsvcrt.a(duyms00633.o)
 .data          0x6fc83004        0x0 c:/mingw/bin/../lib/gcc/mingw32/4.5.0/../../../libmsvcrt.a(duyms00748.o)
 .data          0x6fc83004        0x0 c:/mingw/bin/../lib/gcc/mingw32/4.5.0/../../../libmsvcrt.a(duyms00583.o)
 .data          0x6fc83004        0x0 c:/mingw/bin/../lib/gcc/mingw32/4.5.0/../../../libmsvcrt.a(duyms00682.o)
 .data          0x6fc83004        0x0 c:/mingw/bin/../lib/gcc/mingw32/4.5.0/../../../libmsvcrt.a(duyms00595.o)
 .data          0x6fc83004        0x0 c:/mingw/bin/../lib/gcc/mingw32/4.5.0/../../../libmsvcrt.a(duymh.o)
 .data          0x6fc83004        0x0 c:/mingw/bin/../lib/gcc/mingw32/4.5.0/../../../libmsvcrt.a(duymt.o)
 .data          0x6fc83004        0x0 c:/mingw/bin/../lib/gcc/mingw32/4.5.0/../../../libkernel32.a(dkjes00337.o)
 .data          0x6fc83004        0x0 c:/mingw/bin/../lib/gcc/mingw32/4.5.0/../../../libkernel32.a(dkjes00364.o)
 .data          0x6fc83004        0x0 c:/mingw/bin/../lib/gcc/mingw32/4.5.0/../../../libkernel32.a(dkjes00524.o)
 .data          0x6fc83004        0x0 c:/mingw/bin/../lib/gcc/mingw32/4.5.0/../../../libkernel32.a(dkjes00214.o)
 .data          0x6fc83004        0x0 c:/mingw/bin/../lib/gcc/mingw32/4.5.0/../../../libkernel32.a(dkjes00801.o)
 .data          0x6fc83004        0x0 c:/mingw/bin/../lib/gcc/mingw32/4.5.0/../../../libkernel32.a(dkjes00798.o)
 .data          0x6fc83004        0x0 c:/mingw/bin/../lib/gcc/mingw32/4.5.0/../../../libkernel32.a(dkjes00765.o)
 .data          0x6fc83004        0x0 c:/mingw/bin/../lib/gcc/mingw32/4.5.0/../../../libkernel32.a(dkjes00325.o)
 .data          0x6fc83004        0x0 c:/mingw/bin/../lib/gcc/mingw32/4.5.0/../../../libkernel32.a(dkjes00107.o)
 .data          0x6fc83004        0x0 c:/mingw/bin/../lib/gcc/mingw32/4.5.0/../../../libkernel32.a(dkjes00492.o)
 .data          0x6fc83004        0x0 c:/mingw/bin/../lib/gcc/mingw32/4.5.0/../../../libkernel32.a(dkjes00126.o)
 .data          0x6fc83004        0x0 c:/mingw/bin/../lib/gcc/mingw32/4.5.0/../../../libkernel32.a(dkjes00523.o)
 .data          0x6fc83004        0x0 c:/mingw/bin/../lib/gcc/mingw32/4.5.0/../../../libkernel32.a(dkjeh.o)
 .data          0x6fc83004        0x0 c:/mingw/bin/../lib/gcc/mingw32/4.5.0/../../../libkernel32.a(dkjet.o)
 .data          0x6fc83004        0x0 c:/mingw/bin/../lib/gcc/mingw32/4.5.0/crtend.o
 *(.data2)
 *(SORT(.data$*))
 *(.jcr)
 .jcr           0x6fc83004        0x0 c:/mingw/bin/../lib/gcc/mingw32/4.5.0/crtbegin.o
 .jcr           0x6fc83004        0x4 c:/mingw/bin/../lib/gcc/mingw32/4.5.0/crtend.o
                0x6fc83008                __data_end__ = .
 *(.data_cygwin_nocopy)

.rdata          0x6fc84000      0x400
 *(.rdata)
 .rdata         0x6fc84000       0x64 c:/mingw/bin/../lib/gcc/mingw32/4.5.0/crtbegin.o
 .rdata         0x6fc84064       0xb8 mrp-xsl.o
 .rdata         0x6fc8411c       0x40 c:/mingw/bin/../lib/gcc/mingw32/4.5.0/../../../libmingw32.a(tlssup.o)
                0x6fc84158                __dyn_tls_init_callback
 .rdata         0x6fc8415c       0xac c:/mingw/bin/../lib/gcc/mingw32/4.5.0/../../../libmingw32.a(pseudo-reloc.o)
 *(SORT(.rdata$*))
                0x6fc84208                ___RUNTIME_PSEUDO_RELOC_LIST__ = .
                0x6fc84208                __RUNTIME_PSEUDO_RELOC_LIST__ = .
 *(.rdata_runtime_pseudo_reloc)
                0x6fc84208                ___RUNTIME_PSEUDO_RELOC_LIST_END__ = .
                0x6fc84208                __RUNTIME_PSEUDO_RELOC_LIST_END__ = .

.eh_frame       0x6fc85000      0x200
 *(.eh_frame)
 .eh_frame      0x6fc85000        0x0 c:/mingw/bin/../lib/gcc/mingw32/4.5.0/crtbegin.o
 .eh_frame      0x6fc85000        0x4 c:/mingw/bin/../lib/gcc/mingw32/4.5.0/crtend.o

.pdata
 *(.pdata)

.bss            0x6fc86000      0x104
                0x6fc86000                __bss_start__ = .
 *(.bss)
 .bss           0x6fc86000       0x20 c:/mingw/bin/../lib/gcc/mingw32/4.5.0/../../../dllcrt2.o
 .bss           0x6fc86020       0x18 c:/mingw/bin/../lib/gcc/mingw32/4.5.0/crtbegin.o
 .bss           0x6fc86038        0x0 mrp-xsl.o
 .bss           0x6fc86038       0x20 c:/mingw/bin/../lib/gcc/mingw32/4.5.0/../../../libmingw32.a(tlssup.o)
                0x6fc86038                _tls_index
                0x6fc8603c                mingw_initltsdrot_force
                0x6fc86040                mingw_initltsdyn_force
                0x6fc86044                mingw_initltssuo_force
 .bss           0x6fc86058       0x10 c:/mingw/bin/../lib/gcc/mingw32/4.5.0/../../../libmingw32.a(pseudo-reloc.o)
 .bss           0x6fc86068       0x10 c:/mingw/bin/../lib/gcc/mingw32/4.5.0/../../../libmingw32.a(gccmain.o)
 .bss           0x6fc86078        0x0 c:/mingw/bin/../lib/gcc/mingw32/4.5.0/../../../libmingw32.a(dllmain.o)
 .bss           0x6fc86078        0x4 c:/mingw/bin/../lib/gcc/mingw32/4.5.0/../../../libmingw32.a(crtst.o)
                0x6fc86078                _CRT_MT
 *fill*         0x6fc8607c        0x4 00
 .bss           0x6fc86080       0x40 c:/mingw/bin/../lib/gcc/mingw32/4.5.0/../../../libmingw32.a(tlsthrd.o)
 .bss           0x6fc860c0        0x4 c:/mingw/bin/../lib/gcc/mingw32/4.5.0/../../../libmingw32.a(pseudo-reloc-list.o)
 .bss           0x6fc860c4        0x0 c:/mingw/bin/../lib/gcc/mingw32/4.5.0/libgcc.a(_ctors.o)
 .bss           0x6fc860c4        0x0 c:/mingw/bin/../lib/gcc/mingw32/4.5.0/../../../libmsvcrt.a(duyms00052.o)
 .bss           0x6fc860c4        0x0 c:/mingw/bin/../lib/gcc/mingw32/4.5.0/../../../libmsvcrt.a(duyms00625.o)
 .bss           0x6fc860c4        0x0 c:/mingw/bin/../lib/gcc/mingw32/4.5.0/../../../libmsvcrt.a(duyms00610.o)
 .bss           0x6fc860c4        0x0 c:/mingw/bin/../lib/gcc/mingw32/4.5.0/../../../libmsvcrt.a(duyms00676.o)
 .bss           0x6fc860c4        0x0 c:/mingw/bin/../lib/gcc/mingw32/4.5.0/../../../libmsvcrt.a(duyms00182.o)
 .bss           0x6fc860c4        0x0 c:/mingw/bin/../lib/gcc/mingw32/4.5.0/../../../libmsvcrt.a(duyms00672.o)
 .bss           0x6fc860c4        0x0 c:/mingw/bin/../lib/gcc/mingw32/4.5.0/../../../libmsvcrt.a(duyms00721.o)
 .bss           0x6fc860c4        0x0 c:/mingw/bin/../lib/gcc/mingw32/4.5.0/../../../libmsvcrt.a(duyms00538.o)
 .bss           0x6fc860c4        0x0 c:/mingw/bin/../lib/gcc/mingw32/4.5.0/../../../libmsvcrt.a(duyms00266.o)
 .bss           0x6fc860c4        0x0 c:/mingw/bin/../lib/gcc/mingw32/4.5.0/../../../libmsvcrt.a(duyms00633.o)
 .bss           0x6fc860c4        0x0 c:/mingw/bin/../lib/gcc/mingw32/4.5.0/../../../libmsvcrt.a(duyms00748.o)
 .bss           0x6fc860c4        0x0 c:/mingw/bin/../lib/gcc/mingw32/4.5.0/../../../libmsvcrt.a(duyms00583.o)
 .bss           0x6fc860c4        0x0 c:/mingw/bin/../lib/gcc/mingw32/4.5.0/../../../libmsvcrt.a(duyms00682.o)
 .bss           0x6fc860c4        0x0 c:/mingw/bin/../lib/gcc/mingw32/4.5.0/../../../libmsvcrt.a(duyms00595.o)
 .bss           0x6fc860c4        0x0 c:/mingw/bin/../lib/gcc/mingw32/4.5.0/../../../libmsvcrt.a(duymh.o)
 .bss           0x6fc860c4        0x0 c:/mingw/bin/../lib/gcc/mingw32/4.5.0/../../../libmsvcrt.a(duymt.o)
 .bss           0x6fc860c4        0x0 c:/mingw/bin/../lib/gcc/mingw32/4.5.0/../../../libkernel32.a(dkjes00337.o)
 .bss           0x6fc860c4        0x0 c:/mingw/bin/../lib/gcc/mingw32/4.5.0/../../../libkernel32.a(dkjes00364.o)
 .bss           0x6fc860c4        0x0 c:/mingw/bin/../lib/gcc/mingw32/4.5.0/../../../libkernel32.a(dkjes00524.o)
 .bss           0x6fc860c4        0x0 c:/mingw/bin/../lib/gcc/mingw32/4.5.0/../../../libkernel32.a(dkjes00214.o)
 .bss           0x6fc860c4        0x0 c:/mingw/bin/../lib/gcc/mingw32/4.5.0/../../../libkernel32.a(dkjes00801.o)
 .bss           0x6fc860c4        0x0 c:/mingw/bin/../lib/gcc/mingw32/4.5.0/../../../libkernel32.a(dkjes00798.o)
 .bss           0x6fc860c4        0x0 c:/mingw/bin/../lib/gcc/mingw32/4.5.0/../../../libkernel32.a(dkjes00765.o)
 .bss           0x6fc860c4        0x0 c:/mingw/bin/../lib/gcc/mingw32/4.5.0/../../../libkernel32.a(dkjes00325.o)
 .bss           0x6fc860c4        0x0 c:/mingw/bin/../lib/gcc/mingw32/4.5.0/../../../libkernel32.a(dkjes00107.o)
 .bss           0x6fc860c4        0x0 c:/mingw/bin/../lib/gcc/mingw32/4.5.0/../../../libkernel32.a(dkjes00492.o)
 .bss           0x6fc860c4        0x0 c:/mingw/bin/../lib/gcc/mingw32/4.5.0/../../../libkernel32.a(dkjes00126.o)
 .bss           0x6fc860c4        0x0 c:/mingw/bin/../lib/gcc/mingw32/4.5.0/../../../libkernel32.a(dkjes00523.o)
 .bss           0x6fc860c4        0x0 c:/mingw/bin/../lib/gcc/mingw32/4.5.0/../../../libkernel32.a(dkjeh.o)
 .bss           0x6fc860c4        0x0 c:/mingw/bin/../lib/gcc/mingw32/4.5.0/../../../libkernel32.a(dkjet.o)
 .bss           0x6fc860c4        0x0 c:/mingw/bin/../lib/gcc/mingw32/4.5.0/crtend.o
 *(COMMON)
 COMMON         0x6fc860c4       0x30 c:/mingw/bin/../lib/gcc/mingw32/4.5.0/../../../libmingw32.a(tlssup.o)
                0x6fc860c4                __mingw_gMTKeyDtor
                0x6fc860d4                __mingw_gMTRemoveKeyDtor
                0x6fc860e4                __mingw_usemthread_dll
 COMMON         0x6fc860f4       0x10 c:/mingw/bin/../lib/gcc/mingw32/4.5.0/libgcc.a(_ctors.o)
                0x6fc86104                __bss_end__ = .

.edata          0x6fc87000      0x200
 *(.edata)
 .edata         0x6fc87000       0x46 dll stuff

/DISCARD/
 *(.debug$S)
 *(.debug$T)
 *(.debug$F)
 *(.drectve)
 *(.note.GNU-stack)
 *(.gnu.lto_*)

.idata          0x6fc88000      0x800
 SORT(*)(.idata$2)
 .idata$2       0x6fc88000       0x14 C:/MinGW/msys/1.0/dev/lib/libexslt.lib(libexslt.dll.a)
                0x6fc88000                _IMPORT_DESCRIPTOR_libexslt
 .idata$2       0x6fc88014       0x14 C:/MinGW/msys/1.0/dev/lib/libglib-2.0.dll.a(d000000.o)
                0x6fc88014                _head_libglib_2_0_0_dll
 .idata$2       0x6fc88028       0x14 C:/MinGW/msys/1.0/dev/lib/libintl.dll.a(d000000.o)
                0x6fc88028                _head_intl_dll
 .idata$2       0x6fc8803c       0x14 C:/MinGW/msys/1.0/dev/lib/libxml2.dll.a(d000000.o)
                0x6fc8803c                _head_libxml2_2_dll
 .idata$2       0x6fc88050       0x14 C:/MinGW/msys/1.0/dev/lib/libxslt.lib(libxslt.dll.a)
                0x6fc88050                _IMPORT_DESCRIPTOR_libxslt
 .idata$2       0x6fc88064       0x14 c:/mingw/bin/../lib/gcc/mingw32/4.5.0/../../../libkernel32.a(dkjeh.o)
                0x6fc88064                _head_libkernel32_a
 .idata$2       0x6fc88078       0x14 c:/mingw/bin/../lib/gcc/mingw32/4.5.0/../../../libmsvcrt.a(duymh.o)
                0x6fc88078                _head_libmsvcrt_a
 .idata$2       0x6fc8808c       0x14 d000000.o
                0x6fc8808c                _head_libplanner_1_dll
 SORT(*)(.idata$3)
 .idata$3       0x6fc880a0       0x14 C:/MinGW/msys/1.0/dev/lib/libexslt.lib(libexslt.dll.c)
                0x6fc880a0                _NULL_IMPORT_DESCRIPTOR
                0x6fc880b4        0x4 LONG 0x0
                0x6fc880b8        0x4 LONG 0x0
                0x6fc880bc        0x4 LONG 0x0
                0x6fc880c0        0x4 LONG 0x0
                0x6fc880c4        0x4 LONG 0x0
 SORT(*)(.idata$4)
 .idata$4       0x6fc880c8        0x0 C:/MinGW/msys/1.0/dev/lib/libexslt.lib(libexslt.dll.a)
 .idata$4       0x6fc880c8        0x4 C:/MinGW/msys/1.0/dev/lib/libexslt.lib(libexslt.dll.b)
 .idata$4       0x6fc880cc        0x4 C:/MinGW/msys/1.0/dev/lib/libexslt.lib(libexslt.dll.c)
 .idata$4       0x6fc880d0        0x0 C:/MinGW/msys/1.0/dev/lib/libglib-2.0.dll.a(d000000.o)
 .idata$4       0x6fc880d0        0x4 C:/MinGW/msys/1.0/dev/lib/libglib-2.0.dll.a(d000324.o)
 .idata$4       0x6fc880d4        0x4 C:/MinGW/msys/1.0/dev/lib/libglib-2.0.dll.a(d000583.o)
 .idata$4       0x6fc880d8        0x4 C:/MinGW/msys/1.0/dev/lib/libglib-2.0.dll.a(d000891.o)
 .idata$4       0x6fc880dc        0x4 C:/MinGW/msys/1.0/dev/lib/libglib-2.0.dll.a(d001426.o)
 .idata$4       0x6fc880e0        0x0 C:/MinGW/msys/1.0/dev/lib/libintl.dll.a(d000000.o)
 .idata$4       0x6fc880e0        0x4 C:/MinGW/msys/1.0/dev/lib/libintl.dll.a(d000017.o)
 .idata$4       0x6fc880e4        0x4 C:/MinGW/msys/1.0/dev/lib/libintl.dll.a(d000031.o)
 .idata$4       0x6fc880e8        0x0 C:/MinGW/msys/1.0/dev/lib/libxml2.dll.a(d000000.o)
 .idata$4       0x6fc880e8        0x4 C:/MinGW/msys/1.0/dev/lib/libxml2.dll.a(d000020.o)
 .idata$4       0x6fc880ec        0x4 C:/MinGW/msys/1.0/dev/lib/libxml2.dll.a(d000150.o)
 .idata$4       0x6fc880f0        0x4 C:/MinGW/msys/1.0/dev/lib/libxml2.dll.a(d000151.o)
 .idata$4       0x6fc880f4        0x4 C:/MinGW/msys/1.0/dev/lib/libxml2.dll.a(d000391.o)
 .idata$4       0x6fc880f8        0x4 C:/MinGW/msys/1.0/dev/lib/libxml2.dll.a(d000755.o)
 .idata$4       0x6fc880fc        0x4 C:/MinGW/msys/1.0/dev/lib/libxml2.dll.a(d001092.o)
 .idata$4       0x6fc88100        0x4 C:/MinGW/msys/1.0/dev/lib/libxml2.dll.a(d001507.o)
 .idata$4       0x6fc88104        0x4 C:/MinGW/msys/1.0/dev/lib/libxml2.dll.a(d001557.o)
 .idata$4       0x6fc88108        0x4 C:/MinGW/msys/1.0/dev/lib/libxml2.dll.a(d001657.o)
 .idata$4       0x6fc8810c        0x0 C:/MinGW/msys/1.0/dev/lib/libxslt.lib(libxslt.dll.a)
 .idata$4       0x6fc8810c        0x4 C:/MinGW/msys/1.0/dev/lib/libxslt.lib(libxslt.dll.b)
 .idata$4       0x6fc88110        0x4 C:/MinGW/msys/1.0/dev/lib/libxslt.lib(libxslt.dll.b)
 .idata$4       0x6fc88114        0x4 C:/MinGW/msys/1.0/dev/lib/libxslt.lib(libxslt.dll.b)
 .idata$4       0x6fc88118        0x4 C:/MinGW/msys/1.0/dev/lib/libxslt.lib(libxslt.dll.b)
 .idata$4       0x6fc8811c        0x4 C:/MinGW/msys/1.0/dev/lib/libxslt.lib(libxslt.dll.b)
 .idata$4       0x6fc88120        0x4 C:/MinGW/msys/1.0/dev/lib/libxslt.lib(libxslt.dll.b)
 .idata$4       0x6fc88124        0x4 C:/MinGW/msys/1.0/dev/lib/libxslt.lib(libxslt.dll.c)
 .idata$4       0x6fc88128        0x0 c:/mingw/bin/../lib/gcc/mingw32/4.5.0/../../../libkernel32.a(dkjeh.o)
 .idata$4       0x6fc88128        0x4 c:/mingw/bin/../lib/gcc/mingw32/4.5.0/../../../libkernel32.a(dkjes00107.o)
 .idata$4       0x6fc8812c        0x4 c:/mingw/bin/../lib/gcc/mingw32/4.5.0/../../../libkernel32.a(dkjes00126.o)
 .idata$4       0x6fc88130        0x4 c:/mingw/bin/../lib/gcc/mingw32/4.5.0/../../../libkernel32.a(dkjes00214.o)
 .idata$4       0x6fc88134        0x4 c:/mingw/bin/../lib/gcc/mingw32/4.5.0/../../../libkernel32.a(dkjes00325.o)
 .idata$4       0x6fc88138        0x4 c:/mingw/bin/../lib/gcc/mingw32/4.5.0/../../../libkernel32.a(dkjes00337.o)
 .idata$4       0x6fc8813c        0x4 c:/mingw/bin/../lib/gcc/mingw32/4.5.0/../../../libkernel32.a(dkjes00364.o)
 .idata$4       0x6fc88140        0x4 c:/mingw/bin/../lib/gcc/mingw32/4.5.0/../../../libkernel32.a(dkjes00492.o)
 .idata$4       0x6fc88144        0x4 c:/mingw/bin/../lib/gcc/mingw32/4.5.0/../../../libkernel32.a(dkjes00523.o)
 .idata$4       0x6fc88148        0x4 c:/mingw/bin/../lib/gcc/mingw32/4.5.0/../../../libkernel32.a(dkjes00524.o)
 .idata$4       0x6fc8814c        0x4 c:/mingw/bin/../lib/gcc/mingw32/4.5.0/../../../libkernel32.a(dkjes00765.o)
 .idata$4       0x6fc88150        0x4 c:/mingw/bin/../lib/gcc/mingw32/4.5.0/../../../libkernel32.a(dkjes00798.o)
 .idata$4       0x6fc88154        0x4 c:/mingw/bin/../lib/gcc/mingw32/4.5.0/../../../libkernel32.a(dkjes00801.o)
 .idata$4       0x6fc88158        0x4 c:/mingw/bin/../lib/gcc/mingw32/4.5.0/../../../libkernel32.a(dkjet.o)
 .idata$4       0x6fc8815c        0x0 c:/mingw/bin/../lib/gcc/mingw32/4.5.0/../../../libmsvcrt.a(duymh.o)
 .idata$4       0x6fc8815c        0x4 c:/mingw/bin/../lib/gcc/mingw32/4.5.0/../../../libmsvcrt.a(duyms00052.o)
 .idata$4       0x6fc88160        0x4 c:/mingw/bin/../lib/gcc/mingw32/4.5.0/../../../libmsvcrt.a(duyms00182.o)
 .idata$4       0x6fc88164        0x4 c:/mingw/bin/../lib/gcc/mingw32/4.5.0/../../../libmsvcrt.a(duyms00266.o)
 .idata$4       0x6fc88168        0x4 c:/mingw/bin/../lib/gcc/mingw32/4.5.0/../../../libmsvcrt.a(duyms00538.o)
 .idata$4       0x6fc8816c        0x4 c:/mingw/bin/../lib/gcc/mingw32/4.5.0/../../../libmsvcrt.a(duyms00583.o)
 .idata$4       0x6fc88170        0x4 c:/mingw/bin/../lib/gcc/mingw32/4.5.0/../../../libmsvcrt.a(duyms00595.o)
 .idata$4       0x6fc88174        0x4 c:/mingw/bin/../lib/gcc/mingw32/4.5.0/../../../libmsvcrt.a(duyms00610.o)
 .idata$4       0x6fc88178        0x4 c:/mingw/bin/../lib/gcc/mingw32/4.5.0/../../../libmsvcrt.a(duyms00625.o)
 .idata$4       0x6fc8817c        0x4 c:/mingw/bin/../lib/gcc/mingw32/4.5.0/../../../libmsvcrt.a(duyms00633.o)
 .idata$4       0x6fc88180        0x4 c:/mingw/bin/../lib/gcc/mingw32/4.5.0/../../../libmsvcrt.a(duyms00672.o)
 .idata$4       0x6fc88184        0x4 c:/mingw/bin/../lib/gcc/mingw32/4.5.0/../../../libmsvcrt.a(duyms00676.o)
 .idata$4       0x6fc88188        0x4 c:/mingw/bin/../lib/gcc/mingw32/4.5.0/../../../libmsvcrt.a(duyms00682.o)
 .idata$4       0x6fc8818c        0x4 c:/mingw/bin/../lib/gcc/mingw32/4.5.0/../../../libmsvcrt.a(duyms00721.o)
 .idata$4       0x6fc88190        0x4 c:/mingw/bin/../lib/gcc/mingw32/4.5.0/../../../libmsvcrt.a(duyms00748.o)
 .idata$4       0x6fc88194        0x4 c:/mingw/bin/../lib/gcc/mingw32/4.5.0/../../../libmsvcrt.a(duymt.o)
 .idata$4       0x6fc88198        0x0 d000000.o
 .idata$4       0x6fc88198        0x4 d000001.o
 .idata$4       0x6fc8819c        0x4 d000002.o
 .idata$4       0x6fc881a0        0x4 d000003.o
 .idata$4       0x6fc881a4        0x4 d000004.o
 .idata$4       0x6fc881a8        0x4 d000005.o
 .idata$4       0x6fc881ac        0x4 d000006.o
 .idata$4       0x6fc881b0        0x4 d000007.o
 SORT(*)(.idata$5)
 .idata$5       0x6fc881b4        0x0 C:/MinGW/msys/1.0/dev/lib/libexslt.lib(libexslt.dll.a)
 .idata$5       0x6fc881b4        0x4 C:/MinGW/msys/1.0/dev/lib/libexslt.lib(libexslt.dll.b)
                0x6fc881b4                _imp__exsltRegisterAll
 .idata$5       0x6fc881b8        0x4 C:/MinGW/msys/1.0/dev/lib/libexslt.lib(libexslt.dll.c)
                0x6fc881b8                libexslt_NULL_THUNK_DATA
 .idata$5       0x6fc881bc        0x0 C:/MinGW/msys/1.0/dev/lib/libglib-2.0.dll.a(d000000.o)
 .idata$5       0x6fc881bc        0x4 C:/MinGW/msys/1.0/dev/lib/libglib-2.0.dll.a(d000324.o)
                0x6fc881bc                _imp__g_free
 .idata$5       0x6fc881c0        0x4 C:/MinGW/msys/1.0/dev/lib/libglib-2.0.dll.a(d000583.o)
                0x6fc881c0                _imp__g_malloc0_n
 .idata$5       0x6fc881c4        0x4 C:/MinGW/msys/1.0/dev/lib/libglib-2.0.dll.a(d000891.o)
                0x6fc881c4                _imp__g_set_error
 .idata$5       0x6fc881c8        0x4 C:/MinGW/msys/1.0/dev/lib/libglib-2.0.dll.a(d001426.o)
 .idata$5       0x6fc881cc        0x0 C:/MinGW/msys/1.0/dev/lib/libintl.dll.a(d000000.o)
 .idata$5       0x6fc881cc        0x4 C:/MinGW/msys/1.0/dev/lib/libintl.dll.a(d000017.o)
                0x6fc881cc                _imp__libintl_gettext
 .idata$5       0x6fc881d0        0x4 C:/MinGW/msys/1.0/dev/lib/libintl.dll.a(d000031.o)
 .idata$5       0x6fc881d4        0x0 C:/MinGW/msys/1.0/dev/lib/libxml2.dll.a(d000000.o)
 .idata$5       0x6fc881d4        0x4 C:/MinGW/msys/1.0/dev/lib/libxml2.dll.a(d000020.o)
                0x6fc881d4                _imp____xmlLoadExtDtdDefaultValue
 .idata$5       0x6fc881d8        0x4 C:/MinGW/msys/1.0/dev/lib/libxml2.dll.a(d000150.o)
                0x6fc881d8                _imp__valuePop
 .idata$5       0x6fc881dc        0x4 C:/MinGW/msys/1.0/dev/lib/libxml2.dll.a(d000151.o)
                0x6fc881dc                _imp__valuePush
 .idata$5       0x6fc881e0        0x4 C:/MinGW/msys/1.0/dev/lib/libxml2.dll.a(d000391.o)
                0x6fc881e0                _imp__xmlFree
 .idata$5       0x6fc881e4        0x4 C:/MinGW/msys/1.0/dev/lib/libxml2.dll.a(d000755.o)
                0x6fc881e4                _imp__xmlParseMemory
 .idata$5       0x6fc881e8        0x4 C:/MinGW/msys/1.0/dev/lib/libxml2.dll.a(d001092.o)
                0x6fc881e8                _imp__xmlSubstituteEntitiesDefault
 .idata$5       0x6fc881ec        0x4 C:/MinGW/msys/1.0/dev/lib/libxml2.dll.a(d001507.o)
                0x6fc881ec                _imp__xmlXPathConvertString
 .idata$5       0x6fc881f0        0x4 C:/MinGW/msys/1.0/dev/lib/libxml2.dll.a(d001557.o)
                0x6fc881f0                _imp__xmlXPathNewString
 .idata$5       0x6fc881f4        0x4 C:/MinGW/msys/1.0/dev/lib/libxml2.dll.a(d001657.o)
 .idata$5       0x6fc881f8        0x0 C:/MinGW/msys/1.0/dev/lib/libxslt.lib(libxslt.dll.a)
 .idata$5       0x6fc881f8        0x4 C:/MinGW/msys/1.0/dev/lib/libxslt.lib(libxslt.dll.b)
                0x6fc881f8                _imp__xsltRegisterExtFunction
 .idata$5       0x6fc881fc        0x4 C:/MinGW/msys/1.0/dev/lib/libxslt.lib(libxslt.dll.b)
                0x6fc881fc                _imp__xsltRegisterExtModule
 .idata$5       0x6fc88200        0x4 C:/MinGW/msys/1.0/dev/lib/libxslt.lib(libxslt.dll.b)
                0x6fc88200                _imp__xsltParseStylesheetFile
 .idata$5       0x6fc88204        0x4 C:/MinGW/msys/1.0/dev/lib/libxslt.lib(libxslt.dll.b)
                0x6fc88204                _imp__xsltApplyStylesheet
 .idata$5       0x6fc88208        0x4 C:/MinGW/msys/1.0/dev/lib/libxslt.lib(libxslt.dll.b)
                0x6fc88208                _imp__xsltSaveResultToFilename
 .idata$5       0x6fc8820c        0x4 C:/MinGW/msys/1.0/dev/lib/libxslt.lib(libxslt.dll.b)
                0x6fc8820c                _imp__xsltFreeStylesheet
 .idata$5       0x6fc88210        0x4 C:/MinGW/msys/1.0/dev/lib/libxslt.lib(libxslt.dll.c)
                0x6fc88210                libxslt_NULL_THUNK_DATA
 .idata$5       0x6fc88214        0x0 c:/mingw/bin/../lib/gcc/mingw32/4.5.0/../../../libkernel32.a(dkjeh.o)
 .idata$5       0x6fc88214        0x4 c:/mingw/bin/../lib/gcc/mingw32/4.5.0/../../../libkernel32.a(dkjes00107.o)
                0x6fc88214                _imp__DeleteCriticalSection@4
 .idata$5       0x6fc88218        0x4 c:/mingw/bin/../lib/gcc/mingw32/4.5.0/../../../libkernel32.a(dkjes00126.o)
                0x6fc88218                _imp__EnterCriticalSection@4
 .idata$5       0x6fc8821c        0x4 c:/mingw/bin/../lib/gcc/mingw32/4.5.0/../../../libkernel32.a(dkjes00214.o)
                0x6fc8821c                _imp__FreeLibrary@4
 .idata$5       0x6fc88220        0x4 c:/mingw/bin/../lib/gcc/mingw32/4.5.0/../../../libkernel32.a(dkjes00325.o)
                0x6fc88220                _imp__GetLastError@0
 .idata$5       0x6fc88224        0x4 c:/mingw/bin/../lib/gcc/mingw32/4.5.0/../../../libkernel32.a(dkjes00337.o)
                0x6fc88224                _imp__GetModuleHandleA@4
 .idata$5       0x6fc88228        0x4 c:/mingw/bin/../lib/gcc/mingw32/4.5.0/../../../libkernel32.a(dkjes00364.o)
                0x6fc88228                _imp__GetProcAddress@8
 .idata$5       0x6fc8822c        0x4 c:/mingw/bin/../lib/gcc/mingw32/4.5.0/../../../libkernel32.a(dkjes00492.o)
                0x6fc8822c                _imp__InitializeCriticalSection@4
 .idata$5       0x6fc88230        0x4 c:/mingw/bin/../lib/gcc/mingw32/4.5.0/../../../libkernel32.a(dkjes00523.o)
                0x6fc88230                _imp__LeaveCriticalSection@4
 .idata$5       0x6fc88234        0x4 c:/mingw/bin/../lib/gcc/mingw32/4.5.0/../../../libkernel32.a(dkjes00524.o)
                0x6fc88234                _imp__LoadLibraryA@4
 .idata$5       0x6fc88238        0x4 c:/mingw/bin/../lib/gcc/mingw32/4.5.0/../../../libkernel32.a(dkjes00765.o)
                0x6fc88238                _imp__TlsGetValue@4
 .idata$5       0x6fc8823c        0x4 c:/mingw/bin/../lib/gcc/mingw32/4.5.0/../../../libkernel32.a(dkjes00798.o)
                0x6fc8823c                _imp__VirtualProtect@16
 .idata$5       0x6fc88240        0x4 c:/mingw/bin/../lib/gcc/mingw32/4.5.0/../../../libkernel32.a(dkjes00801.o)
                0x6fc88240                _imp__VirtualQuery@12
 .idata$5       0x6fc88244        0x4 c:/mingw/bin/../lib/gcc/mingw32/4.5.0/../../../libkernel32.a(dkjet.o)
 .idata$5       0x6fc88248        0x0 c:/mingw/bin/../lib/gcc/mingw32/4.5.0/../../../libmsvcrt.a(duymh.o)
 .idata$5       0x6fc88248        0x4 c:/mingw/bin/../lib/gcc/mingw32/4.5.0/../../../libmsvcrt.a(duyms00052.o)
                0x6fc88248                _imp____dllonexit
 .idata$5       0x6fc8824c        0x4 c:/mingw/bin/../lib/gcc/mingw32/4.5.0/../../../libmsvcrt.a(duyms00182.o)
                0x6fc8824c                _imp___errno
 .idata$5       0x6fc88250        0x4 c:/mingw/bin/../lib/gcc/mingw32/4.5.0/../../../libmsvcrt.a(duyms00266.o)
                0x6fc88250                _imp___iob
 .idata$5       0x6fc88254        0x4 c:/mingw/bin/../lib/gcc/mingw32/4.5.0/../../../libmsvcrt.a(duyms00538.o)
                0x6fc88254                _imp___winmajor
 .idata$5       0x6fc88258        0x4 c:/mingw/bin/../lib/gcc/mingw32/4.5.0/../../../libmsvcrt.a(duyms00583.o)
                0x6fc88258                _imp__abort
 .idata$5       0x6fc8825c        0x4 c:/mingw/bin/../lib/gcc/mingw32/4.5.0/../../../libmsvcrt.a(duyms00595.o)
                0x6fc8825c                _imp__calloc
 .idata$5       0x6fc88260        0x4 c:/mingw/bin/../lib/gcc/mingw32/4.5.0/../../../libmsvcrt.a(duyms00610.o)
                0x6fc88260                _imp__fflush
 .idata$5       0x6fc88264        0x4 c:/mingw/bin/../lib/gcc/mingw32/4.5.0/../../../libmsvcrt.a(duyms00625.o)
                0x6fc88264                _imp__free
 .idata$5       0x6fc88268        0x4 c:/mingw/bin/../lib/gcc/mingw32/4.5.0/../../../libmsvcrt.a(duyms00633.o)
                0x6fc88268                _imp__fwrite
 .idata$5       0x6fc8826c        0x4 c:/mingw/bin/../lib/gcc/mingw32/4.5.0/../../../libmsvcrt.a(duyms00672.o)
                0x6fc8826c                _imp__localtime
 .idata$5       0x6fc88270        0x4 c:/mingw/bin/../lib/gcc/mingw32/4.5.0/../../../libmsvcrt.a(duyms00676.o)
                0x6fc88270                _imp__malloc
 .idata$5       0x6fc88274        0x4 c:/mingw/bin/../lib/gcc/mingw32/4.5.0/../../../libmsvcrt.a(duyms00682.o)
                0x6fc88274                _imp__memcpy
 .idata$5       0x6fc88278        0x4 c:/mingw/bin/../lib/gcc/mingw32/4.5.0/../../../libmsvcrt.a(duyms00721.o)
                0x6fc88278                _imp__strlen
 .idata$5       0x6fc8827c        0x4 c:/mingw/bin/../lib/gcc/mingw32/4.5.0/../../../libmsvcrt.a(duyms00748.o)
                0x6fc8827c                _imp__vfprintf
 .idata$5       0x6fc88280        0x4 c:/mingw/bin/../lib/gcc/mingw32/4.5.0/../../../libmsvcrt.a(duymt.o)
 .idata$5       0x6fc88284        0x0 d000000.o
 .idata$5       0x6fc88284        0x4 d000001.o
                0x6fc88284                _imp__imrp_application_register_writer
 .idata$5       0x6fc88288        0x4 d000002.o
                0x6fc88288                _imp__mrp_error_quark
 .idata$5       0x6fc8828c        0x4 d000003.o
                0x6fc8828c                _imp__mrp_paths_get_stylesheet_dir
 .idata$5       0x6fc88290        0x4 d000004.o
                0x6fc88290                _imp__mrp_project_save_to_xml
 .idata$5       0x6fc88294        0x4 d000005.o
                0x6fc88294                _imp__mrp_time_format
 .idata$5       0x6fc88298        0x4 d000006.o
                0x6fc88298                _imp__mrp_time_from_tm
 .idata$5       0x6fc8829c        0x4 d000007.o
 SORT(*)(.idata$6)
 .idata$6       0x6fc882a0        0xe C:/MinGW/msys/1.0/dev/lib/libexslt.lib(libexslt.dll.a)
 *fill*         0x6fc882ae        0x2 00
 .idata$6       0x6fc882b0       0x15 C:/MinGW/msys/1.0/dev/lib/libexslt.lib(libexslt.dll.b)
 *fill*         0x6fc882c5        0x3 00
 .idata$6       0x6fc882c8        0xc C:/MinGW/msys/1.0/dev/lib/libglib-2.0.dll.a(d000324.o)
 .idata$6       0x6fc882d4       0x10 C:/MinGW/msys/1.0/dev/lib/libglib-2.0.dll.a(d000583.o)
 .idata$6       0x6fc882e4       0x10 C:/MinGW/msys/1.0/dev/lib/libglib-2.0.dll.a(d000891.o)
 .idata$6       0x6fc882f4       0x14 C:/MinGW/msys/1.0/dev/lib/libintl.dll.a(d000017.o)
 .idata$6       0x6fc88308       0x20 C:/MinGW/msys/1.0/dev/lib/libxml2.dll.a(d000020.o)
 .idata$6       0x6fc88328        0xc C:/MinGW/msys/1.0/dev/lib/libxml2.dll.a(d000150.o)
 .idata$6       0x6fc88334        0xc C:/MinGW/msys/1.0/dev/lib/libxml2.dll.a(d000151.o)
 .idata$6       0x6fc88340        0xc C:/MinGW/msys/1.0/dev/lib/libxml2.dll.a(d000391.o)
                0x6fc88340                _nm__xmlFree
 .idata$6       0x6fc8834c       0x14 C:/MinGW/msys/1.0/dev/lib/libxml2.dll.a(d000755.o)
 .idata$6       0x6fc88360       0x20 C:/MinGW/msys/1.0/dev/lib/libxml2.dll.a(d001092.o)
 .idata$6       0x6fc88380       0x18 C:/MinGW/msys/1.0/dev/lib/libxml2.dll.a(d001507.o)
 .idata$6       0x6fc88398       0x14 C:/MinGW/msys/1.0/dev/lib/libxml2.dll.a(d001557.o)
 .idata$6       0x6fc883ac        0xc C:/MinGW/msys/1.0/dev/lib/libxslt.lib(libxslt.dll.a)
 .idata$6       0x6fc883b8       0x1c C:/MinGW/msys/1.0/dev/lib/libxslt.lib(libxslt.dll.b)
 .idata$6       0x6fc883d4       0x1a C:/MinGW/msys/1.0/dev/lib/libxslt.lib(libxslt.dll.b)
 *fill*         0x6fc883ee        0x2 00
 .idata$6       0x6fc883f0       0x1c C:/MinGW/msys/1.0/dev/lib/libxslt.lib(libxslt.dll.b)
 .idata$6       0x6fc8840c       0x18 C:/MinGW/msys/1.0/dev/lib/libxslt.lib(libxslt.dll.b)
 .idata$6       0x6fc88424       0x1d C:/MinGW/msys/1.0/dev/lib/libxslt.lib(libxslt.dll.b)
 *fill*         0x6fc88441        0x3 00
 .idata$6       0x6fc88444       0x17 C:/MinGW/msys/1.0/dev/lib/libxslt.lib(libxslt.dll.b)
 *fill*         0x6fc8845b        0x1 00
 .idata$6       0x6fc8845c       0x18 c:/mingw/bin/../lib/gcc/mingw32/4.5.0/../../../libkernel32.a(dkjes00107.o)
 .idata$6       0x6fc88474       0x18 c:/mingw/bin/../lib/gcc/mingw32/4.5.0/../../../libkernel32.a(dkjes00126.o)
 .idata$6       0x6fc8848c        0xe c:/mingw/bin/../lib/gcc/mingw32/4.5.0/../../../libkernel32.a(dkjes00214.o)
 .idata$6       0x6fc8849a       0x10 c:/mingw/bin/../lib/gcc/mingw32/4.5.0/../../../libkernel32.a(dkjes00325.o)
 .idata$6       0x6fc884aa       0x14 c:/mingw/bin/../lib/gcc/mingw32/4.5.0/../../../libkernel32.a(dkjes00337.o)
 .idata$6       0x6fc884be       0x12 c:/mingw/bin/../lib/gcc/mingw32/4.5.0/../../../libkernel32.a(dkjes00364.o)
 .idata$6       0x6fc884d0       0x1c c:/mingw/bin/../lib/gcc/mingw32/4.5.0/../../../libkernel32.a(dkjes00492.o)
 .idata$6       0x6fc884ec       0x18 c:/mingw/bin/../lib/gcc/mingw32/4.5.0/../../../libkernel32.a(dkjes00523.o)
 .idata$6       0x6fc88504       0x10 c:/mingw/bin/../lib/gcc/mingw32/4.5.0/../../../libkernel32.a(dkjes00524.o)
 .idata$6       0x6fc88514        0xe c:/mingw/bin/../lib/gcc/mingw32/4.5.0/../../../libkernel32.a(dkjes00765.o)
 .idata$6       0x6fc88522       0x12 c:/mingw/bin/../lib/gcc/mingw32/4.5.0/../../../libkernel32.a(dkjes00798.o)
 .idata$6       0x6fc88534       0x10 c:/mingw/bin/../lib/gcc/mingw32/4.5.0/../../../libkernel32.a(dkjes00801.o)
 .idata$6       0x6fc88544        0xe c:/mingw/bin/../lib/gcc/mingw32/4.5.0/../../../libmsvcrt.a(duyms00052.o)
 .idata$6       0x6fc88552        0xa c:/mingw/bin/../lib/gcc/mingw32/4.5.0/../../../libmsvcrt.a(duyms00182.o)
 .idata$6       0x6fc8855c        0x8 c:/mingw/bin/../lib/gcc/mingw32/4.5.0/../../../libmsvcrt.a(duyms00266.o)
 .idata$6       0x6fc88564        0xc c:/mingw/bin/../lib/gcc/mingw32/4.5.0/../../../libmsvcrt.a(duyms00538.o)
 .idata$6       0x6fc88570        0x8 c:/mingw/bin/../lib/gcc/mingw32/4.5.0/../../../libmsvcrt.a(duyms00583.o)
 .idata$6       0x6fc88578        0xa c:/mingw/bin/../lib/gcc/mingw32/4.5.0/../../../libmsvcrt.a(duyms00595.o)
 .idata$6       0x6fc88582        0xa c:/mingw/bin/../lib/gcc/mingw32/4.5.0/../../../libmsvcrt.a(duyms00610.o)
 .idata$6       0x6fc8858c        0x8 c:/mingw/bin/../lib/gcc/mingw32/4.5.0/../../../libmsvcrt.a(duyms00625.o)
 .idata$6       0x6fc88594        0xa c:/mingw/bin/../lib/gcc/mingw32/4.5.0/../../../libmsvcrt.a(duyms00633.o)
 .idata$6       0x6fc8859e        0xc c:/mingw/bin/../lib/gcc/mingw32/4.5.0/../../../libmsvcrt.a(duyms00672.o)
 .idata$6       0x6fc885aa        0xa c:/mingw/bin/../lib/gcc/mingw32/4.5.0/../../../libmsvcrt.a(duyms00676.o)
 .idata$6       0x6fc885b4        0xa c:/mingw/bin/../lib/gcc/mingw32/4.5.0/../../../libmsvcrt.a(duyms00682.o)
 .idata$6       0x6fc885be        0xa c:/mingw/bin/../lib/gcc/mingw32/4.5.0/../../../libmsvcrt.a(duyms00721.o)
 .idata$6       0x6fc885c8        0xc c:/mingw/bin/../lib/gcc/mingw32/4.5.0/../../../libmsvcrt.a(duyms00748.o)
 .idata$6       0x6fc885d4       0x24 d000001.o
 .idata$6       0x6fc885f8       0x14 d000002.o
 .idata$6       0x6fc8860c       0x20 d000003.o
 .idata$6       0x6fc8862c       0x1c d000004.o
 .idata$6       0x6fc88648       0x14 d000005.o
 .idata$6       0x6fc8865c       0x14 d000006.o
 SORT(*)(.idata$7)
 .idata$7       0x6fc88670        0x4 C:/MinGW/msys/1.0/dev/lib/libglib-2.0.dll.a(d000324.o)
 .idata$7       0x6fc88674        0x4 C:/MinGW/msys/1.0/dev/lib/libglib-2.0.dll.a(d000583.o)
 .idata$7       0x6fc88678        0x4 C:/MinGW/msys/1.0/dev/lib/libglib-2.0.dll.a(d000891.o)
 .idata$7       0x6fc8867c       0x14 C:/MinGW/msys/1.0/dev/lib/libglib-2.0.dll.a(d001426.o)
                0x6fc8867c                libglib_2_0_0_dll_iname
 .idata$7       0x6fc88690        0x4 C:/MinGW/msys/1.0/dev/lib/libintl.dll.a(d000017.o)
 .idata$7       0x6fc88694        0xc C:/MinGW/msys/1.0/dev/lib/libintl.dll.a(d000031.o)
                0x6fc88694                intl_dll_iname
 .idata$7       0x6fc886a0        0x4 C:/MinGW/msys/1.0/dev/lib/libxml2.dll.a(d000020.o)
 .idata$7       0x6fc886a4        0x4 C:/MinGW/msys/1.0/dev/lib/libxml2.dll.a(d000150.o)
 .idata$7       0x6fc886a8        0x4 C:/MinGW/msys/1.0/dev/lib/libxml2.dll.a(d000151.o)
 .idata$7       0x6fc886ac        0x4 C:/MinGW/msys/1.0/dev/lib/libxml2.dll.a(d000391.o)
 .idata$7       0x6fc886b0        0x4 C:/MinGW/msys/1.0/dev/lib/libxml2.dll.a(d000755.o)
 .idata$7       0x6fc886b4        0x4 C:/MinGW/msys/1.0/dev/lib/libxml2.dll.a(d001092.o)
 .idata$7       0x6fc886b8        0x4 C:/MinGW/msys/1.0/dev/lib/libxml2.dll.a(d001507.o)
 .idata$7       0x6fc886bc        0x4 C:/MinGW/msys/1.0/dev/lib/libxml2.dll.a(d001557.o)
 .idata$7       0x6fc886c0       0x10 C:/MinGW/msys/1.0/dev/lib/libxml2.dll.a(d001657.o)
                0x6fc886c0                libxml2_2_dll_iname
 .idata$7       0x6fc886d0        0x4 c:/mingw/bin/../lib/gcc/mingw32/4.5.0/../../../libkernel32.a(dkjes00107.o)
 .idata$7       0x6fc886d4        0x4 c:/mingw/bin/../lib/gcc/mingw32/4.5.0/../../../libkernel32.a(dkjes00126.o)
 .idata$7       0x6fc886d8        0x4 c:/mingw/bin/../lib/gcc/mingw32/4.5.0/../../../libkernel32.a(dkjes00214.o)
 .idata$7       0x6fc886dc        0x4 c:/mingw/bin/../lib/gcc/mingw32/4.5.0/../../../libkernel32.a(dkjes00325.o)
 .idata$7       0x6fc886e0        0x4 c:/mingw/bin/../lib/gcc/mingw32/4.5.0/../../../libkernel32.a(dkjes00337.o)
 .idata$7       0x6fc886e4        0x4 c:/mingw/bin/../lib/gcc/mingw32/4.5.0/../../../libkernel32.a(dkjes00364.o)
 .idata$7       0x6fc886e8        0x4 c:/mingw/bin/../lib/gcc/mingw32/4.5.0/../../../libkernel32.a(dkjes00492.o)
 .idata$7       0x6fc886ec        0x4 c:/mingw/bin/../lib/gcc/mingw32/4.5.0/../../../libkernel32.a(dkjes00523.o)
 .idata$7       0x6fc886f0        0x4 c:/mingw/bin/../lib/gcc/mingw32/4.5.0/../../../libkernel32.a(dkjes00524.o)
 .idata$7       0x6fc886f4        0x4 c:/mingw/bin/../lib/gcc/mingw32/4.5.0/../../../libkernel32.a(dkjes00765.o)
 .idata$7       0x6fc886f8        0x4 c:/mingw/bin/../lib/gcc/mingw32/4.5.0/../../../libkernel32.a(dkjes00798.o)
 .idata$7       0x6fc886fc        0x4 c:/mingw/bin/../lib/gcc/mingw32/4.5.0/../../../libkernel32.a(dkjes00801.o)
 .idata$7       0x6fc88700       0x10 c:/mingw/bin/../lib/gcc/mingw32/4.5.0/../../../libkernel32.a(dkjet.o)
                0x6fc88700                _libkernel32_a_iname
 .idata$7       0x6fc88710        0x4 c:/mingw/bin/../lib/gcc/mingw32/4.5.0/../../../libmsvcrt.a(duyms00052.o)
 .idata$7       0x6fc88714        0x4 c:/mingw/bin/../lib/gcc/mingw32/4.5.0/../../../libmsvcrt.a(duyms00182.o)
 .idata$7       0x6fc88718        0x4 c:/mingw/bin/../lib/gcc/mingw32/4.5.0/../../../libmsvcrt.a(duyms00266.o)
 .idata$7       0x6fc8871c        0x4 c:/mingw/bin/../lib/gcc/mingw32/4.5.0/../../../libmsvcrt.a(duyms00538.o)
 .idata$7       0x6fc88720        0x4 c:/mingw/bin/../lib/gcc/mingw32/4.5.0/../../../libmsvcrt.a(duyms00583.o)
 .idata$7       0x6fc88724        0x4 c:/mingw/bin/../lib/gcc/mingw32/4.5.0/../../../libmsvcrt.a(duyms00595.o)
 .idata$7       0x6fc88728        0x4 c:/mingw/bin/../lib/gcc/mingw32/4.5.0/../../../libmsvcrt.a(duyms00610.o)
 .idata$7       0x6fc8872c        0x4 c:/mingw/bin/../lib/gcc/mingw32/4.5.0/../../../libmsvcrt.a(duyms00625.o)
 .idata$7       0x6fc88730        0x4 c:/mingw/bin/../lib/gcc/mingw32/4.5.0/../../../libmsvcrt.a(duyms00633.o)
 .idata$7       0x6fc88734        0x4 c:/mingw/bin/../lib/gcc/mingw32/4.5.0/../../../libmsvcrt.a(duyms00672.o)
 .idata$7       0x6fc88738        0x4 c:/mingw/bin/../lib/gcc/mingw32/4.5.0/../../../libmsvcrt.a(duyms00676.o)
 .idata$7       0x6fc8873c        0x4 c:/mingw/bin/../lib/gcc/mingw32/4.5.0/../../../libmsvcrt.a(duyms00682.o)
 .idata$7       0x6fc88740        0x4 c:/mingw/bin/../lib/gcc/mingw32/4.5.0/../../../libmsvcrt.a(duyms00721.o)
 .idata$7       0x6fc88744        0x4 c:/mingw/bin/../lib/gcc/mingw32/4.5.0/../../../libmsvcrt.a(duyms00748.o)
 .idata$7       0x6fc88748        0xc c:/mingw/bin/../lib/gcc/mingw32/4.5.0/../../../libmsvcrt.a(duymt.o)
                0x6fc88748                _libmsvcrt_a_iname
 .idata$7       0x6fc88754        0x4 d000001.o
 .idata$7       0x6fc88758        0x4 d000002.o
 .idata$7       0x6fc8875c        0x4 d000003.o
 .idata$7       0x6fc88760        0x4 d000004.o
 .idata$7       0x6fc88764        0x4 d000005.o
 .idata$7       0x6fc88768        0x4 d000006.o
 .idata$7       0x6fc8876c       0x14 d000007.o
                0x6fc8876c                libplanner_1_dll_iname

.CRT            0x6fc89000      0x200
                0x6fc89000                ___crt_xc_start__ = .
 *(SORT(.CRT$XC*))
                0x6fc89000                ___crt_xc_end__ = .
                0x6fc89000                ___crt_xi_start__ = .
 *(SORT(.CRT$XI*))
                0x6fc89000                ___crt_xi_end__ = .
                0x6fc89000                ___crt_xl_start__ = .
 *(SORT(.CRT$XL*))
 .CRT$XLA       0x6fc89000        0x4 c:/mingw/bin/../lib/gcc/mingw32/4.5.0/../../../libmingw32.a(tlssup.o)
                0x6fc89000                __xl_a
 .CRT$XLC       0x6fc89004        0x4 c:/mingw/bin/../lib/gcc/mingw32/4.5.0/../../../libmingw32.a(tlssup.o)
                0x6fc89004                __xl_c
 .CRT$XLD       0x6fc89008        0x4 c:/mingw/bin/../lib/gcc/mingw32/4.5.0/../../../libmingw32.a(tlssup.o)
                0x6fc89008                __xl_d
 .CRT$XLZ       0x6fc8900c        0x4 c:/mingw/bin/../lib/gcc/mingw32/4.5.0/../../../libmingw32.a(tlssup.o)
                0x6fc8900c                __xl_z
                0x6fc89010                ___crt_xp_start__ = .
 *(SORT(.CRT$XP*))
                0x6fc89010                ___crt_xp_end__ = .
                0x6fc89010                ___crt_xt_start__ = .
 *(SORT(.CRT$XT*))
                0x6fc89010                ___crt_xt_end__ = .
 .CRT$XDA       0x6fc89010        0x4 c:/mingw/bin/../lib/gcc/mingw32/4.5.0/../../../libmingw32.a(tlssup.o)
 .CRT$XDZ       0x6fc89014        0x4 c:/mingw/bin/../lib/gcc/mingw32/4.5.0/../../../libmingw32.a(tlssup.o)

.tls            0x6fc8a000      0x200
                0x6fc8a000                ___tls_start__ = .
 *(.tls)
 .tls           0x6fc8a000       0x18 c:/mingw/bin/../lib/gcc/mingw32/4.5.0/../../../libmingw32.a(tlssup.o)
                0x6fc8a000                _tls_used
 *(.tls$)
 *(SORT(.tls$*))
 .tls$AAA       0x6fc8a018        0x4 c:/mingw/bin/../lib/gcc/mingw32/4.5.0/../../../libmingw32.a(tlssup.o)
                0x6fc8a018                _tls_start
 .tls$ZZZ       0x6fc8a01c        0x4 c:/mingw/bin/../lib/gcc/mingw32/4.5.0/../../../libmingw32.a(tlssup.o)
                0x6fc8a01c                _tls_end
                0x6fc8a020                ___tls_end__ = .

.endjunk        0x6fc8b000        0x0
                0x6fc8b000                PROVIDE (end, .)
                0x6fc8b000                PROVIDE (_end, .)
                0x6fc8b000                __end__ = .

.rsrc
 *(.rsrc)
 *(SORT(.rsrc$*))

.reloc          0x6fc8b000      0x200
 *(.reloc)
 .reloc         0x6fc8b000      0x198 dll stuff

.stab
 *(.stab)

.stabstr
 *(.stabstr)

.debug_aranges
 *(.debug_aranges)

.debug_pubnames
 *(.debug_pubnames)

.debug_pubtypes
 *(.debug_pubtypes)

.debug_info
 *(.debug_info)
 *(.gnu.linkonce.wi.*)

.debug_abbrev
 *(.debug_abbrev)

.debug_line
 *(.debug_line)

.debug_frame
 *(.debug_frame)

.debug_str
 *(.debug_str)

.debug_loc
 *(.debug_loc)

.debug_macinfo
 *(.debug_macinfo)

.debug_weaknames
 *(.debug_weaknames)

.debug_funcnames
 *(.debug_funcnames)

.debug_typenames
 *(.debug_typenames)

.debug_varnames
 *(.debug_varnames)

.debug_ranges
 *(.debug_ranges)
OUTPUT(libmrp-xsl.dll pei-i386)
LOAD d000000.o
LOAD d000001.o
LOAD d000002.o
LOAD d000003.o
LOAD d000004.o
LOAD d000005.o
LOAD d000006.o
LOAD d000007.o
LOAD dll stuff

交叉引用表

符号                                            文件
.weak.__Jv_RegisterClasses.___gcc_register_frame  c:/mingw/bin/../lib/gcc/mingw32/4.5.0/crtbegin.o
.weak.___deregister_frame_info.___gcc_register_frame c:/mingw/bin/../lib/gcc/mingw32/4.5.0/crtbegin.o
.weak.___register_frame_info.___gcc_register_frame c:/mingw/bin/../lib/gcc/mingw32/4.5.0/crtbegin.o
DeleteCriticalSection@4                           c:/mingw/bin/../lib/gcc/mingw32/4.5.0/../../../libkernel32.a(dkjes00107.o)
                                                  c:/mingw/bin/../lib/gcc/mingw32/4.5.0/../../../libmingw32.a(tlsthrd.o)
DllMain@12                                        c:/mingw/bin/../lib/gcc/mingw32/4.5.0/../../../libmingw32.a(dllmain.o)
                                                  c:/mingw/bin/../lib/gcc/mingw32/4.5.0/../../../dllcrt2.o
DllMainCRTStartup@12                              c:/mingw/bin/../lib/gcc/mingw32/4.5.0/../../../dllcrt2.o
EnterCriticalSection@4                            c:/mingw/bin/../lib/gcc/mingw32/4.5.0/../../../libkernel32.a(dkjes00126.o)
                                                  c:/mingw/bin/../lib/gcc/mingw32/4.5.0/../../../libmingw32.a(tlsthrd.o)
FreeLibrary@4                                     c:/mingw/bin/../lib/gcc/mingw32/4.5.0/../../../libkernel32.a(dkjes00214.o)
                                                  c:/mingw/bin/../lib/gcc/mingw32/4.5.0/../../../libmingw32.a(tlssup.o)
GetLastError@0                                    c:/mingw/bin/../lib/gcc/mingw32/4.5.0/../../../libkernel32.a(dkjes00325.o)
                                                  c:/mingw/bin/../lib/gcc/mingw32/4.5.0/../../../libmingw32.a(tlsthrd.o)
GetModuleHandleA@4                                c:/mingw/bin/../lib/gcc/mingw32/4.5.0/../../../libkernel32.a(dkjes00337.o)
                                                  c:/mingw/bin/../lib/gcc/mingw32/4.5.0/crtbegin.o
GetProcAddress@8                                  c:/mingw/bin/../lib/gcc/mingw32/4.5.0/../../../libkernel32.a(dkjes00364.o)
                                                  c:/mingw/bin/../lib/gcc/mingw32/4.5.0/../../../libmingw32.a(tlssup.o)
                                                  c:/mingw/bin/../lib/gcc/mingw32/4.5.0/crtbegin.o
InitializeCriticalSection@4                       c:/mingw/bin/../lib/gcc/mingw32/4.5.0/../../../libkernel32.a(dkjes00492.o)
                                                  c:/mingw/bin/../lib/gcc/mingw32/4.5.0/../../../libmingw32.a(tlsthrd.o)
LeaveCriticalSection@4                            c:/mingw/bin/../lib/gcc/mingw32/4.5.0/../../../libkernel32.a(dkjes00523.o)
                                                  c:/mingw/bin/../lib/gcc/mingw32/4.5.0/../../../libmingw32.a(tlsthrd.o)
LoadLibraryA@4                                    c:/mingw/bin/../lib/gcc/mingw32/4.5.0/../../../libkernel32.a(dkjes00524.o)
                                                  c:/mingw/bin/../lib/gcc/mingw32/4.5.0/../../../libmingw32.a(tlssup.o)
TlsGetValue@4                                     c:/mingw/bin/../lib/gcc/mingw32/4.5.0/../../../libkernel32.a(dkjes00765.o)
                                                  c:/mingw/bin/../lib/gcc/mingw32/4.5.0/../../../libmingw32.a(tlsthrd.o)
VirtualProtect@16                                 c:/mingw/bin/../lib/gcc/mingw32/4.5.0/../../../libkernel32.a(dkjes00798.o)
                                                  c:/mingw/bin/../lib/gcc/mingw32/4.5.0/../../../libmingw32.a(pseudo-reloc.o)
VirtualQuery@12                                   c:/mingw/bin/../lib/gcc/mingw32/4.5.0/../../../libkernel32.a(dkjes00801.o)
                                                  c:/mingw/bin/../lib/gcc/mingw32/4.5.0/../../../libmingw32.a(pseudo-reloc.o)
_CRT_MT                                           c:/mingw/bin/../lib/gcc/mingw32/4.5.0/../../../libmingw32.a(crtst.o)
                                                  c:/mingw/bin/../lib/gcc/mingw32/4.5.0/../../../libmingw32.a(tlssup.o)
_IMPORT_DESCRIPTOR_libexslt                       C:/MinGW/msys/1.0/dev/lib/libexslt.lib(libexslt.dll.a)
                                                  C:/MinGW/msys/1.0/dev/lib/libexslt.lib(libexslt.dll.b)
_IMPORT_DESCRIPTOR_libxslt                        C:/MinGW/msys/1.0/dev/lib/libxslt.lib(libxslt.dll.a)
                                                  C:/MinGW/msys/1.0/dev/lib/libxslt.lib(libxslt.dll.b)
                                                  C:/MinGW/msys/1.0/dev/lib/libxslt.lib(libxslt.dll.b)
                                                  C:/MinGW/msys/1.0/dev/lib/libxslt.lib(libxslt.dll.b)
                                                  C:/MinGW/msys/1.0/dev/lib/libxslt.lib(libxslt.dll.b)
                                                  C:/MinGW/msys/1.0/dev/lib/libxslt.lib(libxslt.dll.b)
                                                  C:/MinGW/msys/1.0/dev/lib/libxslt.lib(libxslt.dll.b)
_Jv_RegisterClasses                               c:/mingw/bin/../lib/gcc/mingw32/4.5.0/crtbegin.o
_NULL_IMPORT_DESCRIPTOR                           C:/MinGW/msys/1.0/dev/lib/libexslt.lib(libexslt.dll.c)
                                                  C:/MinGW/msys/1.0/dev/lib/libxslt.lib(libxslt.dll.a)
                                                  C:/MinGW/msys/1.0/dev/lib/libexslt.lib(libexslt.dll.a)
__CTOR_LIST__                                     c:/mingw/bin/../lib/gcc/mingw32/4.5.0/libgcc.a(_ctors.o)
                                                  c:/mingw/bin/../lib/gcc/mingw32/4.5.0/../../../libmingw32.a(gccmain.o)
__DTOR_LIST__                                     c:/mingw/bin/../lib/gcc/mingw32/4.5.0/libgcc.a(_ctors.o)
                                                  c:/mingw/bin/../lib/gcc/mingw32/4.5.0/../../../libmingw32.a(gccmain.o)
__RUNTIME_PSEUDO_RELOC_LIST_END__                 c:/mingw/bin/../lib/gcc/mingw32/4.5.0/../../../libmingw32.a(pseudo-reloc-list.o)
                                                  c:/mingw/bin/../lib/gcc/mingw32/4.5.0/../../../libmingw32.a(pseudo-reloc.o)
__RUNTIME_PSEUDO_RELOC_LIST__                     c:/mingw/bin/../lib/gcc/mingw32/4.5.0/../../../libmingw32.a(pseudo-reloc-list.o)
                                                  c:/mingw/bin/../lib/gcc/mingw32/4.5.0/../../../libmingw32.a(pseudo-reloc.o)
___w64_mingwthr_add_key_dtor                      c:/mingw/bin/../lib/gcc/mingw32/4.5.0/../../../libmingw32.a(tlsthrd.o)
___w64_mingwthr_remove_key_dtor                   c:/mingw/bin/../lib/gcc/mingw32/4.5.0/../../../libmingw32.a(tlsthrd.o)
__deregister_frame_info                           c:/mingw/bin/../lib/gcc/mingw32/4.5.0/crtbegin.o
__dllonexit                                       c:/mingw/bin/../lib/gcc/mingw32/4.5.0/../../../libmsvcrt.a(duyms00052.o)
                                                  c:/mingw/bin/../lib/gcc/mingw32/4.5.0/../../../dllcrt2.o
__do_global_ctors                                 c:/mingw/bin/../lib/gcc/mingw32/4.5.0/../../../libmingw32.a(gccmain.o)
__do_global_dtors                                 c:/mingw/bin/../lib/gcc/mingw32/4.5.0/../../../libmingw32.a(gccmain.o)
__dyn_tls_init@12                                 c:/mingw/bin/../lib/gcc/mingw32/4.5.0/../../../libmingw32.a(tlssup.o)
__dyn_tls_init_callback                           c:/mingw/bin/../lib/gcc/mingw32/4.5.0/../../../libmingw32.a(tlssup.o)
                                                  c:/mingw/bin/../lib/gcc/mingw32/4.5.0/../../../dllcrt2.o
__gcc_deregister_frame                            c:/mingw/bin/../lib/gcc/mingw32/4.5.0/crtbegin.o
                                                  c:/mingw/bin/../lib/gcc/mingw32/4.5.0/crtend.o
__gcc_register_frame                              c:/mingw/bin/../lib/gcc/mingw32/4.5.0/crtbegin.o
                                                  c:/mingw/bin/../lib/gcc/mingw32/4.5.0/crtend.o
__main                                            c:/mingw/bin/../lib/gcc/mingw32/4.5.0/../../../libmingw32.a(gccmain.o)
                                                  c:/mingw/bin/../lib/gcc/mingw32/4.5.0/../../../dllcrt2.o
__mingw_TLScallback                               c:/mingw/bin/../lib/gcc/mingw32/4.5.0/../../../libmingw32.a(tlsthrd.o)
                                                  c:/mingw/bin/../lib/gcc/mingw32/4.5.0/../../../libmingw32.a(tlssup.o)
__mingw_gMTKeyDtor                                c:/mingw/bin/../lib/gcc/mingw32/4.5.0/../../../libmingw32.a(tlssup.o)
__mingw_gMTRemoveKeyDtor                          c:/mingw/bin/../lib/gcc/mingw32/4.5.0/../../../libmingw32.a(tlssup.o)
__mingw_usemthread_dll                            c:/mingw/bin/../lib/gcc/mingw32/4.5.0/../../../libmingw32.a(tlssup.o)
__register_frame_info                             c:/mingw/bin/../lib/gcc/mingw32/4.5.0/crtbegin.o
__tlregdtor                                       c:/mingw/bin/../lib/gcc/mingw32/4.5.0/../../../libmingw32.a(tlssup.o)
__xl_a                                            c:/mingw/bin/../lib/gcc/mingw32/4.5.0/../../../libmingw32.a(tlssup.o)
__xl_c                                            c:/mingw/bin/../lib/gcc/mingw32/4.5.0/../../../libmingw32.a(tlssup.o)
__xl_d                                            c:/mingw/bin/../lib/gcc/mingw32/4.5.0/../../../libmingw32.a(tlssup.o)
__xl_z                                            c:/mingw/bin/../lib/gcc/mingw32/4.5.0/../../../libmingw32.a(tlssup.o)
__xmlLoadExtDtdDefaultValue                       C:/MinGW/msys/1.0/dev/lib/libxml2.dll.a(d000020.o)
[...]
_head_libkernel32_a                               c:/mingw/bin/../lib/gcc/mingw32/4.5.0/../../../libkernel32.a(dkjeh.o)
                                                  c:/mingw/bin/../lib/gcc/mingw32/4.5.0/../../../libkernel32.a(dkjes00523.o)
                                                  c:/mingw/bin/../lib/gcc/mingw32/4.5.0/../../../libkernel32.a(dkjes00126.o)
                                                  c:/mingw/bin/../lib/gcc/mingw32/4.5.0/../../../libkernel32.a(dkjes00492.o)
                                                  c:/mingw/bin/../lib/gcc/mingw32/4.5.0/../../../libkernel32.a(dkjes00107.o)
                                                  c:/mingw/bin/../lib/gcc/mingw32/4.5.0/../../../libkernel32.a(dkjes00325.o)
                                                  c:/mingw/bin/../lib/gcc/mingw32/4.5.0/../../../libkernel32.a(dkjes00765.o)
                                                  c:/mingw/bin/../lib/gcc/mingw32/4.5.0/../../../libkernel32.a(dkjes00798.o)
                                                  c:/mingw/bin/../lib/gcc/mingw32/4.5.0/../../../libkernel32.a(dkjes00801.o)
                                                  c:/mingw/bin/../lib/gcc/mingw32/4.5.0/../../../libkernel32.a(dkjes00214.o)
                                                  c:/mingw/bin/../lib/gcc/mingw32/4.5.0/../../../libkernel32.a(dkjes00524.o)
                                                  c:/mingw/bin/../lib/gcc/mingw32/4.5.0/../../../libkernel32.a(dkjes00364.o)
                                                  c:/mingw/bin/../lib/gcc/mingw32/4.5.0/../../../libkernel32.a(dkjes00337.o)
_head_libmsvcrt_a                                 c:/mingw/bin/../lib/gcc/mingw32/4.5.0/../../../libmsvcrt.a(duymh.o)
                                                  c:/mingw/bin/../lib/gcc/mingw32/4.5.0/../../../libmsvcrt.a(duyms00595.o)
                                                  c:/mingw/bin/../lib/gcc/mingw32/4.5.0/../../../libmsvcrt.a(duyms00682.o)
                                                  c:/mingw/bin/../lib/gcc/mingw32/4.5.0/../../../libmsvcrt.a(duyms00583.o)
                                                  c:/mingw/bin/../lib/gcc/mingw32/4.5.0/../../../libmsvcrt.a(duyms00748.o)
                                                  c:/mingw/bin/../lib/gcc/mingw32/4.5.0/../../../libmsvcrt.a(duyms00633.o)
                                                  c:/mingw/bin/../lib/gcc/mingw32/4.5.0/../../../libmsvcrt.a(duyms00266.o)
                                                  c:/mingw/bin/../lib/gcc/mingw32/4.5.0/../../../libmsvcrt.a(duyms00538.o)
                                                  c:/mingw/bin/../lib/gcc/mingw32/4.5.0/../../../libmsvcrt.a(duyms00721.o)
                                                  c:/mingw/bin/../lib/gcc/mingw32/4.5.0/../../../libmsvcrt.a(duyms00672.o)
                                                  c:/mingw/bin/../lib/gcc/mingw32/4.5.0/../../../libmsvcrt.a(duyms00182.o)
                                                  c:/mingw/bin/../lib/gcc/mingw32/4.5.0/../../../libmsvcrt.a(duyms00676.o)
                                                  c:/mingw/bin/../lib/gcc/mingw32/4.5.0/../../../libmsvcrt.a(duyms00610.o)
                                                  c:/mingw/bin/../lib/gcc/mingw32/4.5.0/../../../libmsvcrt.a(duyms00625.o)
                                                  c:/mingw/bin/../lib/gcc/mingw32/4.5.0/../../../libmsvcrt.a(duyms00052.o)
_head_libplanner_1_dll                            d000000.o
                                                  d000006.o
                                                  d000005.o
                                                  d000004.o
                                                  d000003.o
                                                  d000002.o
                                                  d000001.o
_head_libxml2_2_dll                               C:/MinGW/msys/1.0/dev/lib/libxml2.dll.a(d000000.o)
                                                  C:/MinGW/msys/1.0/dev/lib/libxml2.dll.a(d000755.o)
                                                  C:/MinGW/msys/1.0/dev/lib/libxml2.dll.a(d000020.o)
                                                  C:/MinGW/msys/1.0/dev/lib/libxml2.dll.a(d001092.o)
                                                  C:/MinGW/msys/1.0/dev/lib/libxml2.dll.a(d000151.o)
                                                  C:/MinGW/msys/1.0/dev/lib/libxml2.dll.a(d001557.o)
                                                  C:/MinGW/msys/1.0/dev/lib/libxml2.dll.a(d001507.o)
                                                  C:/MinGW/msys/1.0/dev/lib/libxml2.dll.a(d000150.o)
                                                  C:/MinGW/msys/1.0/dev/lib/libxml2.dll.a(d000391.o)
_image_base__                                     c:/mingw/bin/../lib/gcc/mingw32/4.5.0/../../../libmingw32.a(pseudo-reloc.o)
_imp__DeleteCriticalSection@4                     c:/mingw/bin/../lib/gcc/mingw32/4.5.0/../../../libkernel32.a(dkjes00107.o)
_imp__EnterCriticalSection@4                      c:/mingw/bin/../lib/gcc/mingw32/4.5.0/../../../libkernel32.a(dkjes00126.o)
_imp__FreeLibrary@4                               c:/mingw/bin/../lib/gcc/mingw32/4.5.0/../../../libkernel32.a(dkjes00214.o)
_imp__GetLastError@0                              c:/mingw/bin/../lib/gcc/mingw32/4.5.0/../../../libkernel32.a(dkjes00325.o)
_imp__GetModuleHandleA@4                          c:/mingw/bin/../lib/gcc/mingw32/4.5.0/../../../libkernel32.a(dkjes00337.o)
_imp__GetProcAddress@8                            c:/mingw/bin/../lib/gcc/mingw32/4.5.0/../../../libkernel32.a(dkjes00364.o)
_imp__InitializeCriticalSection@4                 c:/mingw/bin/../lib/gcc/mingw32/4.5.0/../../../libkernel32.a(dkjes00492.o)
_imp__LeaveCriticalSection@4                      c:/mingw/bin/../lib/gcc/mingw32/4.5.0/../../../libkernel32.a(dkjes00523.o)
_imp__LoadLibraryA@4                              c:/mingw/bin/../lib/gcc/mingw32/4.5.0/../../../libkernel32.a(dkjes00524.o)
_imp__TlsGetValue@4                               c:/mingw/bin/../lib/gcc/mingw32/4.5.0/../../../libkernel32.a(dkjes00765.o)
_imp__VirtualProtect@16                           c:/mingw/bin/../lib/gcc/mingw32/4.5.0/../../../libkernel32.a(dkjes00798.o)
_imp__VirtualQuery@12                             c:/mingw/bin/../lib/gcc/mingw32/4.5.0/../../../libkernel32.a(dkjes00801.o)
_imp____dllonexit                                 c:/mingw/bin/../lib/gcc/mingw32/4.5.0/../../../libmsvcrt.a(duyms00052.o)
_imp____xmlLoadExtDtdDefaultValue                 C:/MinGW/msys/1.0/dev/lib/libxml2.dll.a(d000020.o)
_imp___errno                                      c:/mingw/bin/../lib/gcc/mingw32/4.5.0/../../../libmsvcrt.a(duyms00182.o)
_imp___iob                                        c:/mingw/bin/../lib/gcc/mingw32/4.5.0/../../../libmsvcrt.a(duyms00266.o)
                                                  c:/mingw/bin/../lib/gcc/mingw32/4.5.0/../../../libmingw32.a(pseudo-reloc.o)
_imp___winmajor                                   c:/mingw/bin/../lib/gcc/mingw32/4.5.0/../../../libmsvcrt.a(duyms00538.o)
                                                  c:/mingw/bin/../lib/gcc/mingw32/4.5.0/../../../libmingw32.a(tlssup.o)
_imp__abort                                       c:/mingw/bin/../lib/gcc/mingw32/4.5.0/../../../libmsvcrt.a(duyms00583.o)
_imp__calloc                                      c:/mingw/bin/../lib/gcc/mingw32/4.5.0/../../../libmsvcrt.a(duyms00595.o)
_imp__exsltRegisterAll                            C:/MinGW/msys/1.0/dev/lib/libexslt.lib(libexslt.dll.b)
_imp__fflush                                      c:/mingw/bin/../lib/gcc/mingw32/4.5.0/../../../libmsvcrt.a(duyms00610.o)
_imp__free                                        c:/mingw/bin/../lib/gcc/mingw32/4.5.0/../../../libmsvcrt.a(duyms00625.o)
_imp__fwrite                                      c:/mingw/bin/../lib/gcc/mingw32/4.5.0/../../../libmsvcrt.a(duyms00633.o)
_imp__g_free                                      C:/MinGW/msys/1.0/dev/lib/libglib-2.0.dll.a(d000324.o)
_imp__g_malloc0_n                                 C:/MinGW/msys/1.0/dev/lib/libglib-2.0.dll.a(d000583.o)
_imp__g_set_error                                 C:/MinGW/msys/1.0/dev/lib/libglib-2.0.dll.a(d000891.o)
_imp__imrp_application_register_writer            d000001.o
_imp__libintl_gettext                             C:/MinGW/msys/1.0/dev/lib/libintl.dll.a(d000017.o)
_imp__localtime                                   c:/mingw/bin/../lib/gcc/mingw32/4.5.0/../../../libmsvcrt.a(duyms00672.o)
_imp__malloc                                      c:/mingw/bin/../lib/gcc/mingw32/4.5.0/../../../libmsvcrt.a(duyms00676.o)
_imp__memcpy                                      c:/mingw/bin/../lib/gcc/mingw32/4.5.0/../../../libmsvcrt.a(duyms00682.o)
_imp__mrp_error_quark                             d000002.o
_imp__mrp_paths_get_stylesheet_dir                d000003.o
_imp__mrp_project_save_to_xml                     d000004.o
_imp__mrp_time_format                             d000005.o
_imp__mrp_time_from_tm                            d000006.o
_imp__strlen                                      c:/mingw/bin/../lib/gcc/mingw32/4.5.0/../../../libmsvcrt.a(duyms00721.o)
_imp__valuePop                                    C:/MinGW/msys/1.0/dev/lib/libxml2.dll.a(d000150.o)
_imp__valuePush                                   C:/MinGW/msys/1.0/dev/lib/libxml2.dll.a(d000151.o)
_imp__vfprintf                                    c:/mingw/bin/../lib/gcc/mingw32/4.5.0/../../../libmsvcrt.a(duyms00748.o)
_imp__xmlFree                                     C:/MinGW/msys/1.0/dev/lib/libxml2.dll.a(d000391.o)
                                                  mrp-xsl.o
_imp__xmlParseMemory                              C:/MinGW/msys/1.0/dev/lib/libxml2.dll.a(d000755.o)
_imp__xmlSubstituteEntitiesDefault                C:/MinGW/msys/1.0/dev/lib/libxml2.dll.a(d001092.o)
_imp__xmlXPathConvertString                       C:/MinGW/msys/1.0/dev/lib/libxml2.dll.a(d001507.o)
_imp__xmlXPathNewString                           C:/MinGW/msys/1.0/dev/lib/libxml2.dll.a(d001557.o)
_imp__xsltApplyStylesheet                         C:/MinGW/msys/1.0/dev/lib/libxslt.lib(libxslt.dll.b)
_imp__xsltFreeStylesheet                          C:/MinGW/msys/1.0/dev/lib/libxslt.lib(libxslt.dll.b)
_imp__xsltParseStylesheetFile                     C:/MinGW/msys/1.0/dev/lib/libxslt.lib(libxslt.dll.b)
_imp__xsltRegisterExtFunction                     C:/MinGW/msys/1.0/dev/lib/libxslt.lib(libxslt.dll.b)
_imp__xsltRegisterExtModule                       C:/MinGW/msys/1.0/dev/lib/libxslt.lib(libxslt.dll.b)
_imp__xsltSaveResultToFilename                    C:/MinGW/msys/1.0/dev/lib/libxslt.lib(libxslt.dll.b)
_libkernel32_a_iname                              c:/mingw/bin/../lib/gcc/mingw32/4.5.0/../../../libkernel32.a(dkjet.o)
                                                  c:/mingw/bin/../lib/gcc/mingw32/4.5.0/../../../libkernel32.a(dkjeh.o)
_libmsvcrt_a_iname                                c:/mingw/bin/../lib/gcc/mingw32/4.5.0/../../../libmsvcrt.a(duymt.o)
                                                  c:/mingw/bin/../lib/gcc/mingw32/4.5.0/../../../libmsvcrt.a(duymh.o)
_nm__xmlFree                                      C:/MinGW/msys/1.0/dev/lib/libxml2.dll.a(d000391.o)
_onexit                                           c:/mingw/bin/../lib/gcc/mingw32/4.5.0/../../../dllcrt2.o
_pei386_runtime_relocator                         c:/mingw/bin/../lib/gcc/mingw32/4.5.0/../../../libmingw32.a(pseudo-reloc.o)
                                                  c:/mingw/bin/../lib/gcc/mingw32/4.5.0/../../../dllcrt2.o
_tls_end                                          c:/mingw/bin/../lib/gcc/mingw32/4.5.0/../../../libmingw32.a(tlssup.o)
_tls_index                                        c:/mingw/bin/../lib/gcc/mingw32/4.5.0/../../../libmingw32.a(tlssup.o)
_tls_start                                        c:/mingw/bin/../lib/gcc/mingw32/4.5.0/../../../libmingw32.a(tlssup.o)
_tls_used                                         c:/mingw/bin/../lib/gcc/mingw32/4.5.0/../../../libmingw32.a(tlssup.o)
abort                                             c:/mingw/bin/../lib/gcc/mingw32/4.5.0/../../../libmsvcrt.a(duyms00583.o)
                                                  c:/mingw/bin/../lib/gcc/mingw32/4.5.0/../../../libmingw32.a(pseudo-reloc.o)
atexit                                            c:/mingw/bin/../lib/gcc/mingw32/4.5.0/../../../dllcrt2.o
                                                  c:/mingw/bin/../lib/gcc/mingw32/4.5.0/crtend.o
                                                  c:/mingw/bin/../lib/gcc/mingw32/4.5.0/../../../libmingw32.a(gccmain.o)
calloc                                            c:/mingw/bin/../lib/gcc/mingw32/4.5.0/../../../libmsvcrt.a(duyms00595.o)
                                                  c:/mingw/bin/../lib/gcc/mingw32/4.5.0/../../../libmingw32.a(tlsthrd.o)
exsltRegisterAll                                  C:/MinGW/msys/1.0/dev/lib/libexslt.lib(libexslt.dll.b)
                                                  mrp-xsl.o
fflush                                            c:/mingw/bin/../lib/gcc/mingw32/4.5.0/../../../libmsvcrt.a(duyms00610.o)
                                                  c:/mingw/bin/../lib/gcc/mingw32/4.5.0/../../../dllcrt2.o
free                                              c:/mingw/bin/../lib/gcc/mingw32/4.5.0/../../../libmsvcrt.a(duyms00625.o)
                                                  c:/mingw/bin/../lib/gcc/mingw32/4.5.0/../../../libmingw32.a(tlsthrd.o)
                                                  c:/mingw/bin/../lib/gcc/mingw32/4.5.0/../../../dllcrt2.o
fwrite                                            c:/mingw/bin/../lib/gcc/mingw32/4.5.0/../../../libmsvcrt.a(duyms00633.o)
                                                  c:/mingw/bin/../lib/gcc/mingw32/4.5.0/../../../libmingw32.a(pseudo-reloc.o)
g_free                                            C:/MinGW/msys/1.0/dev/lib/libglib-2.0.dll.a(d000324.o)
                                                  mrp-xsl.o
g_malloc0_n                                       C:/MinGW/msys/1.0/dev/lib/libglib-2.0.dll.a(d000583.o)
                                                  mrp-xsl.o
g_set_error                                       C:/MinGW/msys/1.0/dev/lib/libglib-2.0.dll.a(d000891.o)
                                                  mrp-xsl.o
imrp_application_register_writer                  d000001.o
                                                  mrp-xsl.o
init                                              mrp-xsl.o
intl_dll_iname                                    C:/MinGW/msys/1.0/dev/lib/libintl.dll.a(d000031.o)
                                                  C:/MinGW/msys/1.0/dev/lib/libintl.dll.a(d000000.o)
libglib_2_0_0_dll_iname                           C:/MinGW/msys/1.0/dev/lib/libglib-2.0.dll.a(d001426.o)
                                                  C:/MinGW/msys/1.0/dev/lib/libglib-2.0.dll.a(d000000.o)
libintl_gettext                                   C:/MinGW/msys/1.0/dev/lib/libintl.dll.a(d000017.o)
                                                  mrp-xsl.o
libplanner_1_dll_iname                            d000007.o
                                                  d000000.o
libxml2_2_dll_iname                               C:/MinGW/msys/1.0/dev/lib/libxml2.dll.a(d001657.o)
                                                  C:/MinGW/msys/1.0/dev/lib/libxml2.dll.a(d000000.o)
localtime                                         c:/mingw/bin/../lib/gcc/mingw32/4.5.0/../../../libmsvcrt.a(duyms00672.o)
                                                  mrp-xsl.o
malloc                                            c:/mingw/bin/../lib/gcc/mingw32/4.5.0/../../../libmsvcrt.a(duyms00676.o)
                                                  c:/mingw/bin/../lib/gcc/mingw32/4.5.0/../../../dllcrt2.o
memcpy                                            c:/mingw/bin/../lib/gcc/mingw32/4.5.0/../../../libmsvcrt.a(duyms00682.o)
                                                  c:/mingw/bin/../lib/gcc/mingw32/4.5.0/../../../libmingw32.a(pseudo-reloc.o)
mingw_initltsdrot_force                           c:/mingw/bin/../lib/gcc/mingw32/4.5.0/../../../libmingw32.a(tlssup.o)
mingw_initltsdyn_force                            c:/mingw/bin/../lib/gcc/mingw32/4.5.0/../../../libmingw32.a(tlssup.o)
mingw_initltssuo_force                            c:/mingw/bin/../lib/gcc/mingw32/4.5.0/../../../libmingw32.a(tlssup.o)
mrp_error_quark                                   d000002.o
                                                  mrp-xsl.o
mrp_paths_get_stylesheet_dir                      d000003.o
                                                  mrp-xsl.o
mrp_project_save_to_xml                           d000004.o
                                                  mrp-xsl.o
mrp_time_format                                   d000005.o
                                                  mrp-xsl.o
mrp_time_from_tm                                  d000006.o
                                                  mrp-xsl.o
strlen                                            c:/mingw/bin/../lib/gcc/mingw32/4.5.0/../../../libmsvcrt.a(duyms00721.o)
                                                  mrp-xsl.o
valuePop                                          C:/MinGW/msys/1.0/dev/lib/libxml2.dll.a(d000150.o)
                                                  mrp-xsl.o
valuePush                                         C:/MinGW/msys/1.0/dev/lib/libxml2.dll.a(d000151.o)
                                                  mrp-xsl.o
vfprintf                                          c:/mingw/bin/../lib/gcc/mingw32/4.5.0/../../../libmsvcrt.a(duyms00748.o)
                                                  c:/mingw/bin/../lib/gcc/mingw32/4.5.0/../../../libmingw32.a(pseudo-reloc.o)
xmlParseMemory                                    C:/MinGW/msys/1.0/dev/lib/libxml2.dll.a(d000755.o)
                                                  mrp-xsl.o
xmlSubstituteEntitiesDefault                      C:/MinGW/msys/1.0/dev/lib/libxml2.dll.a(d001092.o)
                                                  mrp-xsl.o
xmlXPathConvertString                             C:/MinGW/msys/1.0/dev/lib/libxml2.dll.a(d001507.o)
                                                  mrp-xsl.o
xmlXPathNewString                                 C:/MinGW/msys/1.0/dev/lib/libxml2.dll.a(d001557.o)
                                                  mrp-xsl.o
xsltApplyStylesheet                               C:/MinGW/msys/1.0/dev/lib/libxslt.lib(libxslt.dll.b)
                                                  mrp-xsl.o
xsltFreeStylesheet                                C:/MinGW/msys/1.0/dev/lib/libxslt.lib(libxslt.dll.b)
                                                  mrp-xsl.o
xsltParseStylesheetFile                           C:/MinGW/msys/1.0/dev/lib/libxslt.lib(libxslt.dll.b)
                                                  mrp-xsl.o
xsltRegisterExtFunction                           C:/MinGW/msys/1.0/dev/lib/libxslt.lib(libxslt.dll.b)
                                                  mrp-xsl.o
xsltRegisterExtModule                             C:/MinGW/msys/1.0/dev/lib/libxslt.lib(libxslt.dll.b)
                                                  mrp-xsl.o
xsltSaveResultToFilename                          C:/MinGW/msys/1.0/dev/lib/libxslt.lib(libxslt.dll.b)
                                                  mrp-xsl.o
libexslt_NULL_THUNK_DATA                         C:/MinGW/msys/1.0/dev/lib/libexslt.lib(libexslt.dll.c)
                                                  C:/MinGW/msys/1.0/dev/lib/libexslt.lib(libexslt.dll.a)
libxslt_NULL_THUNK_DATA                          C:/MinGW/msys/1.0/dev/lib/libxslt.lib(libxslt.dll.c)
                                                  C:/MinGW/msys/1.0/dev/lib/libxslt.lib(libxslt.dll.a)
