Archive member included because of file (symbol)

C:/MinGW/msys/1.0/dev/lib/libgobject-2.0.dll.a(d000327.o)
                              mrp-marshal.o (g_value_peek_pointer)
C:/MinGW/msys/1.0/dev/lib/libgobject-2.0.dll.a(d000280.o)
                              mrp-application.o (g_type_register_static)
C:/MinGW/msys/1.0/dev/lib/libgobject-2.0.dll.a(d000220.o)
                              mrp-application.o (g_type_check_class_cast)
C:/MinGW/msys/1.0/dev/lib/libgobject-2.0.dll.a(d000232.o)
                              mrp-application.o (g_type_class_peek_parent)
C:/MinGW/msys/1.0/dev/lib/libgobject-2.0.dll.a(d000223.o)
                              mrp-application.o (g_type_check_instance_cast)
C:/MinGW/msys/1.0/dev/lib/libgobject-2.0.dll.a(d000224.o)
                              mrp-application.o (g_type_check_instance_is_a)
C:/MinGW/msys/1.0/dev/lib/libgobject-2.0.dll.a(d000098.o)
                              mrp-application.o (g_object_new)
C:/MinGW/msys/1.0/dev/lib/libgobject-2.0.dll.a(d000139.o)
                              mrp-assignment.o (g_param_spec_object)
C:/MinGW/msys/1.0/dev/lib/libgobject-2.0.dll.a(d000080.o)
                              mrp-assignment.o (g_object_class_install_property)
C:/MinGW/msys/1.0/dev/lib/libgobject-2.0.dll.a(d000135.o)
                              mrp-assignment.o (g_param_spec_int)
C:/MinGW/msys/1.0/dev/lib/libgobject-2.0.dll.a(d000118.o)
                              mrp-assignment.o (g_object_unref)
C:/MinGW/msys/1.0/dev/lib/libgobject-2.0.dll.a(d000316.o)
                              mrp-assignment.o (g_value_get_object)
C:/MinGW/msys/1.0/dev/lib/libgobject-2.0.dll.a(d000103.o)
                              mrp-assignment.o (g_object_ref)
C:/MinGW/msys/1.0/dev/lib/libgobject-2.0.dll.a(d000313.o)
                              mrp-assignment.o (g_value_get_int)
C:/MinGW/msys/1.0/dev/lib/libgobject-2.0.dll.a(d000343.o)
                              mrp-assignment.o (g_value_set_object)
C:/MinGW/msys/1.0/dev/lib/libgobject-2.0.dll.a(d000340.o)
                              mrp-assignment.o (g_value_set_int)
C:/MinGW/msys/1.0/dev/lib/libgobject-2.0.dll.a(d000266.o)
                              mrp-assignment.o (g_type_name)
C:/MinGW/msys/1.0/dev/lib/libgobject-2.0.dll.a(d000155.o)
                              mrp-qualification.o (g_param_spec_string)
C:/MinGW/msys/1.0/dev/lib/libgobject-2.0.dll.a(d000319.o)
                              mrp-qualification.o (g_value_get_string)
C:/MinGW/msys/1.0/dev/lib/libgobject-2.0.dll.a(d000350.o)
                              mrp-qualification.o (g_value_set_string)
C:/MinGW/msys/1.0/dev/lib/libgobject-2.0.dll.a(d000034.o)
                              mrp-calendar.o (g_cclosure_marshal_VOID__VOID)
C:/MinGW/msys/1.0/dev/lib/libgobject-2.0.dll.a(d000200.o)
                              mrp-calendar.o (g_signal_new)
C:/MinGW/msys/1.0/dev/lib/libgobject-2.0.dll.a(d000142.o)
                              mrp-calendar.o (g_param_spec_pointer)
C:/MinGW/msys/1.0/dev/lib/libgobject-2.0.dll.a(d000318.o)
                              mrp-calendar.o (g_value_get_pointer)
C:/MinGW/msys/1.0/dev/lib/libgobject-2.0.dll.a(d000108.o)
                              mrp-calendar.o (g_object_set)
C:/MinGW/msys/1.0/dev/lib/libgobject-2.0.dll.a(d000182.o)
                              mrp-calendar.o (g_signal_emit)
C:/MinGW/msys/1.0/dev/lib/libgobject-2.0.dll.a(d000011.o)
                              mrp-calendar.o (g_boxed_type_register_static)
C:/MinGW/msys/1.0/dev/lib/libgobject-2.0.dll.a(d000183.o)
                              mrp-day.o (g_signal_emit_by_name)
C:/MinGW/msys/1.0/dev/lib/libgobject-2.0.dll.a(d000180.o)
                              mrp-group.o (g_signal_connect_data)
C:/MinGW/msys/1.0/dev/lib/libgobject-2.0.dll.a(d000194.o)
                              mrp-group.o (g_signal_handlers_disconnect_matched)
C:/MinGW/msys/1.0/dev/lib/libgobject-2.0.dll.a(d000320.o)
                              mrp-object.o (g_value_get_type)
C:/MinGW/msys/1.0/dev/lib/libgobject-2.0.dll.a(d000326.o)
                              mrp-object.o (g_value_init)
C:/MinGW/msys/1.0/dev/lib/libgobject-2.0.dll.a(d000298.o)
                              mrp-object.o (g_value_copy)
C:/MinGW/msys/1.0/dev/lib/libgobject-2.0.dll.a(d000365.o)
                              mrp-object.o (g_value_unset)
C:/MinGW/msys/1.0/dev/lib/libgobject-2.0.dll.a(d000168.o)
                              mrp-object.o (g_param_value_set_default)
C:/MinGW/msys/1.0/dev/lib/libgobject-2.0.dll.a(d000181.o)
                              mrp-object.o (g_signal_connect_object)
C:/MinGW/msys/1.0/dev/lib/libgobject-2.0.dll.a(d000078.o)
                              mrp-object.o (g_object_class_find_property)
C:/MinGW/msys/1.0/dev/lib/libgobject-2.0.dll.a(d000286.o)
                              mrp-object.o (g_type_value_table_peek)
C:/MinGW/msys/1.0/dev/lib/libgobject-2.0.dll.a(d000111.o)
                              mrp-object.o (g_object_set_property)
C:/MinGW/msys/1.0/dev/lib/libgobject-2.0.dll.a(d000090.o)
                              mrp-object.o (g_object_get_property)
C:/MinGW/msys/1.0/dev/lib/libgobject-2.0.dll.a(d000025.o)
                              mrp-project.o (g_cclosure_marshal_VOID__OBJECT)
C:/MinGW/msys/1.0/dev/lib/libgobject-2.0.dll.a(d000016.o)
                              mrp-project.o (g_cclosure_marshal_VOID__BOOLEAN)
C:/MinGW/msys/1.0/dev/lib/libgobject-2.0.dll.a(d000027.o)
                              mrp-project.o (g_cclosure_marshal_VOID__POINTER)
C:/MinGW/msys/1.0/dev/lib/libgobject-2.0.dll.a(d000147.o)
                              mrp-project.o (g_param_spec_pool_new)
C:/MinGW/msys/1.0/dev/lib/libgobject-2.0.dll.a(d000315.o)
                              mrp-project.o (g_value_get_long)
C:/MinGW/msys/1.0/dev/lib/libgobject-2.0.dll.a(d000302.o)
                              mrp-project.o (g_value_dup_string)
C:/MinGW/msys/1.0/dev/lib/libgobject-2.0.dll.a(d000342.o)
                              mrp-project.o (g_value_set_long)
C:/MinGW/msys/1.0/dev/lib/libgobject-2.0.dll.a(d000347.o)
                              mrp-project.o (g_value_set_pointer)
C:/MinGW/msys/1.0/dev/lib/libgobject-2.0.dll.a(d000089.o)
                              mrp-project.o (g_object_get_data)
C:/MinGW/msys/1.0/dev/lib/libgobject-2.0.dll.a(d000259.o)
                              mrp-project.o (g_type_module_get_type)
C:/MinGW/msys/1.0/dev/lib/libgobject-2.0.dll.a(d000264.o)
                              mrp-project.o (g_type_module_unuse)
C:/MinGW/msys/1.0/dev/lib/libgobject-2.0.dll.a(d000088.o)
                              mrp-project.o (g_object_get)
C:/MinGW/msys/1.0/dev/lib/libgobject-2.0.dll.a(d000146.o)
                              mrp-project.o (g_param_spec_pool_lookup)
C:/MinGW/msys/1.0/dev/lib/libgobject-2.0.dll.a(d000145.o)
                              mrp-project.o (g_param_spec_pool_list_owned)
C:/MinGW/msys/1.0/dev/lib/libgobject-2.0.dll.a(d000143.o)
                              mrp-project.o (g_param_spec_pool_insert)
C:/MinGW/msys/1.0/dev/lib/libgobject-2.0.dll.a(d000148.o)
                              mrp-project.o (g_param_spec_pool_remove)
C:/MinGW/msys/1.0/dev/lib/libgobject-2.0.dll.a(d000128.o)
                              mrp-resource.o (g_param_spec_float)
C:/MinGW/msys/1.0/dev/lib/libgobject-2.0.dll.a(d000122.o)
                              mrp-resource.o (g_param_spec_boolean)
C:/MinGW/msys/1.0/dev/lib/libgobject-2.0.dll.a(d000305.o)
                              mrp-resource.o (g_value_get_boolean)
C:/MinGW/msys/1.0/dev/lib/libgobject-2.0.dll.a(d000311.o)
                              mrp-resource.o (g_value_get_float)
C:/MinGW/msys/1.0/dev/lib/libgobject-2.0.dll.a(d000330.o)
                              mrp-resource.o (g_value_set_boolean)
C:/MinGW/msys/1.0/dev/lib/libgobject-2.0.dll.a(d000337.o)
                              mrp-resource.o (g_value_set_float)
C:/MinGW/msys/1.0/dev/lib/libgobject-2.0.dll.a(d000263.o)
                              mrp-storage-module-factory.o (g_type_module_set_name)
C:/MinGW/msys/1.0/dev/lib/libgobject-2.0.dll.a(d000265.o)
                              mrp-storage-module-factory.o (g_type_module_use)
C:/MinGW/msys/1.0/dev/lib/libgobject-2.0.dll.a(d000192.o)
                              mrp-task-manager.o (g_signal_handlers_block_matched)
C:/MinGW/msys/1.0/dev/lib/libgobject-2.0.dll.a(d000195.o)
                              mrp-task-manager.o (g_signal_handlers_unblock_matched)
C:/MinGW/msys/1.0/dev/lib/libgobject-2.0.dll.a(d000101.o)
                              mrp-task-manager.o (g_object_notify)
C:/MinGW/msys/1.0/dev/lib/libgobject-2.0.dll.a(d000126.o)
                              mrp-task.o (g_param_spec_enum)
C:/MinGW/msys/1.0/dev/lib/libgobject-2.0.dll.a(d000123.o)
                              mrp-task.o (g_param_spec_boxed)
C:/MinGW/msys/1.0/dev/lib/libgobject-2.0.dll.a(d000309.o)
                              mrp-task.o (g_value_get_enum)
C:/MinGW/msys/1.0/dev/lib/libgobject-2.0.dll.a(d000306.o)
                              mrp-task.o (g_value_get_boxed)
C:/MinGW/msys/1.0/dev/lib/libgobject-2.0.dll.a(d000335.o)
                              mrp-task.o (g_value_set_enum)
C:/MinGW/msys/1.0/dev/lib/libgobject-2.0.dll.a(d000331.o)
                              mrp-task.o (g_value_set_boxed)
C:/MinGW/msys/1.0/dev/lib/libgobject-2.0.dll.a(d000060.o)
                              mrp-types.o (g_enum_register_static)
C:/MinGW/msys/1.0/dev/lib/libgobject-2.0.dll.a(d000151.o)
                              mrp-property.o (g_param_spec_set_qdata)
C:/MinGW/msys/1.0/dev/lib/libgobject-2.0.dll.a(d000152.o)
                              mrp-property.o (g_param_spec_set_qdata_full)
C:/MinGW/msys/1.0/dev/lib/libgobject-2.0.dll.a(d000132.o)
                              mrp-property.o (g_param_spec_get_qdata)
C:/MinGW/msys/1.0/dev/lib/libgobject-2.0.dll.a(d000149.o)
                              mrp-property.o (g_param_spec_ref)
C:/MinGW/msys/1.0/dev/lib/libgobject-2.0.dll.a(d000162.o)
                              mrp-property.o (g_param_spec_unref)
C:/MinGW/msys/1.0/dev/lib/libgobject-2.0.dll.a(d000163.o)
                              mrp-property.o (g_param_spec_value_array)
C:/MinGW/msys/1.0/dev/lib/libgobject-2.0.dll.a(d000138.o)
                              mrp-time.o (g_param_spec_long)
C:/MinGW/msys/1.0/dev/lib/libgobject-2.0.dll.a(d000000.o)
                              C:/MinGW/msys/1.0/dev/lib/libgobject-2.0.dll.a(d000327.o) (_head_libgobject_2_0_0_dll)
C:/MinGW/msys/1.0/dev/lib/libgobject-2.0.dll.a(d000368.o)
                              C:/MinGW/msys/1.0/dev/lib/libgobject-2.0.dll.a(d000000.o) (libgobject_2_0_0_dll_iname)
C:/MinGW/msys/1.0/dev/lib/libgmodule-2.0.dll.a(d000006.o)
                              mrp-file-module.o (g_module_open_utf8)
C:/MinGW/msys/1.0/dev/lib/libgmodule-2.0.dll.a(d000003.o)
                              mrp-file-module.o (g_module_error)
C:/MinGW/msys/1.0/dev/lib/libgmodule-2.0.dll.a(d000008.o)
                              mrp-file-module.o (g_module_symbol)
C:/MinGW/msys/1.0/dev/lib/libgmodule-2.0.dll.a(d000002.o)
                              mrp-storage-module-factory.o (g_module_close)
C:/MinGW/msys/1.0/dev/lib/libgmodule-2.0.dll.a(d000001.o)
                              mrp-storage-module-factory.o (g_module_build_path)
C:/MinGW/msys/1.0/dev/lib/libgmodule-2.0.dll.a(d000000.o)
                              C:/MinGW/msys/1.0/dev/lib/libgmodule-2.0.dll.a(d000006.o) (_head_libgmodule_2_0_0_dll)
C:/MinGW/msys/1.0/dev/lib/libgmodule-2.0.dll.a(d000009.o)
                              C:/MinGW/msys/1.0/dev/lib/libgmodule-2.0.dll.a(d000000.o) (libgmodule_2_0_0_dll_iname)
C:/MinGW/msys/1.0/dev/lib/libglib-2.0.dll.a(d000832.o)
                              mrp-marshal.o (g_return_if_fail_warning)
C:/MinGW/msys/1.0/dev/lib/libglib-2.0.dll.a(d000361.o)
                              mrp-application.o (g_hash_table_new)
C:/MinGW/msys/1.0/dev/lib/libglib-2.0.dll.a(d000538.o)
                              mrp-application.o (g_log)
C:/MinGW/msys/1.0/dev/lib/libglib-2.0.dll.a(d000583.o)
                              mrp-application.o (g_malloc0_n)
C:/MinGW/msys/1.0/dev/lib/libglib-2.0.dll.a(d000324.o)
                              mrp-application.o (g_free)
C:/MinGW/msys/1.0/dev/lib/libglib-2.0.dll.a(d000512.o)
                              mrp-application.o (g_list_foreach)
C:/MinGW/msys/1.0/dev/lib/libglib-2.0.dll.a(d000513.o)
                              mrp-application.o (g_list_free)
C:/MinGW/msys/1.0/dev/lib/libglib-2.0.dll.a(d000527.o)
                              mrp-application.o (g_list_prepend)
C:/MinGW/msys/1.0/dev/lib/libglib-2.0.dll.a(d000359.o)
                              mrp-application.o (g_hash_table_lookup)
C:/MinGW/msys/1.0/dev/lib/libglib-2.0.dll.a(d000353.o)
                              mrp-application.o (g_hash_table_insert)
C:/MinGW/msys/1.0/dev/lib/libglib-2.0.dll.a(d000040.o)
                              mrp-application.o (g_assertion_message_expr)
C:/MinGW/msys/1.0/dev/lib/libglib-2.0.dll.a(d000364.o)
                              mrp-application.o (g_hash_table_remove)
C:/MinGW/msys/1.0/dev/lib/libglib-2.0.dll.a(d001009.o)
                              mrp-qualification.o (g_strdup)
C:/MinGW/msys/1.0/dev/lib/libglib-2.0.dll.a(d000362.o)
                              mrp-calendar.o (g_hash_table_new_full)
C:/MinGW/msys/1.0/dev/lib/libglib-2.0.dll.a(d000346.o)
                              mrp-calendar.o (g_hash_table_destroy)
C:/MinGW/msys/1.0/dev/lib/libglib-2.0.dll.a(d000529.o)
                              mrp-calendar.o (g_list_remove)
C:/MinGW/msys/1.0/dev/lib/libglib-2.0.dll.a(d000507.o)
                              mrp-calendar.o (g_list_copy)
C:/MinGW/msys/1.0/dev/lib/libglib-2.0.dll.a(d000348.o)
                              mrp-calendar.o (g_hash_table_foreach)
C:/MinGW/msys/1.0/dev/lib/libglib-2.0.dll.a(d000533.o)
                              mrp-calendar.o (g_list_sort)
C:/MinGW/msys/1.0/dev/lib/libglib-2.0.dll.a(d000532.o)
                              mrp-calendar.o (g_list_reverse)
C:/MinGW/msys/1.0/dev/lib/libglib-2.0.dll.a(d000737.o)
                              mrp-day.o (g_quark_from_string)
C:/MinGW/msys/1.0/dev/lib/libglib-2.0.dll.a(d000368.o)
                              mrp-object.o (g_hash_table_steal)
C:/MinGW/msys/1.0/dev/lib/libglib-2.0.dll.a(d000036.o)
                              mrp-object.o (g_assertion_message)
C:/MinGW/msys/1.0/dev/lib/libglib-2.0.dll.a(d000291.o)
                              mrp-file-module.o (g_dir_open_utf8)
C:/MinGW/msys/1.0/dev/lib/libglib-2.0.dll.a(d000998.o)
                              mrp-file-module.o (g_str_has_suffix)
C:/MinGW/msys/1.0/dev/lib/libglib-2.0.dll.a(d000126.o)
                              mrp-file-module.o (g_build_filename)
C:/MinGW/msys/1.0/dev/lib/libglib-2.0.dll.a(d000292.o)
                              mrp-file-module.o (g_dir_read_name_utf8)
C:/MinGW/msys/1.0/dev/lib/libglib-2.0.dll.a(d000290.o)
                              mrp-file-module.o (g_dir_close)
C:/MinGW/msys/1.0/dev/lib/libglib-2.0.dll.a(d000891.o)
                              mrp-file-module.o (g_set_error)
C:/MinGW/msys/1.0/dev/lib/libglib-2.0.dll.a(d000309.o)
                              mrp-project.o (g_file_get_contents_utf8)
C:/MinGW/msys/1.0/dev/lib/libglib-2.0.dll.a(d001006.o)
                              mrp-project.o (g_strconcat)
C:/MinGW/msys/1.0/dev/lib/libglib-2.0.dll.a(d000024.o)
                              mrp-project.o (g_ascii_strcasecmp)
C:/MinGW/msys/1.0/dev/lib/libglib-2.0.dll.a(d000505.o)
                              mrp-project.o (g_list_append)
C:/MinGW/msys/1.0/dev/lib/libglib-2.0.dll.a(d000515.o)
                              mrp-project.o (g_list_index)
C:/MinGW/msys/1.0/dev/lib/libglib-2.0.dll.a(d001010.o)
                              mrp-project.o (g_strdup_printf)
C:/MinGW/msys/1.0/dev/lib/libglib-2.0.dll.a(d000996.o)
                              mrp-storage-module-factory.o (g_str_equal)
C:/MinGW/msys/1.0/dev/lib/libglib-2.0.dll.a(d000999.o)
                              mrp-storage-module-factory.o (g_str_hash)
C:/MinGW/msys/1.0/dev/lib/libglib-2.0.dll.a(d001038.o)
                              mrp-task-manager.o (g_string_insert_c)
C:/MinGW/msys/1.0/dev/lib/libglib-2.0.dll.a(d000663.o)
                              mrp-task-manager.o (g_node_traverse)
C:/MinGW/msys/1.0/dev/lib/libglib-2.0.dll.a(d001041.o)
                              mrp-task-manager.o (g_string_new)
C:/MinGW/msys/1.0/dev/lib/libglib-2.0.dll.a(d001035.o)
                              mrp-task-manager.o (g_string_free)
C:/MinGW/msys/1.0/dev/lib/libglib-2.0.dll.a(d000712.o)
                              mrp-task-manager.o (g_print)
C:/MinGW/msys/1.0/dev/lib/libglib-2.0.dll.a(d000531.o)
                              mrp-task-manager.o (g_list_remove_link)
C:/MinGW/msys/1.0/dev/lib/libglib-2.0.dll.a(d000584.o)
                              mrp-task-manager.o (g_malloc_n)
C:/MinGW/msys/1.0/dev/lib/libglib-2.0.dll.a(d000721.o)
                              mrp-task-manager.o (g_ptr_array_new)
C:/MinGW/msys/1.0/dev/lib/libglib-2.0.dll.a(d000718.o)
                              mrp-task-manager.o (g_ptr_array_add)
C:/MinGW/msys/1.0/dev/lib/libglib-2.0.dll.a(d000732.o)
                              mrp-task-manager.o (g_ptr_array_sort)
C:/MinGW/msys/1.0/dev/lib/libglib-2.0.dll.a(d000720.o)
                              mrp-task-manager.o (g_ptr_array_free)
C:/MinGW/msys/1.0/dev/lib/libglib-2.0.dll.a(d000521.o)
                              mrp-task-manager.o (g_list_length)
C:/MinGW/msys/1.0/dev/lib/libglib-2.0.dll.a(d000509.o)
                              mrp-task-manager.o (g_list_find)
C:/MinGW/msys/1.0/dev/lib/libglib-2.0.dll.a(d000714.o)
                              mrp-task-manager.o (g_printf)
C:/MinGW/msys/1.0/dev/lib/libglib-2.0.dll.a(d000523.o)
                              mrp-task-manager.o (g_list_nth_data)
C:/MinGW/msys/1.0/dev/lib/libglib-2.0.dll.a(d000506.o)
                              mrp-task-manager.o (g_list_concat)
C:/MinGW/msys/1.0/dev/lib/libglib-2.0.dll.a(d001004.o)
                              mrp-task-manager.o (g_strcmp0)
C:/MinGW/msys/1.0/dev/lib/libglib-2.0.dll.a(d000657.o)
                              mrp-task.o (g_node_new)
C:/MinGW/msys/1.0/dev/lib/libglib-2.0.dll.a(d000643.o)
                              mrp-task.o (g_node_destroy)
C:/MinGW/msys/1.0/dev/lib/libglib-2.0.dll.a(d000664.o)
                              mrp-task.o (g_node_unlink)
C:/MinGW/msys/1.0/dev/lib/libglib-2.0.dll.a(d000652.o)
                              mrp-task.o (g_node_last_child)
C:/MinGW/msys/1.0/dev/lib/libglib-2.0.dll.a(d000650.o)
                              mrp-task.o (g_node_insert_before)
C:/MinGW/msys/1.0/dev/lib/libglib-2.0.dll.a(d000660.o)
                              mrp-task.o (g_node_prepend)
C:/MinGW/msys/1.0/dev/lib/libglib-2.0.dll.a(d000649.o)
                              mrp-task.o (g_node_insert_after)
C:/MinGW/msys/1.0/dev/lib/libglib-2.0.dll.a(d000648.o)
                              mrp-task.o (g_node_insert)
C:/MinGW/msys/1.0/dev/lib/libglib-2.0.dll.a(d000655.o)
                              mrp-task.o (g_node_n_children)
C:/MinGW/msys/1.0/dev/lib/libglib-2.0.dll.a(d000658.o)
                              mrp-task.o (g_node_nth_child)
C:/MinGW/msys/1.0/dev/lib/libglib-2.0.dll.a(d000638.o)
                              mrp-task.o (g_node_child_position)
C:/MinGW/msys/1.0/dev/lib/libglib-2.0.dll.a(d000642.o)
                              mrp-task.o (g_node_depth)
C:/MinGW/msys/1.0/dev/lib/libglib-2.0.dll.a(d000736.o)
                              mrp-property.o (g_quark_from_static_string)
C:/MinGW/msys/1.0/dev/lib/libglib-2.0.dll.a(d000345.o)
                              mrp-time.o (g_getenv_utf8)
C:/MinGW/msys/1.0/dev/lib/libglib-2.0.dll.a(d000896.o)
                              mrp-time.o (g_setenv_utf8)
C:/MinGW/msys/1.0/dev/lib/libglib-2.0.dll.a(d001222.o)
                              mrp-time.o (g_unsetenv_utf8)
C:/MinGW/msys/1.0/dev/lib/libglib-2.0.dll.a(d000211.o)
                              mrp-time.o (g_date_get_weekday)
C:/MinGW/msys/1.0/dev/lib/libglib-2.0.dll.a(d000208.o)
                              mrp-time.o (g_date_get_month)
C:/MinGW/msys/1.0/dev/lib/libglib-2.0.dll.a(d000581.o)
                              mrp-time.o (g_malloc)
C:/MinGW/msys/1.0/dev/lib/libglib-2.0.dll.a(d000537.o)
                              mrp-time.o (g_locale_to_utf8)
C:/MinGW/msys/1.0/dev/lib/libglib-2.0.dll.a(d000795.o)
                              mrp-time.o (g_realloc)
C:/MinGW/msys/1.0/dev/lib/libglib-2.0.dll.a(d001237.o)
                              mrp-time.o (g_utf8_get_char)
C:/MinGW/msys/1.0/dev/lib/libglib-2.0.dll.a(d000582.o)
                              mrp-time.o (g_malloc0)
C:/MinGW/msys/1.0/dev/lib/libglib-2.0.dll.a(d001212.o)
                              mrp-time.o (g_unichar_to_utf8)
C:/MinGW/msys/1.0/dev/lib/libglib-2.0.dll.a(d000212.o)
                              mrp-time.o (g_date_get_year)
C:/MinGW/msys/1.0/dev/lib/libglib-2.0.dll.a(d000201.o)
                              mrp-time.o (g_date_get_day)
C:/MinGW/msys/1.0/dev/lib/libglib-2.0.dll.a(d000197.o)
                              mrp-time.o (g_date_clear)
C:/MinGW/msys/1.0/dev/lib/libglib-2.0.dll.a(d000221.o)
                              mrp-time.o (g_date_set_dmy)
C:/MinGW/msys/1.0/dev/lib/libglib-2.0.dll.a(d000195.o)
                              mrp-time.o (g_date_add_years)
C:/MinGW/msys/1.0/dev/lib/libglib-2.0.dll.a(d000194.o)
                              mrp-time.o (g_date_add_months)
C:/MinGW/msys/1.0/dev/lib/libglib-2.0.dll.a(d000193.o)
                              mrp-time.o (g_date_add_days)
C:/MinGW/msys/1.0/dev/lib/libglib-2.0.dll.a(d000230.o)
                              mrp-time.o (g_date_subtract_days)
C:/MinGW/msys/1.0/dev/lib/libglib-2.0.dll.a(d000231.o)
                              mrp-time.o (g_date_subtract_months)
C:/MinGW/msys/1.0/dev/lib/libglib-2.0.dll.a(d000232.o)
                              mrp-time.o (g_date_subtract_years)
C:/MinGW/msys/1.0/dev/lib/libglib-2.0.dll.a(d000229.o)
                              mrp-time.o (g_date_strftime)
C:/MinGW/msys/1.0/dev/lib/libglib-2.0.dll.a(d000199.o)
                              mrp-time.o (g_date_days_between)
C:/MinGW/msys/1.0/dev/lib/libglib-2.0.dll.a(d000205.o)
                              mrp-time.o (g_date_get_julian)
C:/MinGW/msys/1.0/dev/lib/libglib-2.0.dll.a(d000220.o)
                              mrp-time.o (g_date_set_day)
C:/MinGW/msys/1.0/dev/lib/libglib-2.0.dll.a(d000223.o)
                              mrp-time.o (g_date_set_month)
C:/MinGW/msys/1.0/dev/lib/libglib-2.0.dll.a(d000198.o)
                              mrp-time.o (g_date_compare)
C:/MinGW/msys/1.0/dev/lib/libglib-2.0.dll.a(d001410.o)
                              mrp-paths-win32.o (g_win32_get_package_installation_directory_of_module)
C:/MinGW/msys/1.0/dev/lib/libglib-2.0.dll.a(d000000.o)
                              C:/MinGW/msys/1.0/dev/lib/libglib-2.0.dll.a(d000832.o) (_head_libglib_2_0_0_dll)
C:/MinGW/msys/1.0/dev/lib/libglib-2.0.dll.a(d001426.o)
                              C:/MinGW/msys/1.0/dev/lib/libglib-2.0.dll.a(d000000.o) (libglib_2_0_0_dll_iname)
C:/MinGW/msys/1.0/dev/lib/libintl.dll.a(d000011.o)
                              mrp-application.o (libintl_bindtextdomain)
C:/MinGW/msys/1.0/dev/lib/libintl.dll.a(d000010.o)
                              mrp-application.o (libintl_bind_textdomain_codeset)
C:/MinGW/msys/1.0/dev/lib/libintl.dll.a(d000017.o)
                              mrp-day.o (libintl_gettext)
C:/MinGW/msys/1.0/dev/lib/libintl.dll.a(d000019.o)
                              mrp-group.o (libintl_printf)
C:/MinGW/msys/1.0/dev/lib/libintl.dll.a(d000022.o)
                              mrp-time.o (libintl_snprintf)
C:/MinGW/msys/1.0/dev/lib/libintl.dll.a(d000000.o)
                              C:/MinGW/msys/1.0/dev/lib/libintl.dll.a(d000011.o) (_head_intl_dll)
C:/MinGW/msys/1.0/dev/lib/libintl.dll.a(d000031.o)
                              C:/MinGW/msys/1.0/dev/lib/libintl.dll.a(d000000.o) (intl_dll_iname)
c:/mingw/bin/../lib/gcc/mingw32/4.5.0/../../../libmingw32.a(tlssup.o)
                              c:/mingw/bin/../lib/gcc/mingw32/4.5.0/../../../dllcrt2.o (__dyn_tls_init_callback)
c:/mingw/bin/../lib/gcc/mingw32/4.5.0/../../../libmingw32.a(pseudo-reloc.o)
                              c:/mingw/bin/../lib/gcc/mingw32/4.5.0/../../../dllcrt2.o (_pei386_runtime_relocator)
c:/mingw/bin/../lib/gcc/mingw32/4.5.0/../../../libmingw32.a(gccmain.o)
                              c:/mingw/bin/../lib/gcc/mingw32/4.5.0/../../../dllcrt2.o (__main)
c:/mingw/bin/../lib/gcc/mingw32/4.5.0/../../../libmingw32.a(dllmain.o)
                              c:/mingw/bin/../lib/gcc/mingw32/4.5.0/../../../dllcrt2.o (DllMain@12)
c:/mingw/bin/../lib/gcc/mingw32/4.5.0/../../../libmingw32.a(crtst.o)
                              c:/mingw/bin/../lib/gcc/mingw32/4.5.0/../../../libmingw32.a(tlssup.o) (_CRT_MT)
c:/mingw/bin/../lib/gcc/mingw32/4.5.0/../../../libmingw32.a(tlsthrd.o)
                              c:/mingw/bin/../lib/gcc/mingw32/4.5.0/../../../libmingw32.a(tlssup.o) (__mingw_TLScallback)
c:/mingw/bin/../lib/gcc/mingw32/4.5.0/../../../libmingw32.a(pseudo-reloc-list.o)
                              c:/mingw/bin/../lib/gcc/mingw32/4.5.0/../../../libmingw32.a(pseudo-reloc.o) (__RUNTIME_PSEUDO_RELOC_LIST_END__)
c:/mingw/bin/../lib/gcc/mingw32/4.5.0/libgcc.a(_chkstk.o)
                              mrp-task-manager.o (__chkstk)
c:/mingw/bin/../lib/gcc/mingw32/4.5.0/libgcc.a(_divdi3.o)
                              mrp-time.o (__divdi3)
c:/mingw/bin/../lib/gcc/mingw32/4.5.0/libgcc.a(_moddi3.o)
                              mrp-time.o (__moddi3)
c:/mingw/bin/../lib/gcc/mingw32/4.5.0/libgcc.a(_ctors.o)
                              c:/mingw/bin/../lib/gcc/mingw32/4.5.0/../../../libmingw32.a(gccmain.o) (__CTOR_LIST__)
c:/mingw/bin/../lib/gcc/mingw32/4.5.0/../../../libmoldname.a(dgzls00062.o)
                              mrp-time.o (putenv)
c:/mingw/bin/../lib/gcc/mingw32/4.5.0/../../../libmoldname.a(dgzlh.o)
                              c:/mingw/bin/../lib/gcc/mingw32/4.5.0/../../../libmoldname.a(dgzls00062.o) (_head_libmoldname_a)
c:/mingw/bin/../lib/gcc/mingw32/4.5.0/../../../libmoldname.a(dgzlt.o)
                              c:/mingw/bin/../lib/gcc/mingw32/4.5.0/../../../libmoldname.a(dgzlh.o) (_libmoldname_a_iname)
c:/mingw/bin/../lib/gcc/mingw32/4.5.0/../../../libmsvcrt.a(duyms00052.o)
                              c:/mingw/bin/../lib/gcc/mingw32/4.5.0/../../../dllcrt2.o (__dllonexit)
c:/mingw/bin/../lib/gcc/mingw32/4.5.0/../../../libmsvcrt.a(duyms00625.o)
                              c:/mingw/bin/../lib/gcc/mingw32/4.5.0/../../../dllcrt2.o (free)
c:/mingw/bin/../lib/gcc/mingw32/4.5.0/../../../libmsvcrt.a(duyms00610.o)
                              c:/mingw/bin/../lib/gcc/mingw32/4.5.0/../../../dllcrt2.o (fflush)
c:/mingw/bin/../lib/gcc/mingw32/4.5.0/../../../libmsvcrt.a(duyms00676.o)
                              c:/mingw/bin/../lib/gcc/mingw32/4.5.0/../../../dllcrt2.o (malloc)
c:/mingw/bin/../lib/gcc/mingw32/4.5.0/../../../libmsvcrt.a(duyms00182.o)
                              c:/mingw/bin/../lib/gcc/mingw32/4.5.0/../../../dllcrt2.o (_errno)
c:/mingw/bin/../lib/gcc/mingw32/4.5.0/../../../libmsvcrt.a(duyms00715.o)
                              mrp-qualification.o (strcmp)
c:/mingw/bin/../lib/gcc/mingw32/4.5.0/../../../libmsvcrt.a(duyms00682.o)
                              mrp-calendar.o (memcpy)
c:/mingw/bin/../lib/gcc/mingw32/4.5.0/../../../libmsvcrt.a(duyms00684.o)
                              mrp-object.o (memset)
c:/mingw/bin/../lib/gcc/mingw32/4.5.0/../../../libmsvcrt.a(duyms00723.o)
                              mrp-project.o (strncmp)
c:/mingw/bin/../lib/gcc/mingw32/4.5.0/../../../libmsvcrt.a(duyms00728.o)
                              mrp-project.o (strstr)
c:/mingw/bin/../lib/gcc/mingw32/4.5.0/../../../libmsvcrt.a(duyms00616.o)
                              mrp-task-manager.o (floor)
c:/mingw/bin/../lib/gcc/mingw32/4.5.0/../../../libmsvcrt.a(duyms00685.o)
                              mrp-time.o (mktime)
c:/mingw/bin/../lib/gcc/mingw32/4.5.0/../../../libmsvcrt.a(duyms00739.o)
                              mrp-time.o (time)
c:/mingw/bin/../lib/gcc/mingw32/4.5.0/../../../libmsvcrt.a(duyms00672.o)
                              mrp-time.o (localtime)
c:/mingw/bin/../lib/gcc/mingw32/4.5.0/../../../libmsvcrt.a(duyms00641.o)
                              mrp-time.o (gmtime)
c:/mingw/bin/../lib/gcc/mingw32/4.5.0/../../../libmsvcrt.a(duyms00721.o)
                              mrp-time.o (strlen)
c:/mingw/bin/../lib/gcc/mingw32/4.5.0/../../../libmsvcrt.a(duyms00712.o)
                              mrp-time.o (sscanf)
c:/mingw/bin/../lib/gcc/mingw32/4.5.0/../../../libmsvcrt.a(duyms00717.o)
                              mrp-time.o (strcpy)
c:/mingw/bin/../lib/gcc/mingw32/4.5.0/../../../libmsvcrt.a(duyms00720.o)
                              mrp-time.o (strftime)
c:/mingw/bin/../lib/gcc/mingw32/4.5.0/../../../libmsvcrt.a(duyms00538.o)
                              c:/mingw/bin/../lib/gcc/mingw32/4.5.0/../../../libmingw32.a(tlssup.o) (_imp___winmajor)
c:/mingw/bin/../lib/gcc/mingw32/4.5.0/../../../libmsvcrt.a(duyms00266.o)
                              c:/mingw/bin/../lib/gcc/mingw32/4.5.0/../../../libmingw32.a(pseudo-reloc.o) (_imp___iob)
c:/mingw/bin/../lib/gcc/mingw32/4.5.0/../../../libmsvcrt.a(duyms00633.o)
                              c:/mingw/bin/../lib/gcc/mingw32/4.5.0/../../../libmingw32.a(pseudo-reloc.o) (fwrite)
c:/mingw/bin/../lib/gcc/mingw32/4.5.0/../../../libmsvcrt.a(duyms00748.o)
                              c:/mingw/bin/../lib/gcc/mingw32/4.5.0/../../../libmingw32.a(pseudo-reloc.o) (vfprintf)
c:/mingw/bin/../lib/gcc/mingw32/4.5.0/../../../libmsvcrt.a(duyms00583.o)
                              c:/mingw/bin/../lib/gcc/mingw32/4.5.0/../../../libmingw32.a(pseudo-reloc.o) (abort)
c:/mingw/bin/../lib/gcc/mingw32/4.5.0/../../../libmsvcrt.a(duyms00595.o)
                              c:/mingw/bin/../lib/gcc/mingw32/4.5.0/../../../libmingw32.a(tlsthrd.o) (calloc)
c:/mingw/bin/../lib/gcc/mingw32/4.5.0/../../../libmsvcrt.a(duymh.o)
                              c:/mingw/bin/../lib/gcc/mingw32/4.5.0/../../../libmsvcrt.a(duyms00052.o) (_head_libmsvcrt_a)
c:/mingw/bin/../lib/gcc/mingw32/4.5.0/../../../libmsvcrt.a(duymt.o)
                              c:/mingw/bin/../lib/gcc/mingw32/4.5.0/../../../libmsvcrt.a(duymh.o) (_libmsvcrt_a_iname)
c:/mingw/bin/../lib/gcc/mingw32/4.5.0/../../../libkernel32.a(dkjes00337.o)
                              c:/mingw/bin/../lib/gcc/mingw32/4.5.0/crtbegin.o (GetModuleHandleA@4)
c:/mingw/bin/../lib/gcc/mingw32/4.5.0/../../../libkernel32.a(dkjes00364.o)
                              c:/mingw/bin/../lib/gcc/mingw32/4.5.0/crtbegin.o (GetProcAddress@8)
c:/mingw/bin/../lib/gcc/mingw32/4.5.0/../../../libkernel32.a(dkjes00327.o)
                              mrp-time.o (GetLocaleInfoA@16)
c:/mingw/bin/../lib/gcc/mingw32/4.5.0/../../../libkernel32.a(dkjes00524.o)
                              c:/mingw/bin/../lib/gcc/mingw32/4.5.0/../../../libmingw32.a(tlssup.o) (LoadLibraryA@4)
c:/mingw/bin/../lib/gcc/mingw32/4.5.0/../../../libkernel32.a(dkjes00214.o)
                              c:/mingw/bin/../lib/gcc/mingw32/4.5.0/../../../libmingw32.a(tlssup.o) (FreeLibrary@4)
c:/mingw/bin/../lib/gcc/mingw32/4.5.0/../../../libkernel32.a(dkjes00801.o)
                              c:/mingw/bin/../lib/gcc/mingw32/4.5.0/../../../libmingw32.a(pseudo-reloc.o) (VirtualQuery@12)
c:/mingw/bin/../lib/gcc/mingw32/4.5.0/../../../libkernel32.a(dkjes00798.o)
                              c:/mingw/bin/../lib/gcc/mingw32/4.5.0/../../../libmingw32.a(pseudo-reloc.o) (VirtualProtect@16)
c:/mingw/bin/../lib/gcc/mingw32/4.5.0/../../../libkernel32.a(dkjes00765.o)
                              c:/mingw/bin/../lib/gcc/mingw32/4.5.0/../../../libmingw32.a(tlsthrd.o) (TlsGetValue@4)
c:/mingw/bin/../lib/gcc/mingw32/4.5.0/../../../libkernel32.a(dkjes00325.o)
                              c:/mingw/bin/../lib/gcc/mingw32/4.5.0/../../../libmingw32.a(tlsthrd.o) (GetLastError@0)
c:/mingw/bin/../lib/gcc/mingw32/4.5.0/../../../libkernel32.a(dkjes00107.o)
                              c:/mingw/bin/../lib/gcc/mingw32/4.5.0/../../../libmingw32.a(tlsthrd.o) (DeleteCriticalSection@4)
c:/mingw/bin/../lib/gcc/mingw32/4.5.0/../../../libkernel32.a(dkjes00492.o)
                              c:/mingw/bin/../lib/gcc/mingw32/4.5.0/../../../libmingw32.a(tlsthrd.o) (InitializeCriticalSection@4)
c:/mingw/bin/../lib/gcc/mingw32/4.5.0/../../../libkernel32.a(dkjes00126.o)
                              c:/mingw/bin/../lib/gcc/mingw32/4.5.0/../../../libmingw32.a(tlsthrd.o) (EnterCriticalSection@4)
c:/mingw/bin/../lib/gcc/mingw32/4.5.0/../../../libkernel32.a(dkjes00523.o)
                              c:/mingw/bin/../lib/gcc/mingw32/4.5.0/../../../libmingw32.a(tlsthrd.o) (LeaveCriticalSection@4)
c:/mingw/bin/../lib/gcc/mingw32/4.5.0/../../../libkernel32.a(dkjeh.o)
                              c:/mingw/bin/../lib/gcc/mingw32/4.5.0/../../../libkernel32.a(dkjes00337.o) (_head_libkernel32_a)
c:/mingw/bin/../lib/gcc/mingw32/4.5.0/../../../libkernel32.a(dkjet.o)
                              c:/mingw/bin/../lib/gcc/mingw32/4.5.0/../../../libkernel32.a(dkjeh.o) (_libkernel32_a_iname)

分配公共符号
公共符号            大小              文件

__DTOR_LIST__       0x8               c:/mingw/bin/../lib/gcc/mingw32/4.5.0/libgcc.a(_ctors.o)
__mingw_gMTKeyDtor  0x10              c:/mingw/bin/../lib/gcc/mingw32/4.5.0/../../../libmingw32.a(tlssup.o)
__CTOR_LIST__       0x8               c:/mingw/bin/../lib/gcc/mingw32/4.5.0/libgcc.a(_ctors.o)
__mingw_gMTRemoveKeyDtor
                    0x10              c:/mingw/bin/../lib/gcc/mingw32/4.5.0/../../../libmingw32.a(tlssup.o)
__mingw_usemthread_dll
                    0x10              c:/mingw/bin/../lib/gcc/mingw32/4.5.0/../../../libmingw32.a(tlssup.o)

Discarded input sections

 .drectve       0x00000000       0x38 c:/mingw/bin/../lib/gcc/mingw32/4.5.0/libgcc.a(_ctors.o)

内存配置

名称           来源             长度             属性
*default*        0x00000000         0xffffffff

Linker script and memory map

                0x6a640000                __image_base__ = 0x6a640000
                0x00000000                __dll__ = 0x0
                0x6a640000                ___ImageBase = 0x6a640000
                0x00001000                __section_alignment__ = 0x1000
                0x00000200                __file_alignment__ = 0x200
                0x00000004                __major_os_version__ = 0x4
                0x00000000                __minor_os_version__ = 0x0
                0x00000001                __major_image_version__ = 0x1
                0x00000000                __minor_image_version__ = 0x0
                0x00000004                __major_subsystem_version__ = 0x4
                0x00000000                __minor_subsystem_version__ = 0x0
                0x00000003                __subsystem__ = 0x3
                0x00200000                __size_of_stack_reserve__ = 0x200000
                0x00001000                __size_of_stack_commit__ = 0x1000
                0x00100000                __size_of_heap_reserve__ = 0x100000
                0x00001000                __size_of_heap_commit__ = 0x1000
                0x00000000                __loader_flags__ = 0x0
                0x00000000                __dll_characteristics__ = 0x0
LOAD c:/mingw/bin/../lib/gcc/mingw32/4.5.0/../../../dllcrt2.o
LOAD c:/mingw/bin/../lib/gcc/mingw32/4.5.0/crtbegin.o
LOAD mrp-marshal.o
LOAD mrp-application.o
LOAD mrp-assignment.o
LOAD mrp-group-assignment.o
LOAD mrp-qualification.o
LOAD mrp-calendar.o
LOAD mrp-day.o
LOAD mrp-group.o
LOAD mrp-object.o
LOAD mrp-file-module.o
LOAD mrp-project.o
LOAD mrp-resource.o
LOAD mrp-storage-module.o
LOAD mrp-storage-module-factory.o
LOAD mrp-task-manager.o
LOAD mrp-task.o
LOAD mrp-relation.o
LOAD mrp-types.o
LOAD mrp-property.o
LOAD mrp-time.o
LOAD mrp-error.o
LOAD mrp-paths-win32.o
LOAD C:/MinGW/msys/1.0/dev/lib/libgtk-win32-2.0.dll.a
LOAD C:/MinGW/msys/1.0/dev/lib/libgdk-win32-2.0.dll.a
LOAD C:/MinGW/msys/1.0/dev/lib/libatk-1.0.dll.a
LOAD C:/MinGW/msys/1.0/dev/lib/libgio-2.0.dll.a
LOAD C:/MinGW/msys/1.0/dev/lib/libpangowin32-1.0.dll.a
LOAD c:/mingw/bin/../lib/gcc/mingw32/4.5.0/../../../libgdi32.a
LOAD C:/MinGW/msys/1.0/dev/lib/libpangocairo-1.0.dll.a
LOAD C:/MinGW/msys/1.0/dev/lib/libgdk_pixbuf-2.0.dll.a
LOAD C:/MinGW/msys/1.0/dev/lib/libpng14.dll.a
LOAD C:/MinGW/msys/1.0/dev/lib/libpango-1.0.dll.a
LOAD C:/MinGW/msys/1.0/dev/lib/libcairo.dll.a
LOAD C:/MinGW/msys/1.0/dev/lib/libgobject-2.0.dll.a
LOAD C:/MinGW/msys/1.0/dev/lib/libgmodule-2.0.dll.a
LOAD C:/MinGW/msys/1.0/dev/lib/libgthread-2.0.dll.a
LOAD C:/MinGW/msys/1.0/dev/lib/libglib-2.0.dll.a
LOAD C:/MinGW/msys/1.0/dev/lib/libintl.dll.a
LOAD c:/mingw/bin/../lib/gcc/mingw32/4.5.0/../../../libmingw32.a
LOAD c:/mingw/bin/../lib/gcc/mingw32/4.5.0/libgcc_eh.a
LOAD c:/mingw/bin/../lib/gcc/mingw32/4.5.0/libgcc.a
LOAD c:/mingw/bin/../lib/gcc/mingw32/4.5.0/../../../libmoldname.a
LOAD c:/mingw/bin/../lib/gcc/mingw32/4.5.0/../../../libmingwex.a
LOAD c:/mingw/bin/../lib/gcc/mingw32/4.5.0/../../../libmsvcrt.a
LOAD c:/mingw/bin/../lib/gcc/mingw32/4.5.0/../../../libuser32.a
LOAD c:/mingw/bin/../lib/gcc/mingw32/4.5.0/../../../libkernel32.a
LOAD c:/mingw/bin/../lib/gcc/mingw32/4.5.0/../../../libadvapi32.a
LOAD c:/mingw/bin/../lib/gcc/mingw32/4.5.0/../../../libshell32.a
LOAD c:/mingw/bin/../lib/gcc/mingw32/4.5.0/../../../libmingw32.a
LOAD c:/mingw/bin/../lib/gcc/mingw32/4.5.0/libgcc_eh.a
LOAD c:/mingw/bin/../lib/gcc/mingw32/4.5.0/libgcc.a
LOAD c:/mingw/bin/../lib/gcc/mingw32/4.5.0/../../../libmoldname.a
LOAD c:/mingw/bin/../lib/gcc/mingw32/4.5.0/../../../libmingwex.a
LOAD c:/mingw/bin/../lib/gcc/mingw32/4.5.0/../../../libmsvcrt.a
LOAD c:/mingw/bin/../lib/gcc/mingw32/4.5.0/crtend.o
                0x00000308                . = SIZEOF_HEADERS
                0x00001000                . = ALIGN (__section_alignment__)

.text           0x6a641000    0x1e800
 *(.init)
 *(.text)
 .text          0x6a641000      0x1b0 c:/mingw/bin/../lib/gcc/mingw32/4.5.0/../../../dllcrt2.o
                0x6a641000                _onexit
                0x6a641030                atexit
                0x6a6410c0                DllMainCRTStartup@12
 .text          0x6a6411b0       0xd0 c:/mingw/bin/../lib/gcc/mingw32/4.5.0/crtbegin.o
                0x6a6411b0                __gcc_register_frame
                0x6a64123c                __gcc_deregister_frame
 .text          0x6a641280      0x2a8 mrp-marshal.o
                0x6a641280                mrp_marshal_VOID__OBJECT_OBJECT_OBJECT_BOOLEAN
                0x6a64133f                mrp_marshal_VOID__POINTER_POINTER
                0x6a6413e2                mrp_marshal_VOID__OBJECT_INT
                0x6a641485                mrp_marshal_VOID__LONG_POINTER
 .text          0x6a641528      0x634 mrp-application.o
                0x6a641528                mrp_application_get_type
                0x6a6417d9                imrp_application_register_reader
                0x6a64189e                imrp_application_register_writer
                0x6a641965                imrp_application_get_all_file_readers
                0x6a6419f5                imrp_application_get_all_file_writers
                0x6a641a86                mrp_application_new
                0x6a641aa3                mrp_application_get_unique_id
                0x6a641ab8                imrp_application_id_set_data
                0x6a641b24                mrp_application_id_get_data
                0x6a641b40                imrp_application_id_remove_data
 .text          0x6a641b5c      0x630 mrp-assignment.o
                0x6a641b5c                mrp_assignment_get_type
                0x6a641fc6                mrp_assignment_new
                0x6a641fe9                mrp_assignment_get_task
                0x6a642073                mrp_assignment_get_resource
                0x6a6420fe                mrp_assignment_get_units
 .text          0x6a64218c      0x630 mrp-group-assignment.o
                0x6a64218c                mrp_group_assignment_get_type
                0x6a6425f6                mrp_group_assignment_new
                0x6a642619                mrp_group_assignment_get_task
                0x6a6426a3                mrp_group_assignment_get_group
                0x6a64272e                mrp_group_assignment_get_units
 .text          0x6a6427bc      0x928 mrp-qualification.o
                0x6a6427bc                mrp_qualification_get_type
                0x6a642d4f                mrp_qualification_new
                0x6a642d72                mrp_qualification_get_project
                0x6a642dfc                mrp_qualification_get_name
                0x6a642e87                mrp_qualification_get_note
                0x6a642f12                mrp_qualification_set_name
                0x6a642fce                mrp_qualification_set_id
                0x6a643057                mrp_qualification_get_id
 .text          0x6a6430e4     0x1f34 mrp-calendar.o
                0x6a6430e4                mrp_calendar_get_type
                0x6a643827                mrp_calendar_new
                0x6a6438f9                mrp_calendar_add
                0x6a64393b                mrp_calendar_copy
                0x6a6439fe                mrp_calendar_derive
                0x6a643ae9                mrp_calendar_reparent
                0x6a643c1a                mrp_calendar_remove
                0x6a643e9e                mrp_calendar_get_name
                0x6a643f29                mrp_calendar_set_name
                0x6a643ff6                mrp_calendar_day_set_intervals
                0x6a644125                mrp_calendar_day_get_intervals
                0x6a64420c                mrp_calendar_day_get_total_work
                0x6a644304                mrp_calendar_get_default_day
                0x6a644399                mrp_calendar_set_default_days
                0x6a6444ab                mrp_calendar_set_days
                0x6a644606                mrp_calendar_get_parent
                0x6a644691                mrp_calendar_get_children
                0x6a64471c                mrp_calendar_get_day
                0x6a6447ee                mrp_interval_new
                0x6a64482b                mrp_interval_copy
                0x6a64489a                mrp_interval_ref
                0x6a6448dd                mrp_interval_unref
                0x6a64492f                mrp_interval_get_absolute
                0x6a644988                mrp_interval_set_absolute
                0x6a644a18                mrp_calendar_get_overridden_days
                0x6a644b14                mrp_calendar_get_all_overridden_dates
                0x6a644bf4                imrp_calendar_replace_day
                0x6a644fdf                mrp_interval_get_type
 .text          0x6a645018      0x458 mrp-day.o
                0x6a645047                imrp_day_setup_defaults
                0x6a645114                mrp_day_add
                0x6a6451ca                mrp_day_get_all
                0x6a6451dd                mrp_day_remove
                0x6a6451f7                mrp_day_get_id
                0x6a64522e                mrp_day_get_name
                0x6a645265                mrp_day_set_name
                0x6a6452d9                mrp_day_get_description
                0x6a645310                mrp_day_set_description
                0x6a645384                mrp_day_ref
                0x6a6453c7                mrp_day_unref
                0x6a645419                mrp_day_get_work
                0x6a645423                mrp_day_get_nonwork
                0x6a64542d                mrp_day_get_use_base
                0x6a645437                mrp_day_get_type
 .text          0x6a645470      0xf38 mrp-group.o
                0x6a645470                mrp_group_get_type
                0x6a645bbf                mrp_group_new
                0x6a645bf2                mrp_group_get_name
                0x6a645c7c                mrp_group_set_name
                0x6a645ed4                imrp_group_add_assignment
                0x6a6460c3                mrp_group_assign
                0x6a64622e                mrp_group_get_assignments
 .text          0x6a6463a8     0x1798 mrp-object.o
                0x6a6463a8                mrp_object_get_type
                0x6a6465ec                mrp_object_set_property
                0x6a646718                mrp_object_get_property
                0x6a646c13                mrp_object_removed
                0x6a646cac                mrp_object_changed
                0x6a646d52                mrp_object_set
                0x6a646e68                mrp_object_get
                0x6a646f1b                mrp_object_set_valist
                0x6a647515                mrp_object_get_valist
                0x6a6478c3                mrp_object_get_properties
                0x6a647966                mrp_object_get_id
                0x6a6479f7                mrp_object_set_id
                0x6a647aaf                mrp_object_get_project
 .text          0x6a647b40      0x3f4 mrp-file-module.o
                0x6a647bc1                mrp_file_module_load_all
                0x6a647cc7                mrp_file_module_new
                0x6a647ce3                mrp_file_module_init
                0x6a647db3                mrp_file_reader_read_string
                0x6a647e22                mrp_file_writer_get_string
                0x6a647e74                mrp_file_writer_get_mime_type
                0x6a647ec6                mrp_file_writer_write
 .text          0x6a647f34     0x4dcc mrp-project.o
                0x6a647f34                mrp_project_get_type
                0x6a648ee0                mrp_project_new
                0x6a648f4f                mrp_project_load
                0x6a6491ee                project_do_save
                0x6a6492a8                mrp_project_save
                0x6a6493ff                mrp_project_save_as
                0x6a649620                mrp_project_export
                0x6a6497fd                mrp_project_load_from_xml
                0x6a6499f6                mrp_project_save_to_xml
                0x6a649cb9                mrp_project_close
                0x6a649cbe                imrp_project_get_task_manager
                0x6a649d49                mrp_project_get_resource_by_name
                0x6a649e72                mrp_project_get_resources
                0x6a649efd                imrp_project_set_resources
                0x6a649fa7                mrp_project_add_resource
                0x6a64a1ba                mrp_project_remove_resource
                0x6a64a327                mrp_project_get_group_by_name
                0x6a64a450                mrp_project_get_groups
                0x6a64a4db                imrp_project_set_groups
                0x6a64a585                mrp_project_add_group
                0x6a64a71f                mrp_project_remove_group
                0x6a64a8b0                mrp_project_get_qualifications
                0x6a64a93b                imrp_project_set_qualifications
                0x6a64a9e5                mrp_project_add_qualification
                0x6a64abb1                mrp_project_remove_qualification
                0x6a64ad1e                mrp_project_is_empty
                0x6a64ad2c                mrp_project_needs_saving
                0x6a64ad3a                mrp_project_get_uri
                0x6a64adc5                mrp_project_set_uri
                0x6a64ae6c                mrp_project_get_project_start
                0x6a64aef7                mrp_project_set_project_start
                0x6a64af80                imrp_project_add_calendar_day
                0x6a64b108                mrp_project_get_calendar_day_by_id
                0x6a64b1cf                imrp_project_get_calendar_days
                0x6a64b2e4                imrp_project_remove_calendar_day
                0x6a64b400                imrp_project_signal_calendar_tree_changed
                0x6a64b440                imrp_project_set_needs_saving
                0x6a64b55b                mrp_project_get_task_by_name
                0x6a64b5d2                mrp_project_get_all_tasks
                0x6a64b665                mrp_project_insert_task
                0x6a64b73b                mrp_project_remove_task
                0x6a64b822                mrp_project_move_task
                0x6a64ba5d                imrp_project_task_moved
                0x6a64ba9b                mrp_project_get_root_task
                0x6a64bb2e                mrp_project_task_traverse
                0x6a64bbd1                mrp_project_reschedule
                0x6a64bc67                mrp_project_calculate_summary_duration
                0x6a64bdea                mrp_project_calculate_task_work
                0x6a64bf6d                imrp_project_task_inserted
                0x6a64c020                mrp_project_get_property
                0x6a64c11e                imrp_project_property_changed
                0x6a64c1f7                mrp_project_get_properties_from_type
                0x6a64c29d                mrp_project_add_property
                0x6a64c451                mrp_project_remove_property
                0x6a64c597                mrp_project_has_property
                0x6a64c679                mrp_project_get_root_calendar
                0x6a64c70a                mrp_project_get_calendar
                0x6a64c9e7                mrp_project_set_block_scheduling
                0x6a64ca82                mrp_project_get_block_scheduling
                0x6a64cb1b                renewProject
                0x6a64cc6e                mrp_project_get_app
 .text          0x6a64cd00     0x215c mrp-resource.o
                0x6a64cd00                mrp_resource_get_type
                0x6a64e2ba                imrp_resource_add_assignment
                0x6a64e468                mrp_resource_new
                0x6a64e48b                mrp_resource_get_name
                0x6a64e515                mrp_resource_get_hasit
                0x6a64e5a0                mrp_resource_get_hasc
                0x6a64e62b                mrp_resource_set_hasit
                0x6a64e6db                mrp_resource_set_hasc
                0x6a64e78b                mrp_resource_get_note
                0x6a64e816                mrp_resource_set_name
                0x6a64e8c6                mrp_resource_get_short_name
                0x6a64e951                mrp_resource_set_short_name
                0x6a64ea01                mrp_resource_assign
                0x6a64eb6c                mrp_resource_get_assignments
                0x6a64ebf7                mrp_resource_get_assigned_tasks
                0x6a64ece1                mrp_resource_compare
                0x6a64ed2c                mrp_resource_get_calendar
                0x6a64edbd                mrp_resource_set_calendar
 .text          0x6a64ee5c      0x4e4 mrp-storage-module.o
                0x6a64ee5c                mrp_storage_module_get_type
                0x6a64eec8                mrp_storage_module_load
                0x6a64efa8                mrp_storage_module_save
                0x6a64f08f                mrp_storage_module_to_xml
                0x6a64f144                mrp_storage_module_from_xml
                0x6a64f224                imrp_storage_module_set_project
 .text          0x6a64f340      0x360 mrp-storage-module-factory.o
                0x6a64f340                mrp_storage_module_factory_get_type
                0x6a64f55e                mrp_storage_module_factory_get
                0x6a64f689                mrp_storage_module_factory_create_module
 .text          0x6a64f6a0     0x5468 mrp-task-manager.o
                0x6a64f70e                mrp_task_manager_get_type
                0x6a64f9d3                mrp_task_manager_new
                0x6a64fb3f                mrp_task_manager_insert_task
                0x6a64fd65                mrp_task_manager_remove_task
                0x6a64ff0a                mrp_task_manager_get_all_tasks
                0x6a650021                mrp_task_manager_traverse
                0x6a650164                mrp_task_manager_set_root
                0x6a65033a                mrp_task_manager_get_root
                0x6a6503c5                mrp_task_manager_move_task
                0x6a650a5b                mrp_task_manager_dump_task_tree
                0x6a650b1e                mrp_task_manager_dump_task_list
                0x6a6513a2                task_manager_build_dependency_graph_for_node
                0x6a652eba                mrp_task_manager_set_block_scheduling
                0x6a652f72                mrp_task_manager_get_block_scheduling
                0x6a652ffd                mrp_task_manager_rebuild
                0x6a6530de                mrp_task_manager_recalc
                0x6a65363b                mrp_task_manager_check_predecessor
                0x6a65389b                mrp_task_manager_check_move
                0x6a653d64                mrp_task_manager_calculate_task_work
                0x6a653e23                mrp_task_manager_calculate_summary_duration
                0x6a653f72                isOccupiedTimeTasks
                0x6a65401f                findOccupiedTimeTasks
                0x6a6540aa                findMostOccupiedTask
                0x6a654197                isNotOccupiedTask
                0x6a65422a                theTaskResourceNumber
                0x6a654258                findMinResource
                0x6a654357                resourceNotEnough
                0x6a6543ab                sortTasklistsFunction
                0x6a654422                sortTasklistsByStartTime
                0x6a65444b                sortTasklistsFunctionByFinish
                0x6a654528                sortTasklistsByFinishTime
                0x6a654551                totalduration
                0x6a6545e4                getCriticalTasks
                0x6a65465c                findAllAssignmentRresource
                0x6a65475c                findNotAssignmentRresource
                0x6a654805                durationOptimize
 .text          0x6a654b08     0x5668 mrp-task.o
                0x6a654b08                mrp_task_get_type
                0x6a656476                task_remove_assignments
                0x6a65678d                imrp_task_remove_subtree
                0x6a6568b3                imrp_task_detach
                0x6a656941                imrp_task_reattach
                0x6a656c15                imrp_task_reattach_pos
                0x6a656d5a                mrp_task_new
                0x6a656d7d                mrp_task_get_name
                0x6a656e08                mrp_task_get_note
                0x6a656e93                mrp_task_set_name
                0x6a656f69                imrp_task_insert_child
                0x6a6571b0                mrp_task_has_relation_to
                0x6a6571f0                mrp_task_has_relation
                0x6a65721b                mrp_task_add_predecessor
                0x6a657645                mrp_task_remove_predecessor
                0x6a657841                mrp_task_get_relation
                0x6a657976                mrp_task_get_predecessor_relation
                0x6a657a86                mrp_task_get_successor_relation
                0x6a657b9c                mrp_task_get_predecessor_relations
                0x6a657c27                mrp_task_get_successor_relations
                0x6a657cb2                mrp_task_get_parent
                0x6a657d57                mrp_task_get_first_child
                0x6a657e10                mrp_task_get_next_sibling
                0x6a657ec9                mrp_task_get_prev_sibling
                0x6a657f82                mrp_task_get_n_children
                0x6a658015                mrp_task_get_nth_child
                0x6a6580c6                mrp_task_get_position
                0x6a6581a4                imrp_task_add_assignment
                0x6a65833d                imrp_task_add_group_assignment
                0x6a6584af                mrp_task_get_start
                0x6a65853a                mrp_task_get_finish
                0x6a6585c5                mrp_task_get_work_start
                0x6a658650                mrp_task_get_latest_start
                0x6a65865e                mrp_task_get_latest_finish
                0x6a65866c                mrp_task_get_duration
                0x6a6586f7                mrp_task_get_work
                0x6a658782                mrp_task_get_priority
                0x6a65880d                mrp_task_get_unit_ivals
                0x6a658898                mrp_task_set_unit_ivals
                0x6a65897e                mrp_task_get_assignments
                0x6a658a09                mrp_task_get_nres
                0x6a658a43                mrp_task_get_assignment
                0x6a658b83                mrp_task_get_group_assignment
                0x6a658cc3                mrp_task_get_assigned_resources
                0x6a658da7                mrp_task_compare
                0x6a658df4                mrp_task_reset_constraint
                0x6a658eb0                mrp_task_get_cost
                0x6a659047                mrp_task_invalidate_cost
                0x6a659135                mrp_constraint_get_type
                0x6a65916d                imrp_task_set_visited
                0x6a659205                imrp_task_get_visited
                0x6a659297                imrp_task_set_start
                0x6a659320                imrp_task_set_work_start
                0x6a6593a9                imrp_task_set_finish
                0x6a659432                imrp_task_set_duration
                0x6a6594bb                imrp_task_set_work
                0x6a659544                mrp_task_set_probability
                0x6a6595cd                imrp_task_set_latest_start
                0x6a6595de                imrp_task_set_latest_finish
                0x6a6595ef                imrp_task_get_constraint
                0x6a65968c                imrp_task_set_constraint
                0x6a65971b                mrp_task_set_task_type
                0x6a6597a4                mrp_task_set_task_virtual_type
                0x6a65982d                imrp_task_get_depth
                0x6a6598c0                imrp_task_get_node
                0x6a65994b                imrp_task_get_graph_node
                0x6a6599d6                imrp_task_peek_predecessors
                0x6a659a61                imrp_task_peek_successors
                0x6a659aec                mrp_task_get_task_type
                0x6a659b77                mrp_task_get_task_virtual_type
                0x6a659c02                mrp_task_get_sched
                0x6a659c8d                mrp_task_get_percent_complete
                0x6a659d18                mrp_task_get_critical
                0x6a659da8                mrp_task_get_probability
                0x6a659e33                mrp_task_set_id
                0x6a659ebc                mrp_task_get_id
                0x6a659f47                imrp_task_set_needit
                0x6a659fd0                imrp_task_get_needit
                0x6a65a05b                imrp_task_set_needc
                0x6a65a0e4                imrp_task_get_needc
 .text          0x6a65a170      0x74c mrp-relation.o
                0x6a65a170                mrp_relation_get_type
                0x6a65a691                mrp_relation_get_predecessor
                0x6a65a71c                mrp_relation_get_successor
                0x6a65a7a6                mrp_relation_get_lag
                0x6a65a831                mrp_relation_get_relation_type
 .text          0x6a65a8bc      0x188 mrp-types.o
                0x6a65a8bc                mrp_relation_type_get_type
                0x6a65a8eb                mrp_task_type_get_type
                0x6a65a91a                mrp_task_type_get_virtual_type
                0x6a65a949                mrp_task_sched_get_type
                0x6a65a978                mrp_property_type_get_type
                0x6a65a9a7                mrp_string_list_copy
                0x6a65aa04                mrp_string_list_free
 .text          0x6a65aa44      0x894 mrp-property.o
                0x6a65aa87                imrp_property_set_project
                0x6a65aac8                mrp_property_new
                0x6a65ad7a                mrp_property_get_name
                0x6a65adc1                mrp_property_get_property_type
                0x6a65ae24                mrp_property_set_label
                0x6a65aed2                mrp_property_get_label
                0x6a65af35                mrp_property_set_description
                0x6a65afe3                mrp_property_get_description
                0x6a65b046                mrp_property_set_user_defined
                0x6a65b091                mrp_property_get_user_defined
                0x6a65b0cb                mrp_property_ref
                0x6a65b117                mrp_property_unref
                0x6a65b15e                mrp_property_type_as_string
                0x6a65b29d                mrp_property_get_type
 .text          0x6a65b2d8     0x2e08 mrp-time.o
                0x6a65b2d8                mrp_time_compose
                0x6a65b32b                mrp_time_decompose
                0x6a65b3d2                mrp_time_debug_print
                0x6a65b3f7                mrp_time_from_tm
                0x6a65b49f                mrp_time_current_time
                0x6a65b4e8                mrp_time_from_string
                0x6a65b647                mrp_time_to_string
                0x6a65b66c                mrp_time_align_day
                0x6a65b6a4                mrp_time_align_prev
                0x6a65b6db                mrp_time_align_next
                0x6a65b712                mrp_time_day_of_week
                0x6a65b74a                mrp_time_week_number
                0x6a65b777                mrp_param_spec_time
                0x6a65b7b7                mrp_time_day_name
                0x6a65b81c                mrp_time_month_name
                0x6a65b872                mrp_time_month_name_initial
                0x6a65b8c8                imrp_time_init
                0x6a65c5ff                mrp_time_format
                0x6a65c660                mrp_time_format_locale
                0x6a65c6c4                mrp_time2_new
                0x6a65c6f9                mrp_time2_free
                0x6a65c70c                mrp_time2_set_date
                0x6a65c7ed                mrp_time2_set_time
                0x6a65c8bb                mrp_time2_get_date
                0x6a65c994                mrp_time2_get_time
                0x6a65ca56                mrp_time2_add_years
                0x6a65caba                mrp_time2_add_months
                0x6a65cb1e                mrp_time2_add_days
                0x6a65cb82                mrp_time2_add_seconds
                0x6a65cd3e                mrp_time2_add_minutes
                0x6a65cddd                mrp_time2_add_hours
                0x6a65ce6b                mrp_time2_subtract_seconds
                0x6a65d02d                mrp_time2_subtract_minutes
                0x6a65d0cc                mrp_time2_subtract_hours
                0x6a65d15a                mrp_time2_subtract_days
                0x6a65d1be                mrp_time2_subtract_months
                0x6a65d222                mrp_time2_subtract_years
                0x6a65d286                mrp_time2_debug_print
                0x6a65d2ea                mrp_time2_set_from_string
                0x6a65d448                mrp_time2_to_string
                0x6a65d4bf                mrp_time2_set_epoch
                0x6a65d51c                mrp_time2_get_epoch
                0x6a65d5c4                mrp_time2_get_day_name
                0x6a65d61c                mrp_time2_get_month_name
                0x6a65d660                mrp_time2_get_month_initial
                0x6a65d765                mrp_time2_get_week_number
                0x6a65d7f9                mrp_time2_align_prev
                0x6a65db75                mrp_time2_align_next
                0x6a65df6f                mrp_time2_copy
                0x6a65dfdb                mrp_time2_clear
                0x6a65dffe                mrp_time2_compare
 .text          0x6a65e0e0       0x28 mrp-error.o
                0x6a65e0e0                mrp_error_quark
 .text          0x6a65e108      0x3d8 mrp-paths-win32.o
                0x6a65e108                mrp_paths_get_glade_dir
                0x6a65e16f                mrp_paths_get_image_dir
                0x6a65e1d6                mrp_paths_get_plugin_dir
                0x6a65e23d                mrp_paths_get_dtd_dir
                0x6a65e2a4                mrp_paths_get_stylesheet_dir
                0x6a65e30b                mrp_paths_get_ui_dir
                0x6a65e372                mrp_paths_get_storagemodule_dir
                0x6a65e3d9                mrp_paths_get_file_modules_dir
                0x6a65e440                mrp_paths_get_sql_dir
                0x6a65e490                mrp_paths_get_locale_dir
 .text          0x6a65e4e0        0x8 C:/MinGW/msys/1.0/dev/lib/libgobject-2.0.dll.a(d000327.o)
                0x6a65e4e0                g_value_peek_pointer
 .text          0x6a65e4e8        0x8 C:/MinGW/msys/1.0/dev/lib/libgobject-2.0.dll.a(d000280.o)
                0x6a65e4e8                g_type_register_static
 .text          0x6a65e4f0        0x8 C:/MinGW/msys/1.0/dev/lib/libgobject-2.0.dll.a(d000220.o)
                0x6a65e4f0                g_type_check_class_cast
 .text          0x6a65e4f8        0x8 C:/MinGW/msys/1.0/dev/lib/libgobject-2.0.dll.a(d000232.o)
                0x6a65e4f8                g_type_class_peek_parent
 .text          0x6a65e500        0x8 C:/MinGW/msys/1.0/dev/lib/libgobject-2.0.dll.a(d000223.o)
                0x6a65e500                g_type_check_instance_cast
 .text          0x6a65e508        0x8 C:/MinGW/msys/1.0/dev/lib/libgobject-2.0.dll.a(d000224.o)
                0x6a65e508                g_type_check_instance_is_a
 .text          0x6a65e510        0x8 C:/MinGW/msys/1.0/dev/lib/libgobject-2.0.dll.a(d000098.o)
                0x6a65e510                g_object_new
 .text          0x6a65e518        0x8 C:/MinGW/msys/1.0/dev/lib/libgobject-2.0.dll.a(d000139.o)
                0x6a65e518                g_param_spec_object
 .text          0x6a65e520        0x8 C:/MinGW/msys/1.0/dev/lib/libgobject-2.0.dll.a(d000080.o)
                0x6a65e520                g_object_class_install_property
 .text          0x6a65e528        0x8 C:/MinGW/msys/1.0/dev/lib/libgobject-2.0.dll.a(d000135.o)
                0x6a65e528                g_param_spec_int
 .text          0x6a65e530        0x8 C:/MinGW/msys/1.0/dev/lib/libgobject-2.0.dll.a(d000118.o)
                0x6a65e530                g_object_unref
 .text          0x6a65e538        0x8 C:/MinGW/msys/1.0/dev/lib/libgobject-2.0.dll.a(d000316.o)
                0x6a65e538                g_value_get_object
 .text          0x6a65e540        0x8 C:/MinGW/msys/1.0/dev/lib/libgobject-2.0.dll.a(d000103.o)
                0x6a65e540                g_object_ref
 .text          0x6a65e548        0x8 C:/MinGW/msys/1.0/dev/lib/libgobject-2.0.dll.a(d000313.o)
                0x6a65e548                g_value_get_int
 .text          0x6a65e550        0x8 C:/MinGW/msys/1.0/dev/lib/libgobject-2.0.dll.a(d000343.o)
                0x6a65e550                g_value_set_object
 .text          0x6a65e558        0x8 C:/MinGW/msys/1.0/dev/lib/libgobject-2.0.dll.a(d000340.o)
                0x6a65e558                g_value_set_int
 .text          0x6a65e560        0x8 C:/MinGW/msys/1.0/dev/lib/libgobject-2.0.dll.a(d000266.o)
                0x6a65e560                g_type_name
 .text          0x6a65e568        0x8 C:/MinGW/msys/1.0/dev/lib/libgobject-2.0.dll.a(d000155.o)
                0x6a65e568                g_param_spec_string
 .text          0x6a65e570        0x8 C:/MinGW/msys/1.0/dev/lib/libgobject-2.0.dll.a(d000319.o)
                0x6a65e570                g_value_get_string
 .text          0x6a65e578        0x8 C:/MinGW/msys/1.0/dev/lib/libgobject-2.0.dll.a(d000350.o)
                0x6a65e578                g_value_set_string
 .text          0x6a65e580        0x8 C:/MinGW/msys/1.0/dev/lib/libgobject-2.0.dll.a(d000034.o)
                0x6a65e580                g_cclosure_marshal_VOID__VOID
 .text          0x6a65e588        0x8 C:/MinGW/msys/1.0/dev/lib/libgobject-2.0.dll.a(d000200.o)
                0x6a65e588                g_signal_new
 .text          0x6a65e590        0x8 C:/MinGW/msys/1.0/dev/lib/libgobject-2.0.dll.a(d000142.o)
                0x6a65e590                g_param_spec_pointer
 .text          0x6a65e598        0x8 C:/MinGW/msys/1.0/dev/lib/libgobject-2.0.dll.a(d000318.o)
                0x6a65e598                g_value_get_pointer
 .text          0x6a65e5a0        0x8 C:/MinGW/msys/1.0/dev/lib/libgobject-2.0.dll.a(d000108.o)
                0x6a65e5a0                g_object_set
 .text          0x6a65e5a8        0x8 C:/MinGW/msys/1.0/dev/lib/libgobject-2.0.dll.a(d000182.o)
                0x6a65e5a8                g_signal_emit
 .text          0x6a65e5b0        0x8 C:/MinGW/msys/1.0/dev/lib/libgobject-2.0.dll.a(d000011.o)
                0x6a65e5b0                g_boxed_type_register_static
 .text          0x6a65e5b8        0x8 C:/MinGW/msys/1.0/dev/lib/libgobject-2.0.dll.a(d000183.o)
                0x6a65e5b8                g_signal_emit_by_name
 .text          0x6a65e5c0        0x8 C:/MinGW/msys/1.0/dev/lib/libgobject-2.0.dll.a(d000180.o)
                0x6a65e5c0                g_signal_connect_data
 .text          0x6a65e5c8        0x8 C:/MinGW/msys/1.0/dev/lib/libgobject-2.0.dll.a(d000194.o)
                0x6a65e5c8                g_signal_handlers_disconnect_matched
 .text          0x6a65e5d0        0x8 C:/MinGW/msys/1.0/dev/lib/libgobject-2.0.dll.a(d000320.o)
                0x6a65e5d0                g_value_get_type
 .text          0x6a65e5d8        0x8 C:/MinGW/msys/1.0/dev/lib/libgobject-2.0.dll.a(d000326.o)
                0x6a65e5d8                g_value_init
 .text          0x6a65e5e0        0x8 C:/MinGW/msys/1.0/dev/lib/libgobject-2.0.dll.a(d000298.o)
                0x6a65e5e0                g_value_copy
 .text          0x6a65e5e8        0x8 C:/MinGW/msys/1.0/dev/lib/libgobject-2.0.dll.a(d000365.o)
                0x6a65e5e8                g_value_unset
 .text          0x6a65e5f0        0x8 C:/MinGW/msys/1.0/dev/lib/libgobject-2.0.dll.a(d000168.o)
                0x6a65e5f0                g_param_value_set_default
 .text          0x6a65e5f8        0x8 C:/MinGW/msys/1.0/dev/lib/libgobject-2.0.dll.a(d000181.o)
                0x6a65e5f8                g_signal_connect_object
 .text          0x6a65e600        0x8 C:/MinGW/msys/1.0/dev/lib/libgobject-2.0.dll.a(d000078.o)
                0x6a65e600                g_object_class_find_property
 .text          0x6a65e608        0x8 C:/MinGW/msys/1.0/dev/lib/libgobject-2.0.dll.a(d000286.o)
                0x6a65e608                g_type_value_table_peek
 .text          0x6a65e610        0x8 C:/MinGW/msys/1.0/dev/lib/libgobject-2.0.dll.a(d000111.o)
                0x6a65e610                g_object_set_property
 .text          0x6a65e618        0x8 C:/MinGW/msys/1.0/dev/lib/libgobject-2.0.dll.a(d000090.o)
                0x6a65e618                g_object_get_property
 .text          0x6a65e620        0x8 C:/MinGW/msys/1.0/dev/lib/libgobject-2.0.dll.a(d000025.o)
                0x6a65e620                g_cclosure_marshal_VOID__OBJECT
 .text          0x6a65e628        0x8 C:/MinGW/msys/1.0/dev/lib/libgobject-2.0.dll.a(d000016.o)
                0x6a65e628                g_cclosure_marshal_VOID__BOOLEAN
 .text          0x6a65e630        0x8 C:/MinGW/msys/1.0/dev/lib/libgobject-2.0.dll.a(d000027.o)
                0x6a65e630                g_cclosure_marshal_VOID__POINTER
 .text          0x6a65e638        0x8 C:/MinGW/msys/1.0/dev/lib/libgobject-2.0.dll.a(d000147.o)
                0x6a65e638                g_param_spec_pool_new
 .text          0x6a65e640        0x8 C:/MinGW/msys/1.0/dev/lib/libgobject-2.0.dll.a(d000315.o)
                0x6a65e640                g_value_get_long
 .text          0x6a65e648        0x8 C:/MinGW/msys/1.0/dev/lib/libgobject-2.0.dll.a(d000302.o)
                0x6a65e648                g_value_dup_string
 .text          0x6a65e650        0x8 C:/MinGW/msys/1.0/dev/lib/libgobject-2.0.dll.a(d000342.o)
                0x6a65e650                g_value_set_long
 .text          0x6a65e658        0x8 C:/MinGW/msys/1.0/dev/lib/libgobject-2.0.dll.a(d000347.o)
                0x6a65e658                g_value_set_pointer
 .text          0x6a65e660        0x8 C:/MinGW/msys/1.0/dev/lib/libgobject-2.0.dll.a(d000089.o)
                0x6a65e660                g_object_get_data
 .text          0x6a65e668        0x8 C:/MinGW/msys/1.0/dev/lib/libgobject-2.0.dll.a(d000259.o)
                0x6a65e668                g_type_module_get_type
 .text          0x6a65e670        0x8 C:/MinGW/msys/1.0/dev/lib/libgobject-2.0.dll.a(d000264.o)
                0x6a65e670                g_type_module_unuse
 .text          0x6a65e678        0x8 C:/MinGW/msys/1.0/dev/lib/libgobject-2.0.dll.a(d000088.o)
                0x6a65e678                g_object_get
 .text          0x6a65e680        0x8 C:/MinGW/msys/1.0/dev/lib/libgobject-2.0.dll.a(d000146.o)
                0x6a65e680                g_param_spec_pool_lookup
 .text          0x6a65e688        0x8 C:/MinGW/msys/1.0/dev/lib/libgobject-2.0.dll.a(d000145.o)
                0x6a65e688                g_param_spec_pool_list_owned
 .text          0x6a65e690        0x8 C:/MinGW/msys/1.0/dev/lib/libgobject-2.0.dll.a(d000143.o)
                0x6a65e690                g_param_spec_pool_insert
 .text          0x6a65e698        0x8 C:/MinGW/msys/1.0/dev/lib/libgobject-2.0.dll.a(d000148.o)
                0x6a65e698                g_param_spec_pool_remove
 .text          0x6a65e6a0        0x8 C:/MinGW/msys/1.0/dev/lib/libgobject-2.0.dll.a(d000128.o)
                0x6a65e6a0                g_param_spec_float
 .text          0x6a65e6a8        0x8 C:/MinGW/msys/1.0/dev/lib/libgobject-2.0.dll.a(d000122.o)
                0x6a65e6a8                g_param_spec_boolean
 .text          0x6a65e6b0        0x8 C:/MinGW/msys/1.0/dev/lib/libgobject-2.0.dll.a(d000305.o)
                0x6a65e6b0                g_value_get_boolean
 .text          0x6a65e6b8        0x8 C:/MinGW/msys/1.0/dev/lib/libgobject-2.0.dll.a(d000311.o)
                0x6a65e6b8                g_value_get_float
 .text          0x6a65e6c0        0x8 C:/MinGW/msys/1.0/dev/lib/libgobject-2.0.dll.a(d000330.o)
                0x6a65e6c0                g_value_set_boolean
 .text          0x6a65e6c8        0x8 C:/MinGW/msys/1.0/dev/lib/libgobject-2.0.dll.a(d000337.o)
                0x6a65e6c8                g_value_set_float
 .text          0x6a65e6d0        0x8 C:/MinGW/msys/1.0/dev/lib/libgobject-2.0.dll.a(d000263.o)
                0x6a65e6d0                g_type_module_set_name
 .text          0x6a65e6d8        0x8 C:/MinGW/msys/1.0/dev/lib/libgobject-2.0.dll.a(d000265.o)
                0x6a65e6d8                g_type_module_use
 .text          0x6a65e6e0        0x8 C:/MinGW/msys/1.0/dev/lib/libgobject-2.0.dll.a(d000192.o)
                0x6a65e6e0                g_signal_handlers_block_matched
 .text          0x6a65e6e8        0x8 C:/MinGW/msys/1.0/dev/lib/libgobject-2.0.dll.a(d000195.o)
                0x6a65e6e8                g_signal_handlers_unblock_matched
 .text          0x6a65e6f0        0x8 C:/MinGW/msys/1.0/dev/lib/libgobject-2.0.dll.a(d000101.o)
                0x6a65e6f0                g_object_notify
 .text          0x6a65e6f8        0x8 C:/MinGW/msys/1.0/dev/lib/libgobject-2.0.dll.a(d000126.o)
                0x6a65e6f8                g_param_spec_enum
 .text          0x6a65e700        0x8 C:/MinGW/msys/1.0/dev/lib/libgobject-2.0.dll.a(d000123.o)
                0x6a65e700                g_param_spec_boxed
 .text          0x6a65e708        0x8 C:/MinGW/msys/1.0/dev/lib/libgobject-2.0.dll.a(d000309.o)
                0x6a65e708                g_value_get_enum
 .text          0x6a65e710        0x8 C:/MinGW/msys/1.0/dev/lib/libgobject-2.0.dll.a(d000306.o)
                0x6a65e710                g_value_get_boxed
 .text          0x6a65e718        0x8 C:/MinGW/msys/1.0/dev/lib/libgobject-2.0.dll.a(d000335.o)
                0x6a65e718                g_value_set_enum
 .text          0x6a65e720        0x8 C:/MinGW/msys/1.0/dev/lib/libgobject-2.0.dll.a(d000331.o)
                0x6a65e720                g_value_set_boxed
 .text          0x6a65e728        0x8 C:/MinGW/msys/1.0/dev/lib/libgobject-2.0.dll.a(d000060.o)
                0x6a65e728                g_enum_register_static
 .text          0x6a65e730        0x8 C:/MinGW/msys/1.0/dev/lib/libgobject-2.0.dll.a(d000151.o)
                0x6a65e730                g_param_spec_set_qdata
 .text          0x6a65e738        0x8 C:/MinGW/msys/1.0/dev/lib/libgobject-2.0.dll.a(d000152.o)
                0x6a65e738                g_param_spec_set_qdata_full
 .text          0x6a65e740        0x8 C:/MinGW/msys/1.0/dev/lib/libgobject-2.0.dll.a(d000132.o)
                0x6a65e740                g_param_spec_get_qdata
 .text          0x6a65e748        0x8 C:/MinGW/msys/1.0/dev/lib/libgobject-2.0.dll.a(d000149.o)
                0x6a65e748                g_param_spec_ref
 .text          0x6a65e750        0x8 C:/MinGW/msys/1.0/dev/lib/libgobject-2.0.dll.a(d000162.o)
                0x6a65e750                g_param_spec_unref
 .text          0x6a65e758        0x8 C:/MinGW/msys/1.0/dev/lib/libgobject-2.0.dll.a(d000163.o)
                0x6a65e758                g_param_spec_value_array
 .text          0x6a65e760        0x8 C:/MinGW/msys/1.0/dev/lib/libgobject-2.0.dll.a(d000138.o)
                0x6a65e760                g_param_spec_long
 .text          0x6a65e768        0x8 C:/MinGW/msys/1.0/dev/lib/libgmodule-2.0.dll.a(d000006.o)
                0x6a65e768                g_module_open_utf8
 .text          0x6a65e770        0x8 C:/MinGW/msys/1.0/dev/lib/libgmodule-2.0.dll.a(d000003.o)
                0x6a65e770                g_module_error
 .text          0x6a65e778        0x8 C:/MinGW/msys/1.0/dev/lib/libgmodule-2.0.dll.a(d000008.o)
                0x6a65e778                g_module_symbol
 .text          0x6a65e780        0x8 C:/MinGW/msys/1.0/dev/lib/libgmodule-2.0.dll.a(d000002.o)
                0x6a65e780                g_module_close
 .text          0x6a65e788        0x8 C:/MinGW/msys/1.0/dev/lib/libgmodule-2.0.dll.a(d000001.o)
                0x6a65e788                g_module_build_path
 .text          0x6a65e790        0x8 C:/MinGW/msys/1.0/dev/lib/libglib-2.0.dll.a(d000832.o)
                0x6a65e790                g_return_if_fail_warning
 .text          0x6a65e798        0x8 C:/MinGW/msys/1.0/dev/lib/libglib-2.0.dll.a(d000361.o)
                0x6a65e798                g_hash_table_new
 .text          0x6a65e7a0        0x8 C:/MinGW/msys/1.0/dev/lib/libglib-2.0.dll.a(d000538.o)
[...]
mrp_project_set_uri                               mrp-project.o
mrp_project_task_traverse                         mrp-project.o
mrp_property_get_description                      mrp-property.o
mrp_property_get_label                            mrp-property.o
mrp_property_get_name                             mrp-property.o
mrp_property_get_property_type                    mrp-property.o
mrp_property_get_type                             mrp-property.o
mrp_property_get_user_defined                     mrp-property.o
mrp_property_new                                  mrp-property.o
mrp_property_ref                                  mrp-property.o
                                                  mrp-object.o
mrp_property_set_description                      mrp-property.o
mrp_property_set_label                            mrp-property.o
mrp_property_set_user_defined                     mrp-property.o
                                                  mrp-project.o
mrp_property_type_as_string                       mrp-property.o
mrp_property_type_get_type                        mrp-types.o
mrp_property_unref                                mrp-property.o
                                                  mrp-object.o
mrp_qualification_get_id                          mrp-qualification.o
mrp_qualification_get_name                        mrp-qualification.o
mrp_qualification_get_note                        mrp-qualification.o
mrp_qualification_get_project                     mrp-qualification.o
mrp_qualification_get_type                        mrp-qualification.o
                                                  mrp-task.o
                                                  mrp-resource.o
                                                  mrp-project.o
mrp_qualification_new                             mrp-qualification.o
mrp_qualification_set_id                          mrp-qualification.o
                                                  mrp-project.o
mrp_qualification_set_name                        mrp-qualification.o
mrp_relation_get_lag                              mrp-relation.o
                                                  mrp-task-manager.o
mrp_relation_get_predecessor                      mrp-relation.o
                                                  mrp-task.o
                                                  mrp-task-manager.o
mrp_relation_get_relation_type                    mrp-relation.o
                                                  mrp-task-manager.o
mrp_relation_get_successor                        mrp-relation.o
                                                  mrp-task.o
                                                  mrp-task-manager.o
mrp_relation_get_type                             mrp-relation.o
                                                  mrp-task.o
mrp_relation_type_get_type                        mrp-types.o
                                                  mrp-relation.o
mrp_resource_assign                               mrp-resource.o
                                                  mrp-task-manager.o
mrp_resource_compare                              mrp-resource.o
                                                  mrp-task.o
mrp_resource_get_assigned_tasks                   mrp-resource.o
mrp_resource_get_assignments                      mrp-resource.o
mrp_resource_get_calendar                         mrp-resource.o
                                                  mrp-task-manager.o
                                                  mrp-calendar.o
mrp_resource_get_hasc                             mrp-resource.o
mrp_resource_get_hasit                            mrp-resource.o
mrp_resource_get_name                             mrp-resource.o
                                                  mrp-task-manager.o
                                                  mrp-project.o
mrp_resource_get_note                             mrp-resource.o
mrp_resource_get_short_name                       mrp-resource.o
mrp_resource_get_type                             mrp-resource.o
                                                  mrp-task.o
                                                  mrp-project.o
                                                  mrp-assignment.o
mrp_resource_new                                  mrp-resource.o
mrp_resource_set_calendar                         mrp-resource.o
                                                  mrp-calendar.o
mrp_resource_set_hasc                             mrp-resource.o
mrp_resource_set_hasit                            mrp-resource.o
mrp_resource_set_name                             mrp-resource.o
mrp_resource_set_short_name                       mrp-resource.o
mrp_storage_module_factory_create_module          mrp-storage-module-factory.o
                                                  mrp-project.o
mrp_storage_module_factory_get                    mrp-storage-module-factory.o
                                                  mrp-project.o
mrp_storage_module_factory_get_type               mrp-storage-module-factory.o
mrp_storage_module_from_xml                       mrp-storage-module.o
mrp_storage_module_get_type                       mrp-storage-module.o
mrp_storage_module_load                           mrp-storage-module.o
                                                  mrp-project.o
mrp_storage_module_save                           mrp-storage-module.o
                                                  mrp-project.o
mrp_storage_module_to_xml                         mrp-storage-module.o
                                                  mrp-project.o
mrp_string_list_copy                              mrp-types.o
                                                  mrp-project.o
mrp_string_list_free                              mrp-types.o
                                                  mrp-project.o
mrp_task_add_predecessor                          mrp-task.o
mrp_task_compare                                  mrp-task.o
                                                  mrp-task-manager.o
                                                  mrp-resource.o
mrp_task_get_assigned_resources                   mrp-task.o
                                                  mrp-task-manager.o
mrp_task_get_assignment                           mrp-task.o
mrp_task_get_assignments                          mrp-task.o
                                                  mrp-task-manager.o
mrp_task_get_cost                                 mrp-task.o
mrp_task_get_critical                             mrp-task.o
                                                  mrp-task-manager.o
mrp_task_get_duration                             mrp-task.o
                                                  mrp-task-manager.o
mrp_task_get_finish                               mrp-task.o
                                                  mrp-task-manager.o
mrp_task_get_first_child                          mrp-task.o
                                                  mrp-task-manager.o
mrp_task_get_group_assignment                     mrp-task.o
mrp_task_get_id                                   mrp-task.o
mrp_task_get_latest_finish                        mrp-task.o
                                                  mrp-task-manager.o
mrp_task_get_latest_start                         mrp-task.o
                                                  mrp-task-manager.o
mrp_task_get_n_children                           mrp-task.o
                                                  mrp-task-manager.o
mrp_task_get_name                                 mrp-task.o
                                                  mrp-task-manager.o
                                                  mrp-project.o
                                                  mrp-group.o
mrp_task_get_next_sibling                         mrp-task.o
                                                  mrp-task-manager.o
mrp_task_get_note                                 mrp-task.o
mrp_task_get_nres                                 mrp-task.o
mrp_task_get_nth_child                            mrp-task.o
mrp_task_get_parent                               mrp-task.o
                                                  mrp-task-manager.o
mrp_task_get_percent_complete                     mrp-task.o
mrp_task_get_position                             mrp-task.o
mrp_task_get_predecessor_relation                 mrp-task.o
mrp_task_get_predecessor_relations                mrp-task.o
mrp_task_get_prev_sibling                         mrp-task.o
mrp_task_get_priority                             mrp-task.o
mrp_task_get_probability                          mrp-task.o
mrp_task_get_relation                             mrp-task.o
mrp_task_get_sched                                mrp-task.o
                                                  mrp-task-manager.o
mrp_task_get_start                                mrp-task.o
                                                  mrp-task-manager.o
mrp_task_get_successor_relation                   mrp-task.o
mrp_task_get_successor_relations                  mrp-task.o
mrp_task_get_task_type                            mrp-task.o
                                                  mrp-task-manager.o
mrp_task_get_task_virtual_type                    mrp-task.o
mrp_task_get_type                                 mrp-task.o
                                                  mrp-relation.o
                                                  mrp-task-manager.o
                                                  mrp-resource.o
                                                  mrp-project.o
                                                  mrp-group.o
                                                  mrp-group-assignment.o
                                                  mrp-assignment.o
mrp_task_get_unit_ivals                           mrp-task.o
mrp_task_get_work                                 mrp-task.o
                                                  mrp-task-manager.o
mrp_task_get_work_start                           mrp-task.o
                                                  mrp-task-manager.o
mrp_task_has_relation                             mrp-task.o
mrp_task_has_relation_to                          mrp-task.o
mrp_task_invalidate_cost                          mrp-task.o
                                                  mrp-task-manager.o
                                                  mrp-resource.o
mrp_task_manager_calculate_summary_duration       mrp-task-manager.o
                                                  mrp-project.o
mrp_task_manager_calculate_task_work              mrp-task-manager.o
                                                  mrp-project.o
mrp_task_manager_check_move                       mrp-task-manager.o
mrp_task_manager_check_predecessor                mrp-task-manager.o
                                                  mrp-task.o
mrp_task_manager_dump_task_list                   mrp-task-manager.o
mrp_task_manager_dump_task_tree                   mrp-task-manager.o
mrp_task_manager_get_all_tasks                    mrp-task-manager.o
                                                  mrp-project.o
mrp_task_manager_get_block_scheduling             mrp-task-manager.o
                                                  mrp-project.o
mrp_task_manager_get_root                         mrp-task-manager.o
                                                  mrp-project.o
mrp_task_manager_get_type                         mrp-task-manager.o
mrp_task_manager_insert_task                      mrp-task-manager.o
                                                  mrp-project.o
mrp_task_manager_move_task                        mrp-task-manager.o
                                                  mrp-project.o
mrp_task_manager_new                              mrp-task-manager.o
                                                  mrp-project.o
mrp_task_manager_rebuild                          mrp-task-manager.o
mrp_task_manager_recalc                           mrp-task-manager.o
                                                  mrp-project.o
mrp_task_manager_remove_task                      mrp-task-manager.o
                                                  mrp-project.o
mrp_task_manager_set_block_scheduling             mrp-task-manager.o
                                                  mrp-project.o
mrp_task_manager_set_root                         mrp-task-manager.o
mrp_task_manager_traverse                         mrp-task-manager.o
                                                  mrp-project.o
mrp_task_new                                      mrp-task.o
                                                  mrp-task-manager.o
mrp_task_remove_predecessor                       mrp-task.o
mrp_task_reset_constraint                         mrp-task.o
mrp_task_sched_get_type                           mrp-types.o
                                                  mrp-task.o
mrp_task_set_id                                   mrp-task.o
mrp_task_set_name                                 mrp-task.o
mrp_task_set_probability                          mrp-task.o
mrp_task_set_task_type                            mrp-task.o
mrp_task_set_task_virtual_type                    mrp-task.o
mrp_task_set_unit_ivals                           mrp-task.o
                                                  mrp-task-manager.o
mrp_task_type_get_type                            mrp-types.o
                                                  mrp-task.o
mrp_task_type_get_virtual_type                    mrp-types.o
                                                  mrp-task.o
mrp_time2_add_days                                mrp-time.o
mrp_time2_add_hours                               mrp-time.o
mrp_time2_add_minutes                             mrp-time.o
mrp_time2_add_months                              mrp-time.o
mrp_time2_add_seconds                             mrp-time.o
mrp_time2_add_years                               mrp-time.o
mrp_time2_align_next                              mrp-time.o
mrp_time2_align_prev                              mrp-time.o
mrp_time2_clear                                   mrp-time.o
mrp_time2_compare                                 mrp-time.o
mrp_time2_copy                                    mrp-time.o
mrp_time2_debug_print                             mrp-time.o
mrp_time2_free                                    mrp-time.o
mrp_time2_get_date                                mrp-time.o
mrp_time2_get_day_name                            mrp-time.o
mrp_time2_get_epoch                               mrp-time.o
mrp_time2_get_month_initial                       mrp-time.o
mrp_time2_get_month_name                          mrp-time.o
mrp_time2_get_time                                mrp-time.o
mrp_time2_get_week_number                         mrp-time.o
mrp_time2_new                                     mrp-time.o
mrp_time2_set_date                                mrp-time.o
mrp_time2_set_epoch                               mrp-time.o
mrp_time2_set_from_string                         mrp-time.o
mrp_time2_set_time                                mrp-time.o
mrp_time2_subtract_days                           mrp-time.o
mrp_time2_subtract_hours                          mrp-time.o
mrp_time2_subtract_minutes                        mrp-time.o
mrp_time2_subtract_months                         mrp-time.o
mrp_time2_subtract_seconds                        mrp-time.o
mrp_time2_subtract_years                          mrp-time.o
mrp_time2_to_string                               mrp-time.o
mrp_time_align_day                                mrp-time.o
                                                  mrp-task.o
                                                  mrp-task-manager.o
                                                  mrp-project.o
                                                  mrp-calendar.o
mrp_time_align_next                               mrp-time.o
mrp_time_align_prev                               mrp-time.o
mrp_time_compose                                  mrp-time.o
mrp_time_current_time                             mrp-time.o
                                                  mrp-project.o
mrp_time_day_name                                 mrp-time.o
mrp_time_day_of_week                              mrp-time.o
                                                  mrp-calendar.o
mrp_time_debug_print                              mrp-time.o
mrp_time_decompose                                mrp-time.o
mrp_time_format                                   mrp-time.o
mrp_time_format_locale                            mrp-time.o
mrp_time_from_string                              mrp-time.o
mrp_time_from_tm                                  mrp-time.o
mrp_time_month_name                               mrp-time.o
mrp_time_month_name_initial                       mrp-time.o
mrp_time_to_string                                mrp-time.o
mrp_time_week_number                              mrp-time.o
project_do_save                                   mrp-project.o
putenv                                            c:/mingw/bin/../lib/gcc/mingw32/4.5.0/../../../libmoldname.a(dgzls00062.o)
                                                  mrp-time.o
renewProject                                      mrp-project.o
resourceNotEnough                                 mrp-task-manager.o
sortTasklistsByFinishTime                         mrp-task-manager.o
sortTasklistsByStartTime                          mrp-task-manager.o
sortTasklistsFunction                             mrp-task-manager.o
sortTasklistsFunctionByFinish                     mrp-task-manager.o
sscanf                                            c:/mingw/bin/../lib/gcc/mingw32/4.5.0/../../../libmsvcrt.a(duyms00712.o)
                                                  mrp-time.o
strcmp                                            c:/mingw/bin/../lib/gcc/mingw32/4.5.0/../../../libmsvcrt.a(duyms00715.o)
                                                  mrp-task.o
                                                  mrp-resource.o
                                                  mrp-project.o
                                                  mrp-group.o
                                                  mrp-qualification.o
strcpy                                            c:/mingw/bin/../lib/gcc/mingw32/4.5.0/../../../libmsvcrt.a(duyms00717.o)
                                                  mrp-time.o
strftime                                          c:/mingw/bin/../lib/gcc/mingw32/4.5.0/../../../libmsvcrt.a(duyms00720.o)
                                                  mrp-time.o
strlen                                            c:/mingw/bin/../lib/gcc/mingw32/4.5.0/../../../libmsvcrt.a(duyms00721.o)
                                                  mrp-time.o
strncmp                                           c:/mingw/bin/../lib/gcc/mingw32/4.5.0/../../../libmsvcrt.a(duyms00723.o)
                                                  mrp-project.o
strstr                                            c:/mingw/bin/../lib/gcc/mingw32/4.5.0/../../../libmsvcrt.a(duyms00728.o)
                                                  mrp-project.o
task_manager_build_dependency_graph_for_node      mrp-task-manager.o
task_remove_assignments                           mrp-task.o
theTaskResourceNumber                             mrp-task-manager.o
time                                              c:/mingw/bin/../lib/gcc/mingw32/4.5.0/../../../libmsvcrt.a(duyms00739.o)
                                                  mrp-time.o
totalduration                                     mrp-task-manager.o
vfprintf                                          c:/mingw/bin/../lib/gcc/mingw32/4.5.0/../../../libmsvcrt.a(duyms00748.o)
                                                  c:/mingw/bin/../lib/gcc/mingw32/4.5.0/../../../libmingw32.a(pseudo-reloc.o)
