Archive member included because of file (symbol)

planner.a(d000289.o)          planner-xml-planner-plugin.o (planner_conf_get_string)
planner.a(d000377.o)          planner-xml-planner-plugin.o (planner_plugin_get_type)
planner.a(d000550.o)          planner-xml-planner-plugin.o (planner_window_get_project)
planner.a(d000292.o)          planner-xml-planner-plugin.o (planner_conf_set_string)
planner.a(d000552.o)          planner-xml-planner-plugin.o (planner_window_get_ui_manager)
planner.a(d000197.o)          planner.a(d000289.o) (_head_planner_exe)
planner.a(d000584.o)          planner.a(d000197.o) (planner_exe_iname)
C:/MinGW/msys/1.0/dev/lib/libgtk-win32-2.0.dll.a(d003741.o)
                              planner-xml-planner-plugin.o (gtk_window_get_type)
C:/MinGW/msys/1.0/dev/lib/libgtk-win32-2.0.dll.a(d000987.o)
                              planner-xml-planner-plugin.o (gtk_file_chooser_dialog_new)
C:/MinGW/msys/1.0/dev/lib/libgtk-win32-2.0.dll.a(d003795.o)
                              planner-xml-planner-plugin.o (gtk_window_set_modal)
C:/MinGW/msys/1.0/dev/lib/libgtk-win32-2.0.dll.a(d001011.o)
                              planner-xml-planner-plugin.o (gtk_file_chooser_get_type)
C:/MinGW/msys/1.0/dev/lib/libgtk-win32-2.0.dll.a(d001029.o)
                              planner-xml-planner-plugin.o (gtk_file_chooser_set_current_folder_utf8)
C:/MinGW/msys/1.0/dev/lib/libgtk-win32-2.0.dll.a(d000746.o)
                              planner-xml-planner-plugin.o (gtk_dialog_get_type)
C:/MinGW/msys/1.0/dev/lib/libgtk-win32-2.0.dll.a(d000751.o)
                              planner-xml-planner-plugin.o (gtk_dialog_run)
C:/MinGW/msys/1.0/dev/lib/libgtk-win32-2.0.dll.a(d000999.o)
                              planner-xml-planner-plugin.o (gtk_file_chooser_get_filename_utf8)
C:/MinGW/msys/1.0/dev/lib/libgtk-win32-2.0.dll.a(d003534.o)
                              planner-xml-planner-plugin.o (gtk_widget_destroy)
C:/MinGW/msys/1.0/dev/lib/libgtk-win32-2.0.dll.a(d001690.o)
                              planner-xml-planner-plugin.o (gtk_message_dialog_new)
C:/MinGW/msys/1.0/dev/lib/libgtk-win32-2.0.dll.a(d000126.o)
                              planner-xml-planner-plugin.o (gtk_action_group_new)
C:/MinGW/msys/1.0/dev/lib/libgtk-win32-2.0.dll.a(d000130.o)
                              planner-xml-planner-plugin.o (gtk_action_group_set_translation_domain)
C:/MinGW/msys/1.0/dev/lib/libgtk-win32-2.0.dll.a(d000114.o)
                              planner-xml-planner-plugin.o (gtk_action_group_add_actions)
C:/MinGW/msys/1.0/dev/lib/libgtk-win32-2.0.dll.a(d003479.o)
                              planner-xml-planner-plugin.o (gtk_ui_manager_insert_action_group)
C:/MinGW/msys/1.0/dev/lib/libgtk-win32-2.0.dll.a(d003468.o)
                              planner-xml-planner-plugin.o (gtk_ui_manager_add_ui_from_file_utf8)
C:/MinGW/msys/1.0/dev/lib/libgtk-win32-2.0.dll.a(d003470.o)
                              planner-xml-planner-plugin.o (gtk_ui_manager_ensure_update)
C:/MinGW/msys/1.0/dev/lib/libgtk-win32-2.0.dll.a(d003483.o)
                              planner-xml-planner-plugin.o (gtk_ui_manager_remove_action_group)
C:/MinGW/msys/1.0/dev/lib/libgtk-win32-2.0.dll.a(d000000.o)
                              C:/MinGW/msys/1.0/dev/lib/libgtk-win32-2.0.dll.a(d003741.o) (_head_libgtk_win32_2_0_0_dll)
C:/MinGW/msys/1.0/dev/lib/libgtk-win32-2.0.dll.a(d003816.o)
                              C:/MinGW/msys/1.0/dev/lib/libgtk-win32-2.0.dll.a(d000000.o) (libgtk_win32_2_0_0_dll_iname)
C:/MinGW/msys/1.0/dev/lib/libgobject-2.0.dll.a(d000223.o)
                              planner-xml-planner-plugin.o (g_type_check_instance_cast)
C:/MinGW/msys/1.0/dev/lib/libgobject-2.0.dll.a(d000118.o)
                              planner-xml-planner-plugin.o (g_object_unref)
C:/MinGW/msys/1.0/dev/lib/libgobject-2.0.dll.a(d000000.o)
                              C:/MinGW/msys/1.0/dev/lib/libgobject-2.0.dll.a(d000223.o) (_head_libgobject_2_0_0_dll)
C:/MinGW/msys/1.0/dev/lib/libgobject-2.0.dll.a(d000368.o)
                              C:/MinGW/msys/1.0/dev/lib/libgobject-2.0.dll.a(d000000.o) (libgobject_2_0_0_dll_iname)
C:/MinGW/msys/1.0/dev/lib/libglib-2.0.dll.a(d000332.o)
                              planner-xml-planner-plugin.o (g_get_home_dir_utf8)
C:/MinGW/msys/1.0/dev/lib/libglib-2.0.dll.a(d001009.o)
                              planner-xml-planner-plugin.o (g_strdup)
C:/MinGW/msys/1.0/dev/lib/libglib-2.0.dll.a(d000324.o)
                              planner-xml-planner-plugin.o (g_free)
C:/MinGW/msys/1.0/dev/lib/libglib-2.0.dll.a(d000998.o)
                              planner-xml-planner-plugin.o (g_str_has_suffix)
C:/MinGW/msys/1.0/dev/lib/libglib-2.0.dll.a(d001006.o)
                              planner-xml-planner-plugin.o (g_strconcat)
C:/MinGW/msys/1.0/dev/lib/libglib-2.0.dll.a(d000313.o)
                              planner-xml-planner-plugin.o (g_file_test_utf8)
C:/MinGW/msys/1.0/dev/lib/libglib-2.0.dll.a(d000538.o)
                              planner-xml-planner-plugin.o (g_log)
C:/MinGW/msys/1.0/dev/lib/libglib-2.0.dll.a(d000701.o)
                              planner-xml-planner-plugin.o (g_path_get_dirname)
C:/MinGW/msys/1.0/dev/lib/libglib-2.0.dll.a(d000583.o)
                              planner-xml-planner-plugin.o (g_malloc0_n)
C:/MinGW/msys/1.0/dev/lib/libglib-2.0.dll.a(d000000.o)
                              C:/MinGW/msys/1.0/dev/lib/libglib-2.0.dll.a(d000332.o) (_head_libglib_2_0_0_dll)
C:/MinGW/msys/1.0/dev/lib/libglib-2.0.dll.a(d001426.o)
                              C:/MinGW/msys/1.0/dev/lib/libglib-2.0.dll.a(d000000.o) (libglib_2_0_0_dll_iname)
C:/MinGW/msys/1.0/dev/lib/libintl.dll.a(d000017.o)
                              planner-xml-planner-plugin.o (libintl_gettext)
C:/MinGW/msys/1.0/dev/lib/libintl.dll.a(d000000.o)
                              C:/MinGW/msys/1.0/dev/lib/libintl.dll.a(d000017.o) (_head_intl_dll)
C:/MinGW/msys/1.0/dev/lib/libintl.dll.a(d000031.o)
                              C:/MinGW/msys/1.0/dev/lib/libintl.dll.a(d000000.o) (intl_dll_iname)
c:/mingw/bin/../lib/gcc/mingw32/4.5.0/../../../libmingw32.a(tlssup.o)
                              c:/mingw/bin/../lib/gcc/mingw32/4.5.0/../../../dllcrt2.o (__dyn_tls_init_callback)
c:/mingw/bin/../lib/gcc/mingw32/4.5.0/../../../libmingw32.a(pseudo-reloc.o)
                              c:/mingw/bin/../lib/gcc/mingw32/4.5.0/../../../dllcrt2.o (_pei386_runtime_relocator)
c:/mingw/bin/../lib/gcc/mingw32/4.5.0/../../../libmingw32.a(gccmain.o)
                              c:/mingw/bin/../lib/gcc/mingw32/4.5.0/../../../dllcrt2.o (__main)
c:/mingw/bin/../lib/gcc/mingw32/4.5.0/../../../libmingw32.a(dllmain.o)
                              c:/mingw/bin/../lib/gcc/mingw32/4.5.0/../../../dllcrt2.o (DllMain@12)
c:/mingw/bin/../lib/gcc/mingw32/4.5.0/../../../libmingw32.a(crtst.o)
                              c:/mingw/bin/../lib/gcc/mingw32/4.5.0/../../../libmingw32.a(tlssup.o) (_CRT_MT)
c:/mingw/bin/../lib/gcc/mingw32/4.5.0/../../../libmingw32.a(tlsthrd.o)
                              c:/mingw/bin/../lib/gcc/mingw32/4.5.0/../../../libmingw32.a(tlssup.o) (__mingw_TLScallback)
c:/mingw/bin/../lib/gcc/mingw32/4.5.0/../../../libmingw32.a(pseudo-reloc-list.o)
                              c:/mingw/bin/../lib/gcc/mingw32/4.5.0/../../../libmingw32.a(pseudo-reloc.o) (__RUNTIME_PSEUDO_RELOC_LIST_END__)
c:/mingw/bin/../lib/gcc/mingw32/4.5.0/libgcc.a(_ctors.o)
                              c:/mingw/bin/../lib/gcc/mingw32/4.5.0/../../../libmingw32.a(gccmain.o) (__CTOR_LIST__)
c:/mingw/bin/../lib/gcc/mingw32/4.5.0/../../../libmsvcrt.a(duyms00052.o)
                              c:/mingw/bin/../lib/gcc/mingw32/4.5.0/../../../dllcrt2.o (__dllonexit)
c:/mingw/bin/../lib/gcc/mingw32/4.5.0/../../../libmsvcrt.a(duyms00625.o)
                              c:/mingw/bin/../lib/gcc/mingw32/4.5.0/../../../dllcrt2.o (free)
c:/mingw/bin/../lib/gcc/mingw32/4.5.0/../../../libmsvcrt.a(duyms00610.o)
                              c:/mingw/bin/../lib/gcc/mingw32/4.5.0/../../../dllcrt2.o (fflush)
c:/mingw/bin/../lib/gcc/mingw32/4.5.0/../../../libmsvcrt.a(duyms00676.o)
                              c:/mingw/bin/../lib/gcc/mingw32/4.5.0/../../../dllcrt2.o (malloc)
c:/mingw/bin/../lib/gcc/mingw32/4.5.0/../../../libmsvcrt.a(duyms00182.o)
                              c:/mingw/bin/../lib/gcc/mingw32/4.5.0/../../../dllcrt2.o (_errno)
c:/mingw/bin/../lib/gcc/mingw32/4.5.0/../../../libmsvcrt.a(duyms00538.o)
                              c:/mingw/bin/../lib/gcc/mingw32/4.5.0/../../../libmingw32.a(tlssup.o) (_imp___winmajor)
c:/mingw/bin/../lib/gcc/mingw32/4.5.0/../../../libmsvcrt.a(duyms00266.o)
                              c:/mingw/bin/../lib/gcc/mingw32/4.5.0/../../../libmingw32.a(pseudo-reloc.o) (_imp___iob)
c:/mingw/bin/../lib/gcc/mingw32/4.5.0/../../../libmsvcrt.a(duyms00633.o)
                              c:/mingw/bin/../lib/gcc/mingw32/4.5.0/../../../libmingw32.a(pseudo-reloc.o) (fwrite)
c:/mingw/bin/../lib/gcc/mingw32/4.5.0/../../../libmsvcrt.a(duyms00748.o)
                              c:/mingw/bin/../lib/gcc/mingw32/4.5.0/../../../libmingw32.a(pseudo-reloc.o) (vfprintf)
c:/mingw/bin/../lib/gcc/mingw32/4.5.0/../../../libmsvcrt.a(duyms00583.o)
                              c:/mingw/bin/../lib/gcc/mingw32/4.5.0/../../../libmingw32.a(pseudo-reloc.o) (abort)
c:/mingw/bin/../lib/gcc/mingw32/4.5.0/../../../libmsvcrt.a(duyms00682.o)
                              c:/mingw/bin/../lib/gcc/mingw32/4.5.0/../../../libmingw32.a(pseudo-reloc.o) (memcpy)
c:/mingw/bin/../lib/gcc/mingw32/4.5.0/../../../libmsvcrt.a(duyms00595.o)
                              c:/mingw/bin/../lib/gcc/mingw32/4.5.0/../../../libmingw32.a(tlsthrd.o) (calloc)
c:/mingw/bin/../lib/gcc/mingw32/4.5.0/../../../libmsvcrt.a(duymh.o)
                              c:/mingw/bin/../lib/gcc/mingw32/4.5.0/../../../libmsvcrt.a(duyms00052.o) (_head_libmsvcrt_a)
c:/mingw/bin/../lib/gcc/mingw32/4.5.0/../../../libmsvcrt.a(duymt.o)
                              c:/mingw/bin/../lib/gcc/mingw32/4.5.0/../../../libmsvcrt.a(duymh.o) (_libmsvcrt_a_iname)
c:/mingw/bin/../lib/gcc/mingw32/4.5.0/../../../libkernel32.a(dkjes00337.o)
                              c:/mingw/bin/../lib/gcc/mingw32/4.5.0/crtbegin.o (GetModuleHandleA@4)
c:/mingw/bin/../lib/gcc/mingw32/4.5.0/../../../libkernel32.a(dkjes00364.o)
                              c:/mingw/bin/../lib/gcc/mingw32/4.5.0/crtbegin.o (GetProcAddress@8)
c:/mingw/bin/../lib/gcc/mingw32/4.5.0/../../../libkernel32.a(dkjes00524.o)
                              c:/mingw/bin/../lib/gcc/mingw32/4.5.0/../../../libmingw32.a(tlssup.o) (LoadLibraryA@4)
c:/mingw/bin/../lib/gcc/mingw32/4.5.0/../../../libkernel32.a(dkjes00214.o)
                              c:/mingw/bin/../lib/gcc/mingw32/4.5.0/../../../libmingw32.a(tlssup.o) (FreeLibrary@4)
c:/mingw/bin/../lib/gcc/mingw32/4.5.0/../../../libkernel32.a(dkjes00801.o)
                              c:/mingw/bin/../lib/gcc/mingw32/4.5.0/../../../libmingw32.a(pseudo-reloc.o) (VirtualQuery@12)
c:/mingw/bin/../lib/gcc/mingw32/4.5.0/../../../libkernel32.a(dkjes00798.o)
                              c:/mingw/bin/../lib/gcc/mingw32/4.5.0/../../../libmingw32.a(pseudo-reloc.o) (VirtualProtect@16)
c:/mingw/bin/../lib/gcc/mingw32/4.5.0/../../../libkernel32.a(dkjes00765.o)
                              c:/mingw/bin/../lib/gcc/mingw32/4.5.0/../../../libmingw32.a(tlsthrd.o) (TlsGetValue@4)
c:/mingw/bin/../lib/gcc/mingw32/4.5.0/../../../libkernel32.a(dkjes00325.o)
                              c:/mingw/bin/../lib/gcc/mingw32/4.5.0/../../../libmingw32.a(tlsthrd.o) (GetLastError@0)
c:/mingw/bin/../lib/gcc/mingw32/4.5.0/../../../libkernel32.a(dkjes00107.o)
                              c:/mingw/bin/../lib/gcc/mingw32/4.5.0/../../../libmingw32.a(tlsthrd.o) (DeleteCriticalSection@4)
c:/mingw/bin/../lib/gcc/mingw32/4.5.0/../../../libkernel32.a(dkjes00492.o)
                              c:/mingw/bin/../lib/gcc/mingw32/4.5.0/../../../libmingw32.a(tlsthrd.o) (InitializeCriticalSection@4)
c:/mingw/bin/../lib/gcc/mingw32/4.5.0/../../../libkernel32.a(dkjes00126.o)
                              c:/mingw/bin/../lib/gcc/mingw32/4.5.0/../../../libmingw32.a(tlsthrd.o) (EnterCriticalSection@4)
c:/mingw/bin/../lib/gcc/mingw32/4.5.0/../../../libkernel32.a(dkjes00523.o)
                              c:/mingw/bin/../lib/gcc/mingw32/4.5.0/../../../libmingw32.a(tlsthrd.o) (LeaveCriticalSection@4)
c:/mingw/bin/../lib/gcc/mingw32/4.5.0/../../../libkernel32.a(dkjeh.o)
                              c:/mingw/bin/../lib/gcc/mingw32/4.5.0/../../../libkernel32.a(dkjes00337.o) (_head_libkernel32_a)
c:/mingw/bin/../lib/gcc/mingw32/4.5.0/../../../libkernel32.a(dkjet.o)
                              c:/mingw/bin/../lib/gcc/mingw32/4.5.0/../../../libkernel32.a(dkjeh.o) (_libkernel32_a_iname)

分配公共符号
公共符号            大小              文件

__DTOR_LIST__       0x8               c:/mingw/bin/../lib/gcc/mingw32/4.5.0/libgcc.a(_ctors.o)
__mingw_gMTKeyDtor  0x10              c:/mingw/bin/../lib/gcc/mingw32/4.5.0/../../../libmingw32.a(tlssup.o)
__CTOR_LIST__       0x8               c:/mingw/bin/../lib/gcc/mingw32/4.5.0/libgcc.a(_ctors.o)
__mingw_gMTRemoveKeyDtor
                    0x10              c:/mingw/bin/../lib/gcc/mingw32/4.5.0/../../../libmingw32.a(tlssup.o)
__mingw_usemthread_dll
                    0x10              c:/mingw/bin/../lib/gcc/mingw32/4.5.0/../../../libmingw32.a(tlssup.o)

Discarded input sections

 .drectve       0x00000000       0x28 planner-xml-planner-plugin.o
 .drectve       0x00000000       0x38 c:/mingw/bin/../lib/gcc/mingw32/4.5.0/libgcc.a(_ctors.o)

内存配置

名称           来源             长度             属性
*default*        0x00000000         0xffffffff

Linker script and memory map

                0x62a40000                __image_base__ = 0x62a40000
                0x00000000                __dll__ = 0x0
                0x62a40000                ___ImageBase = 0x62a40000
                0x00001000                __section_alignment__ = 0x1000
                0x00000200                __file_alignment__ = 0x200
                0x00000004                __major_os_version__ = 0x4
                0x00000000                __minor_os_version__ = 0x0
                0x00000001                __major_image_version__ = 0x1
                0x00000000                __minor_image_version__ = 0x0
                0x00000004                __major_subsystem_version__ = 0x4
                0x00000000                __minor_subsystem_version__ = 0x0
                0x00000003                __subsystem__ = 0x3
                0x00200000                __size_of_stack_reserve__ = 0x200000
                0x00001000                __size_of_stack_commit__ = 0x1000
                0x00100000                __size_of_heap_reserve__ = 0x100000
                0x00001000                __size_of_heap_commit__ = 0x1000
                0x00000000                __loader_flags__ = 0x0
                0x00000000                __dll_characteristics__ = 0x0
LOAD c:/mingw/bin/../lib/gcc/mingw32/4.5.0/../../../dllcrt2.o
LOAD c:/mingw/bin/../lib/gcc/mingw32/4.5.0/crtbegin.o
LOAD planner-xml-planner-plugin.o
LOAD planner.a
LOAD C:/MinGW/msys/1.0/dev/lib/libgnomecanvas-2.dll.a
LOAD C:/MinGW/msys/1.0/dev/lib/libart_lgpl_2.dll.a
LOAD C:/MinGW/msys/1.0/dev/lib/libglade-2.0.dll.a
LOAD C:/MinGW/msys/1.0/dev/lib/libgtk-win32-2.0.dll.a
LOAD C:/MinGW/msys/1.0/dev/lib/libxml2.dll.a
LOAD C:/MinGW/msys/1.0/dev/lib/libz.dll.a
LOAD C:/MinGW/msys/1.0/dev/lib/libiconv.a
LOAD c:/mingw/bin/../lib/gcc/mingw32/4.5.0/../../../libwsock32.a
LOAD C:/MinGW/msys/1.0/dev/lib/libgdk-win32-2.0.dll.a
LOAD C:/MinGW/msys/1.0/dev/lib/libatk-1.0.dll.a
LOAD C:/MinGW/msys/1.0/dev/lib/libgio-2.0.dll.a
LOAD C:/MinGW/msys/1.0/dev/lib/libpangowin32-1.0.dll.a
LOAD c:/mingw/bin/../lib/gcc/mingw32/4.5.0/../../../libgdi32.a
LOAD C:/MinGW/msys/1.0/dev/lib/libpangocairo-1.0.dll.a
LOAD C:/MinGW/msys/1.0/dev/lib/libgdk_pixbuf-2.0.dll.a
LOAD C:/MinGW/msys/1.0/dev/lib/libpng14.dll.a
LOAD C:/MinGW/msys/1.0/dev/lib/libpango-1.0.dll.a
LOAD C:/MinGW/msys/1.0/dev/lib/libcairo.dll.a
LOAD C:/MinGW/msys/1.0/dev/lib/libgobject-2.0.dll.a
LOAD C:/MinGW/msys/1.0/dev/lib/libgmodule-2.0.dll.a
LOAD C:/MinGW/msys/1.0/dev/lib/libgthread-2.0.dll.a
LOAD C:/MinGW/msys/1.0/dev/lib/libglib-2.0.dll.a
LOAD C:/MinGW/msys/1.0/dev/lib/libintl.dll.a
LOAD ../libplanner/libplanner-1.dll
LOAD c:/mingw/bin/../lib/gcc/mingw32/4.5.0/../../../libmingw32.a
LOAD c:/mingw/bin/../lib/gcc/mingw32/4.5.0/libgcc_eh.a
LOAD c:/mingw/bin/../lib/gcc/mingw32/4.5.0/libgcc.a
LOAD c:/mingw/bin/../lib/gcc/mingw32/4.5.0/../../../libmoldname.a
LOAD c:/mingw/bin/../lib/gcc/mingw32/4.5.0/../../../libmingwex.a
LOAD c:/mingw/bin/../lib/gcc/mingw32/4.5.0/../../../libmsvcrt.a
LOAD c:/mingw/bin/../lib/gcc/mingw32/4.5.0/../../../libuser32.a
LOAD c:/mingw/bin/../lib/gcc/mingw32/4.5.0/../../../libkernel32.a
LOAD c:/mingw/bin/../lib/gcc/mingw32/4.5.0/../../../libadvapi32.a
LOAD c:/mingw/bin/../lib/gcc/mingw32/4.5.0/../../../libshell32.a
LOAD c:/mingw/bin/../lib/gcc/mingw32/4.5.0/../../../libmingw32.a
LOAD c:/mingw/bin/../lib/gcc/mingw32/4.5.0/libgcc_eh.a
LOAD c:/mingw/bin/../lib/gcc/mingw32/4.5.0/libgcc.a
LOAD c:/mingw/bin/../lib/gcc/mingw32/4.5.0/../../../libmoldname.a
LOAD c:/mingw/bin/../lib/gcc/mingw32/4.5.0/../../../libmingwex.a
LOAD c:/mingw/bin/../lib/gcc/mingw32/4.5.0/../../../libmsvcrt.a
LOAD c:/mingw/bin/../lib/gcc/mingw32/4.5.0/crtend.o
                0x00000308                . = SIZEOF_HEADERS
                0x00001000                . = ALIGN (__section_alignment__)

.text           0x62a41000     0x1200
 *(.init)
 *(.text)
 .text          0x62a41000      0x1b0 c:/mingw/bin/../lib/gcc/mingw32/4.5.0/../../../dllcrt2.o
                0x62a41000                _onexit
                0x62a41030                atexit
                0x62a410c0                DllMainCRTStartup@12
 .text          0x62a411b0       0xd0 c:/mingw/bin/../lib/gcc/mingw32/4.5.0/crtbegin.o
                0x62a411b0                __gcc_register_frame
                0x62a4123c                __gcc_deregister_frame
 .text          0x62a41280      0x47c planner-xml-planner-plugin.o
                0x62a415c9                plugin_init
                0x62a416ab                plugin_exit
 .text          0x62a416fc        0x8 planner.a(d000289.o)
                0x62a416fc                planner_conf_get_string
 .text          0x62a41704        0x8 planner.a(d000377.o)
                0x62a41704                planner_plugin_get_type
 .text          0x62a4170c        0x8 planner.a(d000550.o)
                0x62a4170c                planner_window_get_project
 .text          0x62a41714        0x8 planner.a(d000292.o)
                0x62a41714                planner_conf_set_string
 .text          0x62a4171c        0x8 planner.a(d000552.o)
                0x62a4171c                planner_window_get_ui_manager
 .text          0x62a41724        0x8 C:/MinGW/msys/1.0/dev/lib/libgtk-win32-2.0.dll.a(d003741.o)
                0x62a41724                gtk_window_get_type
 .text          0x62a4172c        0x8 C:/MinGW/msys/1.0/dev/lib/libgtk-win32-2.0.dll.a(d000987.o)
                0x62a4172c                gtk_file_chooser_dialog_new
 .text          0x62a41734        0x8 C:/MinGW/msys/1.0/dev/lib/libgtk-win32-2.0.dll.a(d003795.o)
                0x62a41734                gtk_window_set_modal
 .text          0x62a4173c        0x8 C:/MinGW/msys/1.0/dev/lib/libgtk-win32-2.0.dll.a(d001011.o)
                0x62a4173c                gtk_file_chooser_get_type
 .text          0x62a41744        0x8 C:/MinGW/msys/1.0/dev/lib/libgtk-win32-2.0.dll.a(d001029.o)
                0x62a41744                gtk_file_chooser_set_current_folder_utf8
 .text          0x62a4174c        0x8 C:/MinGW/msys/1.0/dev/lib/libgtk-win32-2.0.dll.a(d000746.o)
                0x62a4174c                gtk_dialog_get_type
 .text          0x62a41754        0x8 C:/MinGW/msys/1.0/dev/lib/libgtk-win32-2.0.dll.a(d000751.o)
                0x62a41754                gtk_dialog_run
 .text          0x62a4175c        0x8 C:/MinGW/msys/1.0/dev/lib/libgtk-win32-2.0.dll.a(d000999.o)
                0x62a4175c                gtk_file_chooser_get_filename_utf8
 .text          0x62a41764        0x8 C:/MinGW/msys/1.0/dev/lib/libgtk-win32-2.0.dll.a(d003534.o)
                0x62a41764                gtk_widget_destroy
 .text          0x62a4176c        0x8 C:/MinGW/msys/1.0/dev/lib/libgtk-win32-2.0.dll.a(d001690.o)
                0x62a4176c                gtk_message_dialog_new
 .text          0x62a41774        0x8 C:/MinGW/msys/1.0/dev/lib/libgtk-win32-2.0.dll.a(d000126.o)
                0x62a41774                gtk_action_group_new
 .text          0x62a4177c        0x8 C:/MinGW/msys/1.0/dev/lib/libgtk-win32-2.0.dll.a(d000130.o)
                0x62a4177c                gtk_action_group_set_translation_domain
 .text          0x62a41784        0x8 C:/MinGW/msys/1.0/dev/lib/libgtk-win32-2.0.dll.a(d000114.o)
                0x62a41784                gtk_action_group_add_actions
 .text          0x62a4178c        0x8 C:/MinGW/msys/1.0/dev/lib/libgtk-win32-2.0.dll.a(d003479.o)
                0x62a4178c                gtk_ui_manager_insert_action_group
 .text          0x62a41794        0x8 C:/MinGW/msys/1.0/dev/lib/libgtk-win32-2.0.dll.a(d003468.o)
                0x62a41794                gtk_ui_manager_add_ui_from_file_utf8
 .text          0x62a4179c        0x8 C:/MinGW/msys/1.0/dev/lib/libgtk-win32-2.0.dll.a(d003470.o)
                0x62a4179c                gtk_ui_manager_ensure_update
 .text          0x62a417a4        0x8 C:/MinGW/msys/1.0/dev/lib/libgtk-win32-2.0.dll.a(d003483.o)
                0x62a417a4                gtk_ui_manager_remove_action_group
 .text          0x62a417ac        0x8 C:/MinGW/msys/1.0/dev/lib/libgobject-2.0.dll.a(d000223.o)
                0x62a417ac                g_type_check_instance_cast
 .text          0x62a417b4        0x8 C:/MinGW/msys/1.0/dev/lib/libgobject-2.0.dll.a(d000118.o)
                0x62a417b4                g_object_unref
 .text          0x62a417bc        0x8 C:/MinGW/msys/1.0/dev/lib/libglib-2.0.dll.a(d000332.o)
                0x62a417bc                g_get_home_dir_utf8
 .text          0x62a417c4        0x8 C:/MinGW/msys/1.0/dev/lib/libglib-2.0.dll.a(d001009.o)
                0x62a417c4                g_strdup
 .text          0x62a417cc        0x8 C:/MinGW/msys/1.0/dev/lib/libglib-2.0.dll.a(d000324.o)
                0x62a417cc                g_free
 .text          0x62a417d4        0x8 C:/MinGW/msys/1.0/dev/lib/libglib-2.0.dll.a(d000998.o)
                0x62a417d4                g_str_has_suffix
 .text          0x62a417dc        0x8 C:/MinGW/msys/1.0/dev/lib/libglib-2.0.dll.a(d001006.o)
                0x62a417dc                g_strconcat
 .text          0x62a417e4        0x8 C:/MinGW/msys/1.0/dev/lib/libglib-2.0.dll.a(d000313.o)
                0x62a417e4                g_file_test_utf8
 .text          0x62a417ec        0x8 C:/MinGW/msys/1.0/dev/lib/libglib-2.0.dll.a(d000538.o)
                0x62a417ec                g_log
 .text          0x62a417f4        0x8 C:/MinGW/msys/1.0/dev/lib/libglib-2.0.dll.a(d000701.o)
                0x62a417f4                g_path_get_dirname
 .text          0x62a417fc        0x8 C:/MinGW/msys/1.0/dev/lib/libglib-2.0.dll.a(d000583.o)
                0x62a417fc                g_malloc0_n
 .text          0x62a41804        0x8 C:/MinGW/msys/1.0/dev/lib/libintl.dll.a(d000017.o)
                0x62a41804                libintl_gettext
 *fill*         0x62a4180c        0x4 00
 .text          0x62a41810      0x1d0 c:/mingw/bin/../lib/gcc/mingw32/4.5.0/../../../libmingw32.a(tlssup.o)
                0x62a41810                __tlregdtor
                0x62a41860                __dyn_tls_init@12
 .text          0x62a419e0      0x2e0 c:/mingw/bin/../lib/gcc/mingw32/4.5.0/../../../libmingw32.a(pseudo-reloc.o)
                0x62a41b10                _pei386_runtime_relocator
 .text          0x62a41cc0       0xb0 c:/mingw/bin/../lib/gcc/mingw32/4.5.0/../../../libmingw32.a(gccmain.o)
                0x62a41cc0                __do_global_dtors
                0x62a41cf0                __do_global_ctors
                0x62a41d50                __main
 .text          0x62a41d70       0x10 c:/mingw/bin/../lib/gcc/mingw32/4.5.0/../../../libmingw32.a(dllmain.o)
                0x62a41d70                DllMain@12
 .text          0x62a41d80        0x0 c:/mingw/bin/../lib/gcc/mingw32/4.5.0/../../../libmingw32.a(crtst.o)
 .text          0x62a41d80      0x210 c:/mingw/bin/../lib/gcc/mingw32/4.5.0/../../../libmingw32.a(tlsthrd.o)
                0x62a41e00                __mingw_TLScallback
                0x62a41e90                ___w64_mingwthr_remove_key_dtor
                0x62a41f20                ___w64_mingwthr_add_key_dtor
 .text          0x62a41f90        0x0 c:/mingw/bin/../lib/gcc/mingw32/4.5.0/../../../libmingw32.a(pseudo-reloc-list.o)
 .text          0x62a41f90        0x0 c:/mingw/bin/../lib/gcc/mingw32/4.5.0/libgcc.a(_ctors.o)
 .text          0x62a41f90        0x8 c:/mingw/bin/../lib/gcc/mingw32/4.5.0/../../../libmsvcrt.a(duyms00052.o)
                0x62a41f90                __dllonexit
 .text          0x62a41f98        0x8 c:/mingw/bin/../lib/gcc/mingw32/4.5.0/../../../libmsvcrt.a(duyms00625.o)
                0x62a41f98                free
 .text          0x62a41fa0        0x8 c:/mingw/bin/../lib/gcc/mingw32/4.5.0/../../../libmsvcrt.a(duyms00610.o)
                0x62a41fa0                fflush
 .text          0x62a41fa8        0x8 c:/mingw/bin/../lib/gcc/mingw32/4.5.0/../../../libmsvcrt.a(duyms00676.o)
                0x62a41fa8                malloc
 .text          0x62a41fb0        0x8 c:/mingw/bin/../lib/gcc/mingw32/4.5.0/../../../libmsvcrt.a(duyms00182.o)
                0x62a41fb0                _errno
 .text          0x62a41fb8        0x0 c:/mingw/bin/../lib/gcc/mingw32/4.5.0/../../../libmsvcrt.a(duyms00538.o)
 .text          0x62a41fb8        0x0 c:/mingw/bin/../lib/gcc/mingw32/4.5.0/../../../libmsvcrt.a(duyms00266.o)
 .text          0x62a41fb8        0x8 c:/mingw/bin/../lib/gcc/mingw32/4.5.0/../../../libmsvcrt.a(duyms00633.o)
                0x62a41fb8                fwrite
 .text          0x62a41fc0        0x8 c:/mingw/bin/../lib/gcc/mingw32/4.5.0/../../../libmsvcrt.a(duyms00748.o)
                0x62a41fc0                vfprintf
 .text          0x62a41fc8        0x8 c:/mingw/bin/../lib/gcc/mingw32/4.5.0/../../../libmsvcrt.a(duyms00583.o)
                0x62a41fc8                abort
 .text          0x62a41fd0        0x8 c:/mingw/bin/../lib/gcc/mingw32/4.5.0/../../../libmsvcrt.a(duyms00682.o)
                0x62a41fd0                memcpy
 .text          0x62a41fd8        0x8 c:/mingw/bin/../lib/gcc/mingw32/4.5.0/../../../libmsvcrt.a(duyms00595.o)
                0x62a41fd8                calloc
 .text          0x62a41fe0        0x0 c:/mingw/bin/../lib/gcc/mingw32/4.5.0/../../../libmsvcrt.a(duymh.o)
 .text          0x62a41fe0        0x0 c:/mingw/bin/../lib/gcc/mingw32/4.5.0/../../../libmsvcrt.a(duymt.o)
 .text          0x62a41fe0        0x8 c:/mingw/bin/../lib/gcc/mingw32/4.5.0/../../../libkernel32.a(dkjes00337.o)
                0x62a41fe0                GetModuleHandleA@4
 .text          0x62a41fe8        0x8 c:/mingw/bin/../lib/gcc/mingw32/4.5.0/../../../libkernel32.a(dkjes00364.o)
                0x62a41fe8                GetProcAddress@8
 .text          0x62a41ff0        0x8 c:/mingw/bin/../lib/gcc/mingw32/4.5.0/../../../libkernel32.a(dkjes00524.o)
                0x62a41ff0                LoadLibraryA@4
 .text          0x62a41ff8        0x8 c:/mingw/bin/../lib/gcc/mingw32/4.5.0/../../../libkernel32.a(dkjes00214.o)
                0x62a41ff8                FreeLibrary@4
 .text          0x62a42000        0x8 c:/mingw/bin/../lib/gcc/mingw32/4.5.0/../../../libkernel32.a(dkjes00801.o)
                0x62a42000                VirtualQuery@12
 .text          0x62a42008        0x8 c:/mingw/bin/../lib/gcc/mingw32/4.5.0/../../../libkernel32.a(dkjes00798.o)
                0x62a42008                VirtualProtect@16
 .text          0x62a42010        0x8 c:/mingw/bin/../lib/gcc/mingw32/4.5.0/../../../libkernel32.a(dkjes00765.o)
                0x62a42010                TlsGetValue@4
 .text          0x62a42018        0x8 c:/mingw/bin/../lib/gcc/mingw32/4.5.0/../../../libkernel32.a(dkjes00325.o)
                0x62a42018                GetLastError@0
 .text          0x62a42020        0x8 c:/mingw/bin/../lib/gcc/mingw32/4.5.0/../../../libkernel32.a(dkjes00107.o)
                0x62a42020                DeleteCriticalSection@4
 .text          0x62a42028        0x8 c:/mingw/bin/../lib/gcc/mingw32/4.5.0/../../../libkernel32.a(dkjes00492.o)
                0x62a42028                InitializeCriticalSection@4
 .text          0x62a42030        0x8 c:/mingw/bin/../lib/gcc/mingw32/4.5.0/../../../libkernel32.a(dkjes00126.o)
                0x62a42030                EnterCriticalSection@4
 .text          0x62a42038        0x8 c:/mingw/bin/../lib/gcc/mingw32/4.5.0/../../../libkernel32.a(dkjes00523.o)
                0x62a42038                LeaveCriticalSection@4
 .text          0x62a42040        0x0 c:/mingw/bin/../lib/gcc/mingw32/4.5.0/../../../libkernel32.a(dkjeh.o)
 .text          0x62a42040        0x0 c:/mingw/bin/../lib/gcc/mingw32/4.5.0/../../../libkernel32.a(dkjet.o)
 .text          0x62a42040       0x1c c:/mingw/bin/../lib/gcc/mingw32/4.5.0/crtend.o
 .text          0x62a4205c        0x8 d000001.o
                0x62a4205c                mrp_paths_get_ui_dir
 .text          0x62a42064        0x8 d000002.o
                0x62a42064                mrp_project_export
 *(SORT(.text$*))
 *(.text.*)
 *(.glue_7t)
 *(.glue_7)
                0x62a4206c                ___CTOR_LIST__ = .
                0x62a4206c                __CTOR_LIST__ = .
                0x62a4206c        0x4 LONG 0xffffffff
 *(.ctors)
 *(.ctor)
 *(SORT(.ctors.*))
 .ctors.65535   0x62a42070        0x4 c:/mingw/bin/../lib/gcc/mingw32/4.5.0/crtend.o
                0x62a42074        0x4 LONG 0x0
                0x62a42078                ___DTOR_LIST__ = .
                0x62a42078                __DTOR_LIST__ = .
                0x62a42078        0x4 LONG 0xffffffff
 *(.dtors)
 *(.dtor)
 *(SORT(.dtors.*))
                0x62a4207c        0x4 LONG 0x0
 *(.fini)
 *(.gcc_exc)
                0x62a42080                PROVIDE (etext, .)
 *(.gcc_except_table)

.data           0x62a43000      0x200
                0x62a43000                __data_start__ = .
 *(.data)
 .data          0x62a43000        0x0 c:/mingw/bin/../lib/gcc/mingw32/4.5.0/../../../dllcrt2.o
 .data          0x62a43000        0x0 c:/mingw/bin/../lib/gcc/mingw32/4.5.0/crtbegin.o
 .data          0x62a43000        0x0 planner-xml-planner-plugin.o
 .data          0x62a43000        0x0 c:/mingw/bin/../lib/gcc/mingw32/4.5.0/../../../libmingw32.a(tlssup.o)
 .data          0x62a43000        0x0 c:/mingw/bin/../lib/gcc/mingw32/4.5.0/../../../libmingw32.a(pseudo-reloc.o)
 .data          0x62a43000        0x4 c:/mingw/bin/../lib/gcc/mingw32/4.5.0/../../../libmingw32.a(gccmain.o)
 .data          0x62a43004        0x0 c:/mingw/bin/../lib/gcc/mingw32/4.5.0/../../../libmingw32.a(dllmain.o)
 .data          0x62a43004        0x0 c:/mingw/bin/../lib/gcc/mingw32/4.5.0/../../../libmingw32.a(crtst.o)
 .data          0x62a43004        0x0 c:/mingw/bin/../lib/gcc/mingw32/4.5.0/../../../libmingw32.a(tlsthrd.o)
 .data          0x62a43004        0x0 c:/mingw/bin/../lib/gcc/mingw32/4.5.0/../../../libmingw32.a(pseudo-reloc-list.o)
 .data          0x62a43004        0x0 c:/mingw/bin/../lib/gcc/mingw32/4.5.0/libgcc.a(_ctors.o)
 .data          0x62a43004        0x0 c:/mingw/bin/../lib/gcc/mingw32/4.5.0/../../../libmsvcrt.a(duyms00052.o)
 .data          0x62a43004        0x0 c:/mingw/bin/../lib/gcc/mingw32/4.5.0/../../../libmsvcrt.a(duyms00625.o)
 .data          0x62a43004        0x0 c:/mingw/bin/../lib/gcc/mingw32/4.5.0/../../../libmsvcrt.a(duyms00610.o)
 .data          0x62a43004        0x0 c:/mingw/bin/../lib/gcc/mingw32/4.5.0/../../../libmsvcrt.a(duyms00676.o)
 .data          0x62a43004        0x0 c:/mingw/bin/../lib/gcc/mingw32/4.5.0/../../../libmsvcrt.a(duyms00182.o)
 .data          0x62a43004        0x0 c:/mingw/bin/../lib/gcc/mingw32/4.5.0/../../../libmsvcrt.a(duyms00538.o)
 .data          0x62a43004        0x0 c:/mingw/bin/../lib/gcc/mingw32/4.5.0/../../../libmsvcrt.a(duyms00266.o)
 .data          0x62a43004        0x0 c:/mingw/bin/../lib/gcc/mingw32/4.5.0/../../../libmsvcrt.a(duyms00633.o)
 .data          0x62a43004        0x0 c:/mingw/bin/../lib/gcc/mingw32/4.5.0/../../../libmsvcrt.a(duyms00748.o)
 .data          0x62a43004        0x0 c:/mingw/bin/../lib/gcc/mingw32/4.5.0/../../../libmsvcrt.a(duyms00583.o)
 .data          0x62a43004        0x0 c:/mingw/bin/../lib/gcc/mingw32/4.5.0/../../../libmsvcrt.a(duyms00682.o)
 .data          0x62a43004        0x0 c:/mingw/bin/../lib/gcc/mingw32/4.5.0/../../../libmsvcrt.a(duyms00595.o)
 .data          0x62a43004        0x0 c:/mingw/bin/../lib/gcc/mingw32/4.5.0/../../../libmsvcrt.a(duymh.o)
 .data          0x62a43004        0x0 c:/mingw/bin/../lib/gcc/mingw32/4.5.0/../../../libmsvcrt.a(duymt.o)
 .data          0x62a43004        0x0 c:/mingw/bin/../lib/gcc/mingw32/4.5.0/../../../libkernel32.a(dkjes00337.o)
 .data          0x62a43004        0x0 c:/mingw/bin/../lib/gcc/mingw32/4.5.0/../../../libkernel32.a(dkjes00364.o)
 .data          0x62a43004        0x0 c:/mingw/bin/../lib/gcc/mingw32/4.5.0/../../../libkernel32.a(dkjes00524.o)
 .data          0x62a43004        0x0 c:/mingw/bin/../lib/gcc/mingw32/4.5.0/../../../libkernel32.a(dkjes00214.o)
 .data          0x62a43004        0x0 c:/mingw/bin/../lib/gcc/mingw32/4.5.0/../../../libkernel32.a(dkjes00801.o)
 .data          0x62a43004        0x0 c:/mingw/bin/../lib/gcc/mingw32/4.5.0/../../../libkernel32.a(dkjes00798.o)
 .data          0x62a43004        0x0 c:/mingw/bin/../lib/gcc/mingw32/4.5.0/../../../libkernel32.a(dkjes00765.o)
 .data          0x62a43004        0x0 c:/mingw/bin/../lib/gcc/mingw32/4.5.0/../../../libkernel32.a(dkjes00325.o)
 .data          0x62a43004        0x0 c:/mingw/bin/../lib/gcc/mingw32/4.5.0/../../../libkernel32.a(dkjes00107.o)
 .data          0x62a43004        0x0 c:/mingw/bin/../lib/gcc/mingw32/4.5.0/../../../libkernel32.a(dkjes00492.o)
 .data          0x62a43004        0x0 c:/mingw/bin/../lib/gcc/mingw32/4.5.0/../../../libkernel32.a(dkjes00126.o)
 .data          0x62a43004        0x0 c:/mingw/bin/../lib/gcc/mingw32/4.5.0/../../../libkernel32.a(dkjes00523.o)
 .data          0x62a43004        0x0 c:/mingw/bin/../lib/gcc/mingw32/4.5.0/../../../libkernel32.a(dkjeh.o)
 .data          0x62a43004        0x0 c:/mingw/bin/../lib/gcc/mingw32/4.5.0/../../../libkernel32.a(dkjet.o)
 .data          0x62a43004        0x0 c:/mingw/bin/../lib/gcc/mingw32/4.5.0/crtend.o
 *(.data2)
 *(SORT(.data$*))
 *(.jcr)
 .jcr           0x62a43004        0x0 c:/mingw/bin/../lib/gcc/mingw32/4.5.0/crtbegin.o
 .jcr           0x62a43004        0x4 c:/mingw/bin/../lib/gcc/mingw32/4.5.0/crtend.o
                0x62a43008                __data_end__ = .
 *(.data_cygwin_nocopy)

.rdata          0x62a44000      0x400
 *(.rdata)
 .rdata         0x62a44000       0x64 c:/mingw/bin/../lib/gcc/mingw32/4.5.0/crtbegin.o
 .rdata         0x62a44064      0x15c planner-xml-planner-plugin.o
 .rdata         0x62a441c0       0x40 c:/mingw/bin/../lib/gcc/mingw32/4.5.0/../../../libmingw32.a(tlssup.o)
                0x62a441fc                __dyn_tls_init_callback
 .rdata         0x62a44200       0xac c:/mingw/bin/../lib/gcc/mingw32/4.5.0/../../../libmingw32.a(pseudo-reloc.o)
 *(SORT(.rdata$*))
                0x62a442ac                ___RUNTIME_PSEUDO_RELOC_LIST__ = .
                0x62a442ac                __RUNTIME_PSEUDO_RELOC_LIST__ = .
 *(.rdata_runtime_pseudo_reloc)
                0x62a442ac                ___RUNTIME_PSEUDO_RELOC_LIST_END__ = .
                0x62a442ac                __RUNTIME_PSEUDO_RELOC_LIST_END__ = .

.eh_frame       0x62a45000      0x200
 *(.eh_frame)
 .eh_frame      0x62a45000        0x0 c:/mingw/bin/../lib/gcc/mingw32/4.5.0/crtbegin.o
 .eh_frame      0x62a45000        0x4 c:/mingw/bin/../lib/gcc/mingw32/4.5.0/crtend.o

.pdata
 *(.pdata)

.bss            0x62a46000      0x104
                0x62a46000                __bss_start__ = .
 *(.bss)
 .bss           0x62a46000       0x20 c:/mingw/bin/../lib/gcc/mingw32/4.5.0/../../../dllcrt2.o
 .bss           0x62a46020       0x18 c:/mingw/bin/../lib/gcc/mingw32/4.5.0/crtbegin.o
 .bss           0x62a46038        0x0 planner-xml-planner-plugin.o
 .bss           0x62a46038       0x20 c:/mingw/bin/../lib/gcc/mingw32/4.5.0/../../../libmingw32.a(tlssup.o)
                0x62a46038                _tls_index
                0x62a4603c                mingw_initltsdrot_force
                0x62a46040                mingw_initltsdyn_force
                0x62a46044                mingw_initltssuo_force
 .bss           0x62a46058       0x10 c:/mingw/bin/../lib/gcc/mingw32/4.5.0/../../../libmingw32.a(pseudo-reloc.o)
 .bss           0x62a46068       0x10 c:/mingw/bin/../lib/gcc/mingw32/4.5.0/../../../libmingw32.a(gccmain.o)
 .bss           0x62a46078        0x0 c:/mingw/bin/../lib/gcc/mingw32/4.5.0/../../../libmingw32.a(dllmain.o)
 .bss           0x62a46078        0x4 c:/mingw/bin/../lib/gcc/mingw32/4.5.0/../../../libmingw32.a(crtst.o)
                0x62a46078                _CRT_MT
 *fill*         0x62a4607c        0x4 00
 .bss           0x62a46080       0x40 c:/mingw/bin/../lib/gcc/mingw32/4.5.0/../../../libmingw32.a(tlsthrd.o)
 .bss           0x62a460c0        0x4 c:/mingw/bin/../lib/gcc/mingw32/4.5.0/../../../libmingw32.a(pseudo-reloc-list.o)
 .bss           0x62a460c4        0x0 c:/mingw/bin/../lib/gcc/mingw32/4.5.0/libgcc.a(_ctors.o)
 .bss           0x62a460c4        0x0 c:/mingw/bin/../lib/gcc/mingw32/4.5.0/../../../libmsvcrt.a(duyms00052.o)
 .bss           0x62a460c4        0x0 c:/mingw/bin/../lib/gcc/mingw32/4.5.0/../../../libmsvcrt.a(duyms00625.o)
 .bss           0x62a460c4        0x0 c:/mingw/bin/../lib/gcc/mingw32/4.5.0/../../../libmsvcrt.a(duyms00610.o)
 .bss           0x62a460c4        0x0 c:/mingw/bin/../lib/gcc/mingw32/4.5.0/../../../libmsvcrt.a(duyms00676.o)
 .bss           0x62a460c4        0x0 c:/mingw/bin/../lib/gcc/mingw32/4.5.0/../../../libmsvcrt.a(duyms00182.o)
 .bss           0x62a460c4        0x0 c:/mingw/bin/../lib/gcc/mingw32/4.5.0/../../../libmsvcrt.a(duyms00538.o)
 .bss           0x62a460c4        0x0 c:/mingw/bin/../lib/gcc/mingw32/4.5.0/../../../libmsvcrt.a(duyms00266.o)
 .bss           0x62a460c4        0x0 c:/mingw/bin/../lib/gcc/mingw32/4.5.0/../../../libmsvcrt.a(duyms00633.o)
 .bss           0x62a460c4        0x0 c:/mingw/bin/../lib/gcc/mingw32/4.5.0/../../../libmsvcrt.a(duyms00748.o)
 .bss           0x62a460c4        0x0 c:/mingw/bin/../lib/gcc/mingw32/4.5.0/../../../libmsvcrt.a(duyms00583.o)
 .bss           0x62a460c4        0x0 c:/mingw/bin/../lib/gcc/mingw32/4.5.0/../../../libmsvcrt.a(duyms00682.o)
 .bss           0x62a460c4        0x0 c:/mingw/bin/../lib/gcc/mingw32/4.5.0/../../../libmsvcrt.a(duyms00595.o)
 .bss           0x62a460c4        0x0 c:/mingw/bin/../lib/gcc/mingw32/4.5.0/../../../libmsvcrt.a(duymh.o)
 .bss           0x62a460c4        0x0 c:/mingw/bin/../lib/gcc/mingw32/4.5.0/../../../libmsvcrt.a(duymt.o)
 .bss           0x62a460c4        0x0 c:/mingw/bin/../lib/gcc/mingw32/4.5.0/../../../libkernel32.a(dkjes00337.o)
 .bss           0x62a460c4        0x0 c:/mingw/bin/../lib/gcc/mingw32/4.5.0/../../../libkernel32.a(dkjes00364.o)
 .bss           0x62a460c4        0x0 c:/mingw/bin/../lib/gcc/mingw32/4.5.0/../../../libkernel32.a(dkjes00524.o)
 .bss           0x62a460c4        0x0 c:/mingw/bin/../lib/gcc/mingw32/4.5.0/../../../libkernel32.a(dkjes00214.o)
 .bss           0x62a460c4        0x0 c:/mingw/bin/../lib/gcc/mingw32/4.5.0/../../../libkernel32.a(dkjes00801.o)
 .bss           0x62a460c4        0x0 c:/mingw/bin/../lib/gcc/mingw32/4.5.0/../../../libkernel32.a(dkjes00798.o)
 .bss           0x62a460c4        0x0 c:/mingw/bin/../lib/gcc/mingw32/4.5.0/../../../libkernel32.a(dkjes00765.o)
 .bss           0x62a460c4        0x0 c:/mingw/bin/../lib/gcc/mingw32/4.5.0/../../../libkernel32.a(dkjes00325.o)
 .bss           0x62a460c4        0x0 c:/mingw/bin/../lib/gcc/mingw32/4.5.0/../../../libkernel32.a(dkjes00107.o)
 .bss           0x62a460c4        0x0 c:/mingw/bin/../lib/gcc/mingw32/4.5.0/../../../libkernel32.a(dkjes00492.o)
 .bss           0x62a460c4        0x0 c:/mingw/bin/../lib/gcc/mingw32/4.5.0/../../../libkernel32.a(dkjes00126.o)
 .bss           0x62a460c4        0x0 c:/mingw/bin/../lib/gcc/mingw32/4.5.0/../../../libkernel32.a(dkjes00523.o)
 .bss           0x62a460c4        0x0 c:/mingw/bin/../lib/gcc/mingw32/4.5.0/../../../libkernel32.a(dkjeh.o)
 .bss           0x62a460c4        0x0 c:/mingw/bin/../lib/gcc/mingw32/4.5.0/../../../libkernel32.a(dkjet.o)
 .bss           0x62a460c4        0x0 c:/mingw/bin/../lib/gcc/mingw32/4.5.0/crtend.o
 *(COMMON)
 COMMON         0x62a460c4       0x30 c:/mingw/bin/../lib/gcc/mingw32/4.5.0/../../../libmingw32.a(tlssup.o)
                0x62a460c4                __mingw_gMTKeyDtor
                0x62a460d4                __mingw_gMTRemoveKeyDtor
                0x62a460e4                __mingw_usemthread_dll
 COMMON         0x62a460f4       0x10 c:/mingw/bin/../lib/gcc/mingw32/4.5.0/libgcc.a(_ctors.o)
                0x62a46104                __bss_end__ = .

.edata          0x62a47000      0x200
 *(.edata)
 .edata         0x62a47000       0x6d dll stuff

/DISCARD/
 *(.debug$S)
 *(.debug$T)
 *(.debug$F)
 *(.drectve)
 *(.note.GNU-stack)
 *(.gnu.lto_*)

.idata          0x62a48000      0xa00
 SORT(*)(.idata$2)
 .idata$2       0x62a48000       0x14 C:/MinGW/msys/1.0/dev/lib/libglib-2.0.dll.a(d000000.o)
                0x62a48000                _head_libglib_2_0_0_dll
 .idata$2       0x62a48014       0x14 C:/MinGW/msys/1.0/dev/lib/libgobject-2.0.dll.a(d000000.o)
                0x62a48014                _head_libgobject_2_0_0_dll
 .idata$2       0x62a48028       0x14 C:/MinGW/msys/1.0/dev/lib/libgtk-win32-2.0.dll.a(d000000.o)
                0x62a48028                _head_libgtk_win32_2_0_0_dll
 .idata$2       0x62a4803c       0x14 C:/MinGW/msys/1.0/dev/lib/libintl.dll.a(d000000.o)
                0x62a4803c                _head_intl_dll
 .idata$2       0x62a48050       0x14 c:/mingw/bin/../lib/gcc/mingw32/4.5.0/../../../libkernel32.a(dkjeh.o)
                0x62a48050                _head_libkernel32_a
 .idata$2       0x62a48064       0x14 c:/mingw/bin/../lib/gcc/mingw32/4.5.0/../../../libmsvcrt.a(duymh.o)
                0x62a48064                _head_libmsvcrt_a
 .idata$2       0x62a48078       0x14 d000000.o
                0x62a48078                _head_libplanner_1_dll
 .idata$2       0x62a4808c       0x14 planner.a(d000197.o)
                0x62a4808c                _head_planner_exe
 SORT(*)(.idata$3)
                0x62a480a0        0x4 LONG 0x0
                0x62a480a4        0x4 LONG 0x0
                0x62a480a8        0x4 LONG 0x0
                0x62a480ac        0x4 LONG 0x0
                0x62a480b0        0x4 LONG 0x0
 SORT(*)(.idata$4)
 .idata$4       0x62a480b4        0x0 C:/MinGW/msys/1.0/dev/lib/libglib-2.0.dll.a(d000000.o)
 .idata$4       0x62a480b4        0x4 C:/MinGW/msys/1.0/dev/lib/libglib-2.0.dll.a(d000313.o)
 .idata$4       0x62a480b8        0x4 C:/MinGW/msys/1.0/dev/lib/libglib-2.0.dll.a(d000324.o)
 .idata$4       0x62a480bc        0x4 C:/MinGW/msys/1.0/dev/lib/libglib-2.0.dll.a(d000332.o)
 .idata$4       0x62a480c0        0x4 C:/MinGW/msys/1.0/dev/lib/libglib-2.0.dll.a(d000538.o)
 .idata$4       0x62a480c4        0x4 C:/MinGW/msys/1.0/dev/lib/libglib-2.0.dll.a(d000583.o)
 .idata$4       0x62a480c8        0x4 C:/MinGW/msys/1.0/dev/lib/libglib-2.0.dll.a(d000701.o)
 .idata$4       0x62a480cc        0x4 C:/MinGW/msys/1.0/dev/lib/libglib-2.0.dll.a(d000998.o)
 .idata$4       0x62a480d0        0x4 C:/MinGW/msys/1.0/dev/lib/libglib-2.0.dll.a(d001006.o)
 .idata$4       0x62a480d4        0x4 C:/MinGW/msys/1.0/dev/lib/libglib-2.0.dll.a(d001009.o)
 .idata$4       0x62a480d8        0x4 C:/MinGW/msys/1.0/dev/lib/libglib-2.0.dll.a(d001426.o)
 .idata$4       0x62a480dc        0x0 C:/MinGW/msys/1.0/dev/lib/libgobject-2.0.dll.a(d000000.o)
 .idata$4       0x62a480dc        0x4 C:/MinGW/msys/1.0/dev/lib/libgobject-2.0.dll.a(d000118.o)
 .idata$4       0x62a480e0        0x4 C:/MinGW/msys/1.0/dev/lib/libgobject-2.0.dll.a(d000223.o)
 .idata$4       0x62a480e4        0x4 C:/MinGW/msys/1.0/dev/lib/libgobject-2.0.dll.a(d000368.o)
 .idata$4       0x62a480e8        0x0 C:/MinGW/msys/1.0/dev/lib/libgtk-win32-2.0.dll.a(d000000.o)
 .idata$4       0x62a480e8        0x4 C:/MinGW/msys/1.0/dev/lib/libgtk-win32-2.0.dll.a(d000114.o)
 .idata$4       0x62a480ec        0x4 C:/MinGW/msys/1.0/dev/lib/libgtk-win32-2.0.dll.a(d000126.o)
 .idata$4       0x62a480f0        0x4 C:/MinGW/msys/1.0/dev/lib/libgtk-win32-2.0.dll.a(d000130.o)
 .idata$4       0x62a480f4        0x4 C:/MinGW/msys/1.0/dev/lib/libgtk-win32-2.0.dll.a(d000746.o)
 .idata$4       0x62a480f8        0x4 C:/MinGW/msys/1.0/dev/lib/libgtk-win32-2.0.dll.a(d000751.o)
 .idata$4       0x62a480fc        0x4 C:/MinGW/msys/1.0/dev/lib/libgtk-win32-2.0.dll.a(d000987.o)
 .idata$4       0x62a48100        0x4 C:/MinGW/msys/1.0/dev/lib/libgtk-win32-2.0.dll.a(d000999.o)
 .idata$4       0x62a48104        0x4 C:/MinGW/msys/1.0/dev/lib/libgtk-win32-2.0.dll.a(d001011.o)
 .idata$4       0x62a48108        0x4 C:/MinGW/msys/1.0/dev/lib/libgtk-win32-2.0.dll.a(d001029.o)
 .idata$4       0x62a4810c        0x4 C:/MinGW/msys/1.0/dev/lib/libgtk-win32-2.0.dll.a(d001690.o)
 .idata$4       0x62a48110        0x4 C:/MinGW/msys/1.0/dev/lib/libgtk-win32-2.0.dll.a(d003468.o)
 .idata$4       0x62a48114        0x4 C:/MinGW/msys/1.0/dev/lib/libgtk-win32-2.0.dll.a(d003470.o)
 .idata$4       0x62a48118        0x4 C:/MinGW/msys/1.0/dev/lib/libgtk-win32-2.0.dll.a(d003479.o)
 .idata$4       0x62a4811c        0x4 C:/MinGW/msys/1.0/dev/lib/libgtk-win32-2.0.dll.a(d003483.o)
 .idata$4       0x62a48120        0x4 C:/MinGW/msys/1.0/dev/lib/libgtk-win32-2.0.dll.a(d003534.o)
 .idata$4       0x62a48124        0x4 C:/MinGW/msys/1.0/dev/lib/libgtk-win32-2.0.dll.a(d003741.o)
 .idata$4       0x62a48128        0x4 C:/MinGW/msys/1.0/dev/lib/libgtk-win32-2.0.dll.a(d003795.o)
 .idata$4       0x62a4812c        0x4 C:/MinGW/msys/1.0/dev/lib/libgtk-win32-2.0.dll.a(d003816.o)
 .idata$4       0x62a48130        0x0 C:/MinGW/msys/1.0/dev/lib/libintl.dll.a(d000000.o)
 .idata$4       0x62a48130        0x4 C:/MinGW/msys/1.0/dev/lib/libintl.dll.a(d000017.o)
 .idata$4       0x62a48134        0x4 C:/MinGW/msys/1.0/dev/lib/libintl.dll.a(d000031.o)
 .idata$4       0x62a48138        0x0 c:/mingw/bin/../lib/gcc/mingw32/4.5.0/../../../libkernel32.a(dkjeh.o)
 .idata$4       0x62a48138        0x4 c:/mingw/bin/../lib/gcc/mingw32/4.5.0/../../../libkernel32.a(dkjes00107.o)
 .idata$4       0x62a4813c        0x4 c:/mingw/bin/../lib/gcc/mingw32/4.5.0/../../../libkernel32.a(dkjes00126.o)
 .idata$4       0x62a48140        0x4 c:/mingw/bin/../lib/gcc/mingw32/4.5.0/../../../libkernel32.a(dkjes00214.o)
 .idata$4       0x62a48144        0x4 c:/mingw/bin/../lib/gcc/mingw32/4.5.0/../../../libkernel32.a(dkjes00325.o)
 .idata$4       0x62a48148        0x4 c:/mingw/bin/../lib/gcc/mingw32/4.5.0/../../../libkernel32.a(dkjes00337.o)
 .idata$4       0x62a4814c        0x4 c:/mingw/bin/../lib/gcc/mingw32/4.5.0/../../../libkernel32.a(dkjes00364.o)
 .idata$4       0x62a48150        0x4 c:/mingw/bin/../lib/gcc/mingw32/4.5.0/../../../libkernel32.a(dkjes00492.o)
 .idata$4       0x62a48154        0x4 c:/mingw/bin/../lib/gcc/mingw32/4.5.0/../../../libkernel32.a(dkjes00523.o)
 .idata$4       0x62a48158        0x4 c:/mingw/bin/../lib/gcc/mingw32/4.5.0/../../../libkernel32.a(dkjes00524.o)
 .idata$4       0x62a4815c        0x4 c:/mingw/bin/../lib/gcc/mingw32/4.5.0/../../../libkernel32.a(dkjes00765.o)
 .idata$4       0x62a48160        0x4 c:/mingw/bin/../lib/gcc/mingw32/4.5.0/../../../libkernel32.a(dkjes00798.o)
 .idata$4       0x62a48164        0x4 c:/mingw/bin/../lib/gcc/mingw32/4.5.0/../../../libkernel32.a(dkjes00801.o)
 .idata$4       0x62a48168        0x4 c:/mingw/bin/../lib/gcc/mingw32/4.5.0/../../../libkernel32.a(dkjet.o)
 .idata$4       0x62a4816c        0x0 c:/mingw/bin/../lib/gcc/mingw32/4.5.0/../../../libmsvcrt.a(duymh.o)
 .idata$4       0x62a4816c        0x4 c:/mingw/bin/../lib/gcc/mingw32/4.5.0/../../../libmsvcrt.a(duyms00052.o)
 .idata$4       0x62a48170        0x4 c:/mingw/bin/../lib/gcc/mingw32/4.5.0/../../../libmsvcrt.a(duyms00182.o)
 .idata$4       0x62a48174        0x4 c:/mingw/bin/../lib/gcc/mingw32/4.5.0/../../../libmsvcrt.a(duyms00266.o)
 .idata$4       0x62a48178        0x4 c:/mingw/bin/../lib/gcc/mingw32/4.5.0/../../../libmsvcrt.a(duyms00538.o)
 .idata$4       0x62a4817c        0x4 c:/mingw/bin/../lib/gcc/mingw32/4.5.0/../../../libmsvcrt.a(duyms00583.o)
 .idata$4       0x62a48180        0x4 c:/mingw/bin/../lib/gcc/mingw32/4.5.0/../../../libmsvcrt.a(duyms00595.o)
 .idata$4       0x62a48184        0x4 c:/mingw/bin/../lib/gcc/mingw32/4.5.0/../../../libmsvcrt.a(duyms00610.o)
 .idata$4       0x62a48188        0x4 c:/mingw/bin/../lib/gcc/mingw32/4.5.0/../../../libmsvcrt.a(duyms00625.o)
 .idata$4       0x62a4818c        0x4 c:/mingw/bin/../lib/gcc/mingw32/4.5.0/../../../libmsvcrt.a(duyms00633.o)
 .idata$4       0x62a48190        0x4 c:/mingw/bin/../lib/gcc/mingw32/4.5.0/../../../libmsvcrt.a(duyms00676.o)
 .idata$4       0x62a48194        0x4 c:/mingw/bin/../lib/gcc/mingw32/4.5.0/../../../libmsvcrt.a(duyms00682.o)
 .idata$4       0x62a48198        0x4 c:/mingw/bin/../lib/gcc/mingw32/4.5.0/../../../libmsvcrt.a(duyms00748.o)
 .idata$4       0x62a4819c        0x4 c:/mingw/bin/../lib/gcc/mingw32/4.5.0/../../../libmsvcrt.a(duymt.o)
 .idata$4       0x62a481a0        0x0 d000000.o
 .idata$4       0x62a481a0        0x4 d000001.o
 .idata$4       0x62a481a4        0x4 d000002.o
 .idata$4       0x62a481a8        0x4 d000003.o
 .idata$4       0x62a481ac        0x0 planner.a(d000197.o)
 .idata$4       0x62a481ac        0x4 planner.a(d000289.o)
 .idata$4       0x62a481b0        0x4 planner.a(d000292.o)
 .idata$4       0x62a481b4        0x4 planner.a(d000377.o)
 .idata$4       0x62a481b8        0x4 planner.a(d000550.o)
 .idata$4       0x62a481bc        0x4 planner.a(d000552.o)
 .idata$4       0x62a481c0        0x4 planner.a(d000584.o)
 SORT(*)(.idata$5)
 .idata$5       0x62a481c4        0x0 C:/MinGW/msys/1.0/dev/lib/libglib-2.0.dll.a(d000000.o)
 .idata$5       0x62a481c4        0x4 C:/MinGW/msys/1.0/dev/lib/libglib-2.0.dll.a(d000313.o)
                0x62a481c4                _imp__g_file_test_utf8
 .idata$5       0x62a481c8        0x4 C:/MinGW/msys/1.0/dev/lib/libglib-2.0.dll.a(d000324.o)
                0x62a481c8                _imp__g_free
 .idata$5       0x62a481cc        0x4 C:/MinGW/msys/1.0/dev/lib/libglib-2.0.dll.a(d000332.o)
                0x62a481cc                _imp__g_get_home_dir_utf8
 .idata$5       0x62a481d0        0x4 C:/MinGW/msys/1.0/dev/lib/libglib-2.0.dll.a(d000538.o)
                0x62a481d0                _imp__g_log
 .idata$5       0x62a481d4        0x4 C:/MinGW/msys/1.0/dev/lib/libglib-2.0.dll.a(d000583.o)
                0x62a481d4                _imp__g_malloc0_n
 .idata$5       0x62a481d8        0x4 C:/MinGW/msys/1.0/dev/lib/libglib-2.0.dll.a(d000701.o)
                0x62a481d8                _imp__g_path_get_dirname
 .idata$5       0x62a481dc        0x4 C:/MinGW/msys/1.0/dev/lib/libglib-2.0.dll.a(d000998.o)
                0x62a481dc                _imp__g_str_has_suffix
 .idata$5       0x62a481e0        0x4 C:/MinGW/msys/1.0/dev/lib/libglib-2.0.dll.a(d001006.o)
                0x62a481e0                _imp__g_strconcat
 .idata$5       0x62a481e4        0x4 C:/MinGW/msys/1.0/dev/lib/libglib-2.0.dll.a(d001009.o)
                0x62a481e4                _imp__g_strdup
 .idata$5       0x62a481e8        0x4 C:/MinGW/msys/1.0/dev/lib/libglib-2.0.dll.a(d001426.o)
 .idata$5       0x62a481ec        0x0 C:/MinGW/msys/1.0/dev/lib/libgobject-2.0.dll.a(d000000.o)
 .idata$5       0x62a481ec        0x4 C:/MinGW/msys/1.0/dev/lib/libgobject-2.0.dll.a(d000118.o)
                0x62a481ec                _imp__g_object_unref
 .idata$5       0x62a481f0        0x4 C:/MinGW/msys/1.0/dev/lib/libgobject-2.0.dll.a(d000223.o)
                0x62a481f0                _imp__g_type_check_instance_cast
 .idata$5       0x62a481f4        0x4 C:/MinGW/msys/1.0/dev/lib/libgobject-2.0.dll.a(d000368.o)
 .idata$5       0x62a481f8        0x0 C:/MinGW/msys/1.0/dev/lib/libgtk-win32-2.0.dll.a(d000000.o)
 .idata$5       0x62a481f8        0x4 C:/MinGW/msys/1.0/dev/lib/libgtk-win32-2.0.dll.a(d000114.o)
                0x62a481f8                _imp__gtk_action_group_add_actions
 .idata$5       0x62a481fc        0x4 C:/MinGW/msys/1.0/dev/lib/libgtk-win32-2.0.dll.a(d000126.o)
                0x62a481fc                _imp__gtk_action_group_new
 .idata$5       0x62a48200        0x4 C:/MinGW/msys/1.0/dev/lib/libgtk-win32-2.0.dll.a(d000130.o)
                0x62a48200                _imp__gtk_action_group_set_translation_domain
 .idata$5       0x62a48204        0x4 C:/MinGW/msys/1.0/dev/lib/libgtk-win32-2.0.dll.a(d000746.o)
                0x62a48204                _imp__gtk_dialog_get_type
 .idata$5       0x62a48208        0x4 C:/MinGW/msys/1.0/dev/lib/libgtk-win32-2.0.dll.a(d000751.o)
                0x62a48208                _imp__gtk_dialog_run
 .idata$5       0x62a4820c        0x4 C:/MinGW/msys/1.0/dev/lib/libgtk-win32-2.0.dll.a(d000987.o)
                0x62a4820c                _imp__gtk_file_chooser_dialog_new
 .idata$5       0x62a48210        0x4 C:/MinGW/msys/1.0/dev/lib/libgtk-win32-2.0.dll.a(d000999.o)
                0x62a48210                _imp__gtk_file_chooser_get_filename_utf8
 .idata$5       0x62a48214        0x4 C:/MinGW/msys/1.0/dev/lib/libgtk-win32-2.0.dll.a(d001011.o)
                0x62a48214                _imp__gtk_file_chooser_get_type
 .idata$5       0x62a48218        0x4 C:/MinGW/msys/1.0/dev/lib/libgtk-win32-2.0.dll.a(d001029.o)
                0x62a48218                _imp__gtk_file_chooser_set_current_folder_utf8
 .idata$5       0x62a4821c        0x4 C:/MinGW/msys/1.0/dev/lib/libgtk-win32-2.0.dll.a(d001690.o)
                0x62a4821c                _imp__gtk_message_dialog_new
 .idata$5       0x62a48220        0x4 C:/MinGW/msys/1.0/dev/lib/libgtk-win32-2.0.dll.a(d003468.o)
                0x62a48220                _imp__gtk_ui_manager_add_ui_from_file_utf8
 .idata$5       0x62a48224        0x4 C:/MinGW/msys/1.0/dev/lib/libgtk-win32-2.0.dll.a(d003470.o)
                0x62a48224                _imp__gtk_ui_manager_ensure_update
 .idata$5       0x62a48228        0x4 C:/MinGW/msys/1.0/dev/lib/libgtk-win32-2.0.dll.a(d003479.o)
                0x62a48228                _imp__gtk_ui_manager_insert_action_group
 .idata$5       0x62a4822c        0x4 C:/MinGW/msys/1.0/dev/lib/libgtk-win32-2.0.dll.a(d003483.o)
                0x62a4822c                _imp__gtk_ui_manager_remove_action_group
 .idata$5       0x62a48230        0x4 C:/MinGW/msys/1.0/dev/lib/libgtk-win32-2.0.dll.a(d003534.o)
                0x62a48230                _imp__gtk_widget_destroy
 .idata$5       0x62a48234        0x4 C:/MinGW/msys/1.0/dev/lib/libgtk-win32-2.0.dll.a(d003741.o)
                0x62a48234                _imp__gtk_window_get_type
 .idata$5       0x62a48238        0x4 C:/MinGW/msys/1.0/dev/lib/libgtk-win32-2.0.dll.a(d003795.o)
                0x62a48238                _imp__gtk_window_set_modal
 .idata$5       0x62a4823c        0x4 C:/MinGW/msys/1.0/dev/lib/libgtk-win32-2.0.dll.a(d003816.o)
 .idata$5       0x62a48240        0x0 C:/MinGW/msys/1.0/dev/lib/libintl.dll.a(d000000.o)
 .idata$5       0x62a48240        0x4 C:/MinGW/msys/1.0/dev/lib/libintl.dll.a(d000017.o)
                0x62a48240                _imp__libintl_gettext
 .idata$5       0x62a48244        0x4 C:/MinGW/msys/1.0/dev/lib/libintl.dll.a(d000031.o)
 .idata$5       0x62a48248        0x0 c:/mingw/bin/../lib/gcc/mingw32/4.5.0/../../../libkernel32.a(dkjeh.o)
 .idata$5       0x62a48248        0x4 c:/mingw/bin/../lib/gcc/mingw32/4.5.0/../../../libkernel32.a(dkjes00107.o)
                0x62a48248                _imp__DeleteCriticalSection@4
 .idata$5       0x62a4824c        0x4 c:/mingw/bin/../lib/gcc/mingw32/4.5.0/../../../libkernel32.a(dkjes00126.o)
                0x62a4824c                _imp__EnterCriticalSection@4
 .idata$5       0x62a48250        0x4 c:/mingw/bin/../lib/gcc/mingw32/4.5.0/../../../libkernel32.a(dkjes00214.o)
                0x62a48250                _imp__FreeLibrary@4
 .idata$5       0x62a48254        0x4 c:/mingw/bin/../lib/gcc/mingw32/4.5.0/../../../libkernel32.a(dkjes00325.o)
                0x62a48254                _imp__GetLastError@0
 .idata$5       0x62a48258        0x4 c:/mingw/bin/../lib/gcc/mingw32/4.5.0/../../../libkernel32.a(dkjes00337.o)
                0x62a48258                _imp__GetModuleHandleA@4
 .idata$5       0x62a4825c        0x4 c:/mingw/bin/../lib/gcc/mingw32/4.5.0/../../../libkernel32.a(dkjes00364.o)
                0x62a4825c                _imp__GetProcAddress@8
 .idata$5       0x62a48260        0x4 c:/mingw/bin/../lib/gcc/mingw32/4.5.0/../../../libkernel32.a(dkjes00492.o)
                0x62a48260                _imp__InitializeCriticalSection@4
 .idata$5       0x62a48264        0x4 c:/mingw/bin/../lib/gcc/mingw32/4.5.0/../../../libkernel32.a(dkjes00523.o)
                0x62a48264                _imp__LeaveCriticalSection@4
 .idata$5       0x62a48268        0x4 c:/mingw/bin/../lib/gcc/mingw32/4.5.0/../../../libkernel32.a(dkjes00524.o)
                0x62a48268                _imp__LoadLibraryA@4
 .idata$5       0x62a4826c        0x4 c:/mingw/bin/../lib/gcc/mingw32/4.5.0/../../../libkernel32.a(dkjes00765.o)
                0x62a4826c                _imp__TlsGetValue@4
 .idata$5       0x62a48270        0x4 c:/mingw/bin/../lib/gcc/mingw32/4.5.0/../../../libkernel32.a(dkjes00798.o)
                0x62a48270                _imp__VirtualProtect@16
 .idata$5       0x62a48274        0x4 c:/mingw/bin/../lib/gcc/mingw32/4.5.0/../../../libkernel32.a(dkjes00801.o)
                0x62a48274                _imp__VirtualQuery@12
 .idata$5       0x62a48278        0x4 c:/mingw/bin/../lib/gcc/mingw32/4.5.0/../../../libkernel32.a(dkjet.o)
 .idata$5       0x62a4827c        0x0 c:/mingw/bin/../lib/gcc/mingw32/4.5.0/../../../libmsvcrt.a(duymh.o)
 .idata$5       0x62a4827c        0x4 c:/mingw/bin/../lib/gcc/mingw32/4.5.0/../../../libmsvcrt.a(duyms00052.o)
                0x62a4827c                _imp____dllonexit
 .idata$5       0x62a48280        0x4 c:/mingw/bin/../lib/gcc/mingw32/4.5.0/../../../libmsvcrt.a(duyms00182.o)
                0x62a48280                _imp___errno
 .idata$5       0x62a48284        0x4 c:/mingw/bin/../lib/gcc/mingw32/4.5.0/../../../libmsvcrt.a(duyms00266.o)
                0x62a48284                _imp___iob
 .idata$5       0x62a48288        0x4 c:/mingw/bin/../lib/gcc/mingw32/4.5.0/../../../libmsvcrt.a(duyms00538.o)
                0x62a48288                _imp___winmajor
 .idata$5       0x62a4828c        0x4 c:/mingw/bin/../lib/gcc/mingw32/4.5.0/../../../libmsvcrt.a(duyms00583.o)
                0x62a4828c                _imp__abort
 .idata$5       0x62a48290        0x4 c:/mingw/bin/../lib/gcc/mingw32/4.5.0/../../../libmsvcrt.a(duyms00595.o)
                0x62a48290                _imp__calloc
 .idata$5       0x62a48294        0x4 c:/mingw/bin/../lib/gcc/mingw32/4.5.0/../../../libmsvcrt.a(duyms00610.o)
                0x62a48294                _imp__fflush
 .idata$5       0x62a48298        0x4 c:/mingw/bin/../lib/gcc/mingw32/4.5.0/../../../libmsvcrt.a(duyms00625.o)
                0x62a48298                _imp__free
 .idata$5       0x62a4829c        0x4 c:/mingw/bin/../lib/gcc/mingw32/4.5.0/../../../libmsvcrt.a(duyms00633.o)
                0x62a4829c                _imp__fwrite
 .idata$5       0x62a482a0        0x4 c:/mingw/bin/../lib/gcc/mingw32/4.5.0/../../../libmsvcrt.a(duyms00676.o)
                0x62a482a0                _imp__malloc
 .idata$5       0x62a482a4        0x4 c:/mingw/bin/../lib/gcc/mingw32/4.5.0/../../../libmsvcrt.a(duyms00682.o)
                0x62a482a4                _imp__memcpy
 .idata$5       0x62a482a8        0x4 c:/mingw/bin/../lib/gcc/mingw32/4.5.0/../../../libmsvcrt.a(duyms00748.o)
                0x62a482a8                _imp__vfprintf
 .idata$5       0x62a482ac        0x4 c:/mingw/bin/../lib/gcc/mingw32/4.5.0/../../../libmsvcrt.a(duymt.o)
 .idata$5       0x62a482b0        0x0 d000000.o
 .idata$5       0x62a482b0        0x4 d000001.o
                0x62a482b0                _imp__mrp_paths_get_ui_dir
 .idata$5       0x62a482b4        0x4 d000002.o
                0x62a482b4                _imp__mrp_project_export
 .idata$5       0x62a482b8        0x4 d000003.o
 .idata$5       0x62a482bc        0x0 planner.a(d000197.o)
 .idata$5       0x62a482bc        0x4 planner.a(d000289.o)
                0x62a482bc                _imp__planner_conf_get_string
 .idata$5       0x62a482c0        0x4 planner.a(d000292.o)
                0x62a482c0                _imp__planner_conf_set_string
 .idata$5       0x62a482c4        0x4 planner.a(d000377.o)
                0x62a482c4                _imp__planner_plugin_get_type
 .idata$5       0x62a482c8        0x4 planner.a(d000550.o)
                0x62a482c8                _imp__planner_window_get_project
 .idata$5       0x62a482cc        0x4 planner.a(d000552.o)
                0x62a482cc                _imp__planner_window_get_ui_manager
 .idata$5       0x62a482d0        0x4 planner.a(d000584.o)
 SORT(*)(.idata$6)
 .idata$6       0x62a482d4       0x14 C:/MinGW/msys/1.0/dev/lib/libglib-2.0.dll.a(d000313.o)
 .idata$6       0x62a482e8        0xc C:/MinGW/msys/1.0/dev/lib/libglib-2.0.dll.a(d000324.o)
 .idata$6       0x62a482f4       0x18 C:/MinGW/msys/1.0/dev/lib/libglib-2.0.dll.a(d000332.o)
 .idata$6       0x62a4830c        0x8 C:/MinGW/msys/1.0/dev/lib/libglib-2.0.dll.a(d000538.o)
 .idata$6       0x62a48314       0x10 C:/MinGW/msys/1.0/dev/lib/libglib-2.0.dll.a(d000583.o)
 .idata$6       0x62a48324       0x18 C:/MinGW/msys/1.0/dev/lib/libglib-2.0.dll.a(d000701.o)
 .idata$6       0x62a4833c       0x14 C:/MinGW/msys/1.0/dev/lib/libglib-2.0.dll.a(d000998.o)
 .idata$6       0x62a48350       0x10 C:/MinGW/msys/1.0/dev/lib/libglib-2.0.dll.a(d001006.o)
 .idata$6       0x62a48360        0xc C:/MinGW/msys/1.0/dev/lib/libglib-2.0.dll.a(d001009.o)
 .idata$6       0x62a4836c       0x14 C:/MinGW/msys/1.0/dev/lib/libgobject-2.0.dll.a(d000118.o)
 .idata$6       0x62a48380       0x20 C:/MinGW/msys/1.0/dev/lib/libgobject-2.0.dll.a(d000223.o)
 .idata$6       0x62a483a0       0x20 C:/MinGW/msys/1.0/dev/lib/libgtk-win32-2.0.dll.a(d000114.o)
 .idata$6       0x62a483c0       0x18 C:/MinGW/msys/1.0/dev/lib/libgtk-win32-2.0.dll.a(d000126.o)
 .idata$6       0x62a483d8       0x2c C:/MinGW/msys/1.0/dev/lib/libgtk-win32-2.0.dll.a(d000130.o)
 .idata$6       0x62a48404       0x18 C:/MinGW/msys/1.0/dev/lib/libgtk-win32-2.0.dll.a(d000746.o)
 .idata$6       0x62a4841c       0x14 C:/MinGW/msys/1.0/dev/lib/libgtk-win32-2.0.dll.a(d000751.o)
 .idata$6       0x62a48430       0x20 C:/MinGW/msys/1.0/dev/lib/libgtk-win32-2.0.dll.a(d000987.o)
 .idata$6       0x62a48450       0x28 C:/MinGW/msys/1.0/dev/lib/libgtk-win32-2.0.dll.a(d000999.o)
 .idata$6       0x62a48478       0x1c C:/MinGW/msys/1.0/dev/lib/libgtk-win32-2.0.dll.a(d001011.o)
 .idata$6       0x62a48494       0x2c C:/MinGW/msys/1.0/dev/lib/libgtk-win32-2.0.dll.a(d001029.o)
 .idata$6       0x62a484c0       0x1c C:/MinGW/msys/1.0/dev/lib/libgtk-win32-2.0.dll.a(d001690.o)
 .idata$6       0x62a484dc       0x28 C:/MinGW/msys/1.0/dev/lib/libgtk-win32-2.0.dll.a(d003468.o)
 .idata$6       0x62a48504       0x20 C:/MinGW/msys/1.0/dev/lib/libgtk-win32-2.0.dll.a(d003470.o)
 .idata$6       0x62a48524       0x28 C:/MinGW/msys/1.0/dev/lib/libgtk-win32-2.0.dll.a(d003479.o)
 .idata$6       0x62a4854c       0x28 C:/MinGW/msys/1.0/dev/lib/libgtk-win32-2.0.dll.a(d003483.o)
 .idata$6       0x62a48574       0x18 C:/MinGW/msys/1.0/dev/lib/libgtk-win32-2.0.dll.a(d003534.o)
 .idata$6       0x62a4858c       0x18 C:/MinGW/msys/1.0/dev/lib/libgtk-win32-2.0.dll.a(d003741.o)
 .idata$6       0x62a485a4       0x18 C:/MinGW/msys/1.0/dev/lib/libgtk-win32-2.0.dll.a(d003795.o)
 .idata$6       0x62a485bc       0x14 C:/MinGW/msys/1.0/dev/lib/libintl.dll.a(d000017.o)
 .idata$6       0x62a485d0       0x18 c:/mingw/bin/../lib/gcc/mingw32/4.5.0/../../../libkernel32.a(dkjes00107.o)
 .idata$6       0x62a485e8       0x18 c:/mingw/bin/../lib/gcc/mingw32/4.5.0/../../../libkernel32.a(dkjes00126.o)
 .idata$6       0x62a48600        0xe c:/mingw/bin/../lib/gcc/mingw32/4.5.0/../../../libkernel32.a(dkjes00214.o)
 .idata$6       0x62a4860e       0x10 c:/mingw/bin/../lib/gcc/mingw32/4.5.0/../../../libkernel32.a(dkjes00325.o)
 .idata$6       0x62a4861e       0x14 c:/mingw/bin/../lib/gcc/mingw32/4.5.0/../../../libkernel32.a(dkjes00337.o)
 .idata$6       0x62a48632       0x12 c:/mingw/bin/../lib/gcc/mingw32/4.5.0/../../../libkernel32.a(dkjes00364.o)
 .idata$6       0x62a48644       0x1c c:/mingw/bin/../lib/gcc/mingw32/4.5.0/../../../libkernel32.a(dkjes00492.o)
 .idata$6       0x62a48660       0x18 c:/mingw/bin/../lib/gcc/mingw32/4.5.0/../../../libkernel32.a(dkjes00523.o)
 .idata$6       0x62a48678       0x10 c:/mingw/bin/../lib/gcc/mingw32/4.5.0/../../../libkernel32.a(dkjes00524.o)
 .idata$6       0x62a48688        0xe c:/mingw/bin/../lib/gcc/mingw32/4.5.0/../../../libkernel32.a(dkjes00765.o)
 .idata$6       0x62a48696       0x12 c:/mingw/bin/../lib/gcc/mingw32/4.5.0/../../../libkernel32.a(dkjes00798.o)
 .idata$6       0x62a486a8       0x10 c:/mingw/bin/../lib/gcc/mingw32/4.5.0/../../../libkernel32.a(dkjes00801.o)
 .idata$6       0x62a486b8        0xe c:/mingw/bin/../lib/gcc/mingw32/4.5.0/../../../libmsvcrt.a(duyms00052.o)
 .idata$6       0x62a486c6        0xa c:/mingw/bin/../lib/gcc/mingw32/4.5.0/../../../libmsvcrt.a(duyms00182.o)
 .idata$6       0x62a486d0        0x8 c:/mingw/bin/../lib/gcc/mingw32/4.5.0/../../../libmsvcrt.a(duyms00266.o)
 .idata$6       0x62a486d8        0xc c:/mingw/bin/../lib/gcc/mingw32/4.5.0/../../../libmsvcrt.a(duyms00538.o)
 .idata$6       0x62a486e4        0x8 c:/mingw/bin/../lib/gcc/mingw32/4.5.0/../../../libmsvcrt.a(duyms00583.o)
 .idata$6       0x62a486ec        0xa c:/mingw/bin/../lib/gcc/mingw32/4.5.0/../../../libmsvcrt.a(duyms00595.o)
 .idata$6       0x62a486f6        0xa c:/mingw/bin/../lib/gcc/mingw32/4.5.0/../../../libmsvcrt.a(duyms00610.o)
 .idata$6       0x62a48700        0x8 c:/mingw/bin/../lib/gcc/mingw32/4.5.0/../../../libmsvcrt.a(duyms00625.o)
 .idata$6       0x62a48708        0xa c:/mingw/bin/../lib/gcc/mingw32/4.5.0/../../../libmsvcrt.a(duyms00633.o)
 .idata$6       0x62a48712        0xa c:/mingw/bin/../lib/gcc/mingw32/4.5.0/../../../libmsvcrt.a(duyms00676.o)
 .idata$6       0x62a4871c        0xa c:/mingw/bin/../lib/gcc/mingw32/4.5.0/../../../libmsvcrt.a(duyms00682.o)
 .idata$6       0x62a48726        0xc c:/mingw/bin/../lib/gcc/mingw32/4.5.0/../../../libmsvcrt.a(duyms00748.o)
 *fill*         0x62a48732        0x2 00
 .idata$6       0x62a48734       0x18 d000001.o
 .idata$6       0x62a4874c       0x18 d000002.o
 .idata$6       0x62a48764       0x1c planner.a(d000289.o)
 .idata$6       0x62a48780       0x1c planner.a(d000292.o)
 .idata$6       0x62a4879c       0x1c planner.a(d000377.o)
 .idata$6       0x62a487b8       0x20 planner.a(d000550.o)
 .idata$6       0x62a487d8       0x20 planner.a(d000552.o)
 SORT(*)(.idata$7)
 .idata$7       0x62a487f8        0x4 C:/MinGW/msys/1.0/dev/lib/libglib-2.0.dll.a(d000313.o)
 .idata$7       0x62a487fc        0x4 C:/MinGW/msys/1.0/dev/lib/libglib-2.0.dll.a(d000324.o)
 .idata$7       0x62a48800        0x4 C:/MinGW/msys/1.0/dev/lib/libglib-2.0.dll.a(d000332.o)
 .idata$7       0x62a48804        0x4 C:/MinGW/msys/1.0/dev/lib/libglib-2.0.dll.a(d000538.o)
 .idata$7       0x62a48808        0x4 C:/MinGW/msys/1.0/dev/lib/libglib-2.0.dll.a(d000583.o)
 .idata$7       0x62a4880c        0x4 C:/MinGW/msys/1.0/dev/lib/libglib-2.0.dll.a(d000701.o)
 .idata$7       0x62a48810        0x4 C:/MinGW/msys/1.0/dev/lib/libglib-2.0.dll.a(d000998.o)
 .idata$7       0x62a48814        0x4 C:/MinGW/msys/1.0/dev/lib/libglib-2.0.dll.a(d001006.o)
 .idata$7       0x62a48818        0x4 C:/MinGW/msys/1.0/dev/lib/libglib-2.0.dll.a(d001009.o)
 .idata$7       0x62a4881c       0x14 C:/MinGW/msys/1.0/dev/lib/libglib-2.0.dll.a(d001426.o)
                0x62a4881c                libglib_2_0_0_dll_iname
 .idata$7       0x62a48830        0x4 C:/MinGW/msys/1.0/dev/lib/libgobject-2.0.dll.a(d000118.o)
 .idata$7       0x62a48834        0x4 C:/MinGW/msys/1.0/dev/lib/libgobject-2.0.dll.a(d000223.o)
 .idata$7       0x62a48838       0x18 C:/MinGW/msys/1.0/dev/lib/libgobject-2.0.dll.a(d000368.o)
                0x62a48838                libgobject_2_0_0_dll_iname
 .idata$7       0x62a48850        0x4 C:/MinGW/msys/1.0/dev/lib/libgtk-win32-2.0.dll.a(d000114.o)
 .idata$7       0x62a48854        0x4 C:/MinGW/msys/1.0/dev/lib/libgtk-win32-2.0.dll.a(d000126.o)
 .idata$7       0x62a48858        0x4 C:/MinGW/msys/1.0/dev/lib/libgtk-win32-2.0.dll.a(d000130.o)
 .idata$7       0x62a4885c        0x4 C:/MinGW/msys/1.0/dev/lib/libgtk-win32-2.0.dll.a(d000746.o)
 .idata$7       0x62a48860        0x4 C:/MinGW/msys/1.0/dev/lib/libgtk-win32-2.0.dll.a(d000751.o)
 .idata$7       0x62a48864        0x4 C:/MinGW/msys/1.0/dev/lib/libgtk-win32-2.0.dll.a(d000987.o)
 .idata$7       0x62a48868        0x4 C:/MinGW/msys/1.0/dev/lib/libgtk-win32-2.0.dll.a(d000999.o)
 .idata$7       0x62a4886c        0x4 C:/MinGW/msys/1.0/dev/lib/libgtk-win32-2.0.dll.a(d001011.o)
 .idata$7       0x62a48870        0x4 C:/MinGW/msys/1.0/dev/lib/libgtk-win32-2.0.dll.a(d001029.o)
 .idata$7       0x62a48874        0x4 C:/MinGW/msys/1.0/dev/lib/libgtk-win32-2.0.dll.a(d001690.o)
 .idata$7       0x62a48878        0x4 C:/MinGW/msys/1.0/dev/lib/libgtk-win32-2.0.dll.a(d003468.o)
 .idata$7       0x62a4887c        0x4 C:/MinGW/msys/1.0/dev/lib/libgtk-win32-2.0.dll.a(d003470.o)
 .idata$7       0x62a48880        0x4 C:/MinGW/msys/1.0/dev/lib/libgtk-win32-2.0.dll.a(d003479.o)
 .idata$7       0x62a48884        0x4 C:/MinGW/msys/1.0/dev/lib/libgtk-win32-2.0.dll.a(d003483.o)
 .idata$7       0x62a48888        0x4 C:/MinGW/msys/1.0/dev/lib/libgtk-win32-2.0.dll.a(d003534.o)
 .idata$7       0x62a4888c        0x4 C:/MinGW/msys/1.0/dev/lib/libgtk-win32-2.0.dll.a(d003741.o)
 .idata$7       0x62a48890        0x4 C:/MinGW/msys/1.0/dev/lib/libgtk-win32-2.0.dll.a(d003795.o)
 .idata$7       0x62a48894       0x18 C:/MinGW/msys/1.0/dev/lib/libgtk-win32-2.0.dll.a(d003816.o)
                0x62a48894                libgtk_win32_2_0_0_dll_iname
 .idata$7       0x62a488ac        0x4 C:/MinGW/msys/1.0/dev/lib/libintl.dll.a(d000017.o)
 .idata$7       0x62a488b0        0xc C:/MinGW/msys/1.0/dev/lib/libintl.dll.a(d000031.o)
                0x62a488b0                intl_dll_iname
 .idata$7       0x62a488bc        0x4 c:/mingw/bin/../lib/gcc/mingw32/4.5.0/../../../libkernel32.a(dkjes00107.o)
 .idata$7       0x62a488c0        0x4 c:/mingw/bin/../lib/gcc/mingw32/4.5.0/../../../libkernel32.a(dkjes00126.o)
 .idata$7       0x62a488c4        0x4 c:/mingw/bin/../lib/gcc/mingw32/4.5.0/../../../libkernel32.a(dkjes00214.o)
 .idata$7       0x62a488c8        0x4 c:/mingw/bin/../lib/gcc/mingw32/4.5.0/../../../libkernel32.a(dkjes00325.o)
 .idata$7       0x62a488cc        0x4 c:/mingw/bin/../lib/gcc/mingw32/4.5.0/../../../libkernel32.a(dkjes00337.o)
 .idata$7       0x62a488d0        0x4 c:/mingw/bin/../lib/gcc/mingw32/4.5.0/../../../libkernel32.a(dkjes00364.o)
 .idata$7       0x62a488d4        0x4 c:/mingw/bin/../lib/gcc/mingw32/4.5.0/../../../libkernel32.a(dkjes00492.o)
 .idata$7       0x62a488d8        0x4 c:/mingw/bin/../lib/gcc/mingw32/4.5.0/../../../libkernel32.a(dkjes00523.o)
 .idata$7       0x62a488dc        0x4 c:/mingw/bin/../lib/gcc/mingw32/4.5.0/../../../libkernel32.a(dkjes00524.o)
 .idata$7       0x62a488e0        0x4 c:/mingw/bin/../lib/gcc/mingw32/4.5.0/../../../libkernel32.a(dkjes00765.o)
 .idata$7       0x62a488e4        0x4 c:/mingw/bin/../lib/gcc/mingw32/4.5.0/../../../libkernel32.a(dkjes00798.o)
 .idata$7       0x62a488e8        0x4 c:/mingw/bin/../lib/gcc/mingw32/4.5.0/../../../libkernel32.a(dkjes00801.o)
 .idata$7       0x62a488ec       0x10 c:/mingw/bin/../lib/gcc/mingw32/4.5.0/../../../libkernel32.a(dkjet.o)
                0x62a488ec                _libkernel32_a_iname
 .idata$7       0x62a488fc        0x4 c:/mingw/bin/../lib/gcc/mingw32/4.5.0/../../../libmsvcrt.a(duyms00052.o)
 .idata$7       0x62a48900        0x4 c:/mingw/bin/../lib/gcc/mingw32/4.5.0/../../../libmsvcrt.a(duyms00182.o)
 .idata$7       0x62a48904        0x4 c:/mingw/bin/../lib/gcc/mingw32/4.5.0/../../../libmsvcrt.a(duyms00266.o)
 .idata$7       0x62a48908        0x4 c:/mingw/bin/../lib/gcc/mingw32/4.5.0/../../../libmsvcrt.a(duyms00538.o)
 .idata$7       0x62a4890c        0x4 c:/mingw/bin/../lib/gcc/mingw32/4.5.0/../../../libmsvcrt.a(duyms00583.o)
 .idata$7       0x62a48910        0x4 c:/mingw/bin/../lib/gcc/mingw32/4.5.0/../../../libmsvcrt.a(duyms00595.o)
 .idata$7       0x62a48914        0x4 c:/mingw/bin/../lib/gcc/mingw32/4.5.0/../../../libmsvcrt.a(duyms00610.o)
 .idata$7       0x62a48918        0x4 c:/mingw/bin/../lib/gcc/mingw32/4.5.0/../../../libmsvcrt.a(duyms00625.o)
 .idata$7       0x62a4891c        0x4 c:/mingw/bin/../lib/gcc/mingw32/4.5.0/../../../libmsvcrt.a(duyms00633.o)
 .idata$7       0x62a48920        0x4 c:/mingw/bin/../lib/gcc/mingw32/4.5.0/../../../libmsvcrt.a(duyms00676.o)
 .idata$7       0x62a48924        0x4 c:/mingw/bin/../lib/gcc/mingw32/4.5.0/../../../libmsvcrt.a(duyms00682.o)
 .idata$7       0x62a48928        0x4 c:/mingw/bin/../lib/gcc/mingw32/4.5.0/../../../libmsvcrt.a(duyms00748.o)
 .idata$7       0x62a4892c        0xc c:/mingw/bin/../lib/gcc/mingw32/4.5.0/../../../libmsvcrt.a(duymt.o)
                0x62a4892c                _libmsvcrt_a_iname
 .idata$7       0x62a48938        0x4 d000001.o
 .idata$7       0x62a4893c        0x4 d000002.o
 .idata$7       0x62a48940       0x14 d000003.o
                0x62a48940                libplanner_1_dll_iname
 .idata$7       0x62a48954        0x4 planner.a(d000289.o)
 .idata$7       0x62a48958        0x4 planner.a(d000292.o)
 .idata$7       0x62a4895c        0x4 planner.a(d000377.o)
 .idata$7       0x62a48960        0x4 planner.a(d000550.o)
 .idata$7       0x62a48964        0x4 planner.a(d000552.o)
 .idata$7       0x62a48968        0xc planner.a(d000584.o)
                0x62a48968                planner_exe_iname

.CRT            0x62a49000      0x200
                0x62a49000                ___crt_xc_start__ = .
 *(SORT(.CRT$XC*))
                0x62a49000                ___crt_xc_end__ = .
                0x62a49000                ___crt_xi_start__ = .
 *(SORT(.CRT$XI*))
                0x62a49000                ___crt_xi_end__ = .
                0x62a49000                ___crt_xl_start__ = .
 *(SORT(.CRT$XL*))
 .CRT$XLA       0x62a49000        0x4 c:/mingw/bin/../lib/gcc/mingw32/4.5.0/../../../libmingw32.a(tlssup.o)
                0x62a49000                __xl_a
 .CRT$XLC       0x62a49004        0x4 c:/mingw/bin/../lib/gcc/mingw32/4.5.0/../../../libmingw32.a(tlssup.o)
                0x62a49004                __xl_c
 .CRT$XLD       0x62a49008        0x4 c:/mingw/bin/../lib/gcc/mingw32/4.5.0/../../../libmingw32.a(tlssup.o)
                0x62a49008                __xl_d
 .CRT$XLZ       0x62a4900c        0x4 c:/mingw/bin/../lib/gcc/mingw32/4.5.0/../../../libmingw32.a(tlssup.o)
                0x62a4900c                __xl_z
                0x62a49010                ___crt_xp_start__ = .
 *(SORT(.CRT$XP*))
                0x62a49010                ___crt_xp_end__ = .
                0x62a49010                ___crt_xt_start__ = .
 *(SORT(.CRT$XT*))
                0x62a49010                ___crt_xt_end__ = .
 .CRT$XDA       0x62a49010        0x4 c:/mingw/bin/../lib/gcc/mingw32/4.5.0/../../../libmingw32.a(tlssup.o)
 .CRT$XDZ       0x62a49014        0x4 c:/mingw/bin/../lib/gcc/mingw32/4.5.0/../../../libmingw32.a(tlssup.o)

.tls            0x62a4a000      0x200
                0x62a4a000                ___tls_start__ = .
 *(.tls)
 .tls           0x62a4a000       0x18 c:/mingw/bin/../lib/gcc/mingw32/4.5.0/../../../libmingw32.a(tlssup.o)
                0x62a4a000                _tls_used
 *(.tls$)
 *(SORT(.tls$*))
 .tls$AAA       0x62a4a018        0x4 c:/mingw/bin/../lib/gcc/mingw32/4.5.0/../../../libmingw32.a(tlssup.o)
                0x62a4a018                _tls_start
 .tls$ZZZ       0x62a4a01c        0x4 c:/mingw/bin/../lib/gcc/mingw32/4.5.0/../../../libmingw32.a(tlssup.o)
                0x62a4a01c                _tls_end
                0x62a4a020                ___tls_end__ = .

.endjunk        0x62a4b000        0x0
                0x62a4b000                PROVIDE (end, .)
                0x62a4b000                PROVIDE (_end, .)
                0x62a4b000                __end__ = .

.rsrc
 *(.rsrc)
 *(SORT(.rsrc$*))

.reloc          0x62a4b000      0x200
 *(.reloc)
 .reloc         0x62a4b000      0x1a4 dll stuff

.stab
 *(.stab)

.stabstr
 *(.stabstr)

.debug_aranges
 *(.debug_aranges)

.debug_pubnames
 *(.debug_pubnames)

.debug_pubtypes
 *(.debug_pubtypes)

.debug_info
 *(.debug_info)
 *(.gnu.linkonce.wi.*)

.debug_abbrev
 *(.debug_abbrev)

.debug_line
 *(.debug_line)

.debug_frame
 *(.debug_frame)

.debug_str
 *(.debug_str)

.debug_loc
 *(.debug_loc)

.debug_macinfo
 *(.debug_macinfo)

.debug_weaknames
 *(.debug_weaknames)

.debug_funcnames
 *(.debug_funcnames)

.debug_typenames
 *(.debug_typenames)

.debug_varnames
 *(.debug_varnames)

.debug_ranges
 *(.debug_ranges)
OUTPUT(libxmlplanner-plugin.dll pei-i386)
LOAD d000000.o
LOAD d000001.o
LOAD d000002.o
LOAD d000003.o
LOAD dll stuff

交叉引用表

符号                                            文件
.weak.__Jv_RegisterClasses.___gcc_register_frame  c:/mingw/bin/../lib/gcc/mingw32/4.5.0/crtbegin.o
.weak.___deregister_frame_info.___gcc_register_frame c:/mingw/bin/../lib/gcc/mingw32/4.5.0/crtbegin.o
.weak.___register_frame_info.___gcc_register_frame c:/mingw/bin/../lib/gcc/mingw32/4.5.0/crtbegin.o
DeleteCriticalSection@4                           c:/mingw/bin/../lib/gcc/mingw32/4.5.0/../../../libkernel32.a(dkjes00107.o)
                                                  c:/mingw/bin/../lib/gcc/mingw32/4.5.0/../../../libmingw32.a(tlsthrd.o)
DllMain@12                                        c:/mingw/bin/../lib/gcc/mingw32/4.5.0/../../../libmingw32.a(dllmain.o)
                                                  c:/mingw/bin/../lib/gcc/mingw32/4.5.0/../../../dllcrt2.o
DllMainCRTStartup@12                              c:/mingw/bin/../lib/gcc/mingw32/4.5.0/../../../dllcrt2.o
EnterCriticalSection@4                            c:/mingw/bin/../lib/gcc/mingw32/4.5.0/../../../libkernel32.a(dkjes00126.o)
                                                  c:/mingw/bin/../lib/gcc/mingw32/4.5.0/../../../libmingw32.a(tlsthrd.o)
FreeLibrary@4                                     c:/mingw/bin/../lib/gcc/mingw32/4.5.0/../../../libkernel32.a(dkjes00214.o)
                                                  c:/mingw/bin/../lib/gcc/mingw32/4.5.0/../../../libmingw32.a(tlssup.o)
GetLastError@0                                    c:/mingw/bin/../lib/gcc/mingw32/4.5.0/../../../libkernel32.a(dkjes00325.o)
                                                  c:/mingw/bin/../lib/gcc/mingw32/4.5.0/../../../libmingw32.a(tlsthrd.o)
GetModuleHandleA@4                                c:/mingw/bin/../lib/gcc/mingw32/4.5.0/../../../libkernel32.a(dkjes00337.o)
[...]
                                                  c:/mingw/bin/../lib/gcc/mingw32/4.5.0/../../../libmsvcrt.a(duyms00182.o)
                                                  c:/mingw/bin/../lib/gcc/mingw32/4.5.0/../../../libmsvcrt.a(duyms00676.o)
                                                  c:/mingw/bin/../lib/gcc/mingw32/4.5.0/../../../libmsvcrt.a(duyms00610.o)
                                                  c:/mingw/bin/../lib/gcc/mingw32/4.5.0/../../../libmsvcrt.a(duyms00625.o)
                                                  c:/mingw/bin/../lib/gcc/mingw32/4.5.0/../../../libmsvcrt.a(duyms00052.o)
_head_libplanner_1_dll                            d000000.o
                                                  d000002.o
                                                  d000001.o
_head_planner_exe                                 planner.a(d000197.o)
                                                  planner.a(d000552.o)
                                                  planner.a(d000292.o)
                                                  planner.a(d000550.o)
                                                  planner.a(d000377.o)
                                                  planner.a(d000289.o)
_image_base__                                     c:/mingw/bin/../lib/gcc/mingw32/4.5.0/../../../libmingw32.a(pseudo-reloc.o)
_imp__DeleteCriticalSection@4                     c:/mingw/bin/../lib/gcc/mingw32/4.5.0/../../../libkernel32.a(dkjes00107.o)
_imp__EnterCriticalSection@4                      c:/mingw/bin/../lib/gcc/mingw32/4.5.0/../../../libkernel32.a(dkjes00126.o)
_imp__FreeLibrary@4                               c:/mingw/bin/../lib/gcc/mingw32/4.5.0/../../../libkernel32.a(dkjes00214.o)
_imp__GetLastError@0                              c:/mingw/bin/../lib/gcc/mingw32/4.5.0/../../../libkernel32.a(dkjes00325.o)
_imp__GetModuleHandleA@4                          c:/mingw/bin/../lib/gcc/mingw32/4.5.0/../../../libkernel32.a(dkjes00337.o)
_imp__GetProcAddress@8                            c:/mingw/bin/../lib/gcc/mingw32/4.5.0/../../../libkernel32.a(dkjes00364.o)
_imp__InitializeCriticalSection@4                 c:/mingw/bin/../lib/gcc/mingw32/4.5.0/../../../libkernel32.a(dkjes00492.o)
_imp__LeaveCriticalSection@4                      c:/mingw/bin/../lib/gcc/mingw32/4.5.0/../../../libkernel32.a(dkjes00523.o)
_imp__LoadLibraryA@4                              c:/mingw/bin/../lib/gcc/mingw32/4.5.0/../../../libkernel32.a(dkjes00524.o)
_imp__TlsGetValue@4                               c:/mingw/bin/../lib/gcc/mingw32/4.5.0/../../../libkernel32.a(dkjes00765.o)
_imp__VirtualProtect@16                           c:/mingw/bin/../lib/gcc/mingw32/4.5.0/../../../libkernel32.a(dkjes00798.o)
_imp__VirtualQuery@12                             c:/mingw/bin/../lib/gcc/mingw32/4.5.0/../../../libkernel32.a(dkjes00801.o)
_imp____dllonexit                                 c:/mingw/bin/../lib/gcc/mingw32/4.5.0/../../../libmsvcrt.a(duyms00052.o)
_imp___errno                                      c:/mingw/bin/../lib/gcc/mingw32/4.5.0/../../../libmsvcrt.a(duyms00182.o)
_imp___iob                                        c:/mingw/bin/../lib/gcc/mingw32/4.5.0/../../../libmsvcrt.a(duyms00266.o)
                                                  c:/mingw/bin/../lib/gcc/mingw32/4.5.0/../../../libmingw32.a(pseudo-reloc.o)
_imp___winmajor                                   c:/mingw/bin/../lib/gcc/mingw32/4.5.0/../../../libmsvcrt.a(duyms00538.o)
                                                  c:/mingw/bin/../lib/gcc/mingw32/4.5.0/../../../libmingw32.a(tlssup.o)
_imp__abort                                       c:/mingw/bin/../lib/gcc/mingw32/4.5.0/../../../libmsvcrt.a(duyms00583.o)
_imp__calloc                                      c:/mingw/bin/../lib/gcc/mingw32/4.5.0/../../../libmsvcrt.a(duyms00595.o)
_imp__fflush                                      c:/mingw/bin/../lib/gcc/mingw32/4.5.0/../../../libmsvcrt.a(duyms00610.o)
_imp__free                                        c:/mingw/bin/../lib/gcc/mingw32/4.5.0/../../../libmsvcrt.a(duyms00625.o)
_imp__fwrite                                      c:/mingw/bin/../lib/gcc/mingw32/4.5.0/../../../libmsvcrt.a(duyms00633.o)
_imp__g_file_test_utf8                            C:/MinGW/msys/1.0/dev/lib/libglib-2.0.dll.a(d000313.o)
_imp__g_free                                      C:/MinGW/msys/1.0/dev/lib/libglib-2.0.dll.a(d000324.o)
_imp__g_get_home_dir_utf8                         C:/MinGW/msys/1.0/dev/lib/libglib-2.0.dll.a(d000332.o)
_imp__g_log                                       C:/MinGW/msys/1.0/dev/lib/libglib-2.0.dll.a(d000538.o)
_imp__g_malloc0_n                                 C:/MinGW/msys/1.0/dev/lib/libglib-2.0.dll.a(d000583.o)
_imp__g_object_unref                              C:/MinGW/msys/1.0/dev/lib/libgobject-2.0.dll.a(d000118.o)
_imp__g_path_get_dirname                          C:/MinGW/msys/1.0/dev/lib/libglib-2.0.dll.a(d000701.o)
_imp__g_str_has_suffix                            C:/MinGW/msys/1.0/dev/lib/libglib-2.0.dll.a(d000998.o)
_imp__g_strconcat                                 C:/MinGW/msys/1.0/dev/lib/libglib-2.0.dll.a(d001006.o)
_imp__g_strdup                                    C:/MinGW/msys/1.0/dev/lib/libglib-2.0.dll.a(d001009.o)
_imp__g_type_check_instance_cast                  C:/MinGW/msys/1.0/dev/lib/libgobject-2.0.dll.a(d000223.o)
_imp__gtk_action_group_add_actions                C:/MinGW/msys/1.0/dev/lib/libgtk-win32-2.0.dll.a(d000114.o)
_imp__gtk_action_group_new                        C:/MinGW/msys/1.0/dev/lib/libgtk-win32-2.0.dll.a(d000126.o)
_imp__gtk_action_group_set_translation_domain     C:/MinGW/msys/1.0/dev/lib/libgtk-win32-2.0.dll.a(d000130.o)
_imp__gtk_dialog_get_type                         C:/MinGW/msys/1.0/dev/lib/libgtk-win32-2.0.dll.a(d000746.o)
_imp__gtk_dialog_run                              C:/MinGW/msys/1.0/dev/lib/libgtk-win32-2.0.dll.a(d000751.o)
_imp__gtk_file_chooser_dialog_new                 C:/MinGW/msys/1.0/dev/lib/libgtk-win32-2.0.dll.a(d000987.o)
_imp__gtk_file_chooser_get_filename_utf8          C:/MinGW/msys/1.0/dev/lib/libgtk-win32-2.0.dll.a(d000999.o)
_imp__gtk_file_chooser_get_type                   C:/MinGW/msys/1.0/dev/lib/libgtk-win32-2.0.dll.a(d001011.o)
_imp__gtk_file_chooser_set_current_folder_utf8    C:/MinGW/msys/1.0/dev/lib/libgtk-win32-2.0.dll.a(d001029.o)
_imp__gtk_message_dialog_new                      C:/MinGW/msys/1.0/dev/lib/libgtk-win32-2.0.dll.a(d001690.o)
_imp__gtk_ui_manager_add_ui_from_file_utf8        C:/MinGW/msys/1.0/dev/lib/libgtk-win32-2.0.dll.a(d003468.o)
_imp__gtk_ui_manager_ensure_update                C:/MinGW/msys/1.0/dev/lib/libgtk-win32-2.0.dll.a(d003470.o)
_imp__gtk_ui_manager_insert_action_group          C:/MinGW/msys/1.0/dev/lib/libgtk-win32-2.0.dll.a(d003479.o)
_imp__gtk_ui_manager_remove_action_group          C:/MinGW/msys/1.0/dev/lib/libgtk-win32-2.0.dll.a(d003483.o)
_imp__gtk_widget_destroy                          C:/MinGW/msys/1.0/dev/lib/libgtk-win32-2.0.dll.a(d003534.o)
_imp__gtk_window_get_type                         C:/MinGW/msys/1.0/dev/lib/libgtk-win32-2.0.dll.a(d003741.o)
_imp__gtk_window_set_modal                        C:/MinGW/msys/1.0/dev/lib/libgtk-win32-2.0.dll.a(d003795.o)
_imp__libintl_gettext                             C:/MinGW/msys/1.0/dev/lib/libintl.dll.a(d000017.o)
_imp__malloc                                      c:/mingw/bin/../lib/gcc/mingw32/4.5.0/../../../libmsvcrt.a(duyms00676.o)
_imp__memcpy                                      c:/mingw/bin/../lib/gcc/mingw32/4.5.0/../../../libmsvcrt.a(duyms00682.o)
_imp__mrp_paths_get_ui_dir                        d000001.o
_imp__mrp_project_export                          d000002.o
_imp__planner_conf_get_string                     planner.a(d000289.o)
_imp__planner_conf_set_string                     planner.a(d000292.o)
_imp__planner_plugin_get_type                     planner.a(d000377.o)
_imp__planner_window_get_project                  planner.a(d000550.o)
_imp__planner_window_get_ui_manager               planner.a(d000552.o)
_imp__vfprintf                                    c:/mingw/bin/../lib/gcc/mingw32/4.5.0/../../../libmsvcrt.a(duyms00748.o)
_libkernel32_a_iname                              c:/mingw/bin/../lib/gcc/mingw32/4.5.0/../../../libkernel32.a(dkjet.o)
                                                  c:/mingw/bin/../lib/gcc/mingw32/4.5.0/../../../libkernel32.a(dkjeh.o)
_libmsvcrt_a_iname                                c:/mingw/bin/../lib/gcc/mingw32/4.5.0/../../../libmsvcrt.a(duymt.o)
                                                  c:/mingw/bin/../lib/gcc/mingw32/4.5.0/../../../libmsvcrt.a(duymh.o)
_onexit                                           c:/mingw/bin/../lib/gcc/mingw32/4.5.0/../../../dllcrt2.o
_pei386_runtime_relocator                         c:/mingw/bin/../lib/gcc/mingw32/4.5.0/../../../libmingw32.a(pseudo-reloc.o)
                                                  c:/mingw/bin/../lib/gcc/mingw32/4.5.0/../../../dllcrt2.o
_tls_end                                          c:/mingw/bin/../lib/gcc/mingw32/4.5.0/../../../libmingw32.a(tlssup.o)
_tls_index                                        c:/mingw/bin/../lib/gcc/mingw32/4.5.0/../../../libmingw32.a(tlssup.o)
_tls_start                                        c:/mingw/bin/../lib/gcc/mingw32/4.5.0/../../../libmingw32.a(tlssup.o)
_tls_used                                         c:/mingw/bin/../lib/gcc/mingw32/4.5.0/../../../libmingw32.a(tlssup.o)
abort                                             c:/mingw/bin/../lib/gcc/mingw32/4.5.0/../../../libmsvcrt.a(duyms00583.o)
                                                  c:/mingw/bin/../lib/gcc/mingw32/4.5.0/../../../libmingw32.a(pseudo-reloc.o)
atexit                                            c:/mingw/bin/../lib/gcc/mingw32/4.5.0/../../../dllcrt2.o
                                                  c:/mingw/bin/../lib/gcc/mingw32/4.5.0/crtend.o
                                                  c:/mingw/bin/../lib/gcc/mingw32/4.5.0/../../../libmingw32.a(gccmain.o)
calloc                                            c:/mingw/bin/../lib/gcc/mingw32/4.5.0/../../../libmsvcrt.a(duyms00595.o)
                                                  c:/mingw/bin/../lib/gcc/mingw32/4.5.0/../../../libmingw32.a(tlsthrd.o)
fflush                                            c:/mingw/bin/../lib/gcc/mingw32/4.5.0/../../../libmsvcrt.a(duyms00610.o)
                                                  c:/mingw/bin/../lib/gcc/mingw32/4.5.0/../../../dllcrt2.o
free                                              c:/mingw/bin/../lib/gcc/mingw32/4.5.0/../../../libmsvcrt.a(duyms00625.o)
                                                  c:/mingw/bin/../lib/gcc/mingw32/4.5.0/../../../libmingw32.a(tlsthrd.o)
                                                  c:/mingw/bin/../lib/gcc/mingw32/4.5.0/../../../dllcrt2.o
fwrite                                            c:/mingw/bin/../lib/gcc/mingw32/4.5.0/../../../libmsvcrt.a(duyms00633.o)
                                                  c:/mingw/bin/../lib/gcc/mingw32/4.5.0/../../../libmingw32.a(pseudo-reloc.o)
g_file_test_utf8                                  C:/MinGW/msys/1.0/dev/lib/libglib-2.0.dll.a(d000313.o)
                                                  planner-xml-planner-plugin.o
g_free                                            C:/MinGW/msys/1.0/dev/lib/libglib-2.0.dll.a(d000324.o)
                                                  planner-xml-planner-plugin.o
g_get_home_dir_utf8                               C:/MinGW/msys/1.0/dev/lib/libglib-2.0.dll.a(d000332.o)
                                                  planner-xml-planner-plugin.o
g_log                                             C:/MinGW/msys/1.0/dev/lib/libglib-2.0.dll.a(d000538.o)
                                                  planner-xml-planner-plugin.o
g_malloc0_n                                       C:/MinGW/msys/1.0/dev/lib/libglib-2.0.dll.a(d000583.o)
                                                  planner-xml-planner-plugin.o
g_object_unref                                    C:/MinGW/msys/1.0/dev/lib/libgobject-2.0.dll.a(d000118.o)
                                                  planner-xml-planner-plugin.o
g_path_get_dirname                                C:/MinGW/msys/1.0/dev/lib/libglib-2.0.dll.a(d000701.o)
                                                  planner-xml-planner-plugin.o
g_str_has_suffix                                  C:/MinGW/msys/1.0/dev/lib/libglib-2.0.dll.a(d000998.o)
                                                  planner-xml-planner-plugin.o
g_strconcat                                       C:/MinGW/msys/1.0/dev/lib/libglib-2.0.dll.a(d001006.o)
                                                  planner-xml-planner-plugin.o
g_strdup                                          C:/MinGW/msys/1.0/dev/lib/libglib-2.0.dll.a(d001009.o)
                                                  planner-xml-planner-plugin.o
g_type_check_instance_cast                        C:/MinGW/msys/1.0/dev/lib/libgobject-2.0.dll.a(d000223.o)
                                                  planner-xml-planner-plugin.o
gtk_action_group_add_actions                      C:/MinGW/msys/1.0/dev/lib/libgtk-win32-2.0.dll.a(d000114.o)
                                                  planner-xml-planner-plugin.o
gtk_action_group_new                              C:/MinGW/msys/1.0/dev/lib/libgtk-win32-2.0.dll.a(d000126.o)
                                                  planner-xml-planner-plugin.o
gtk_action_group_set_translation_domain           C:/MinGW/msys/1.0/dev/lib/libgtk-win32-2.0.dll.a(d000130.o)
                                                  planner-xml-planner-plugin.o
gtk_dialog_get_type                               C:/MinGW/msys/1.0/dev/lib/libgtk-win32-2.0.dll.a(d000746.o)
                                                  planner-xml-planner-plugin.o
gtk_dialog_run                                    C:/MinGW/msys/1.0/dev/lib/libgtk-win32-2.0.dll.a(d000751.o)
                                                  planner-xml-planner-plugin.o
gtk_file_chooser_dialog_new                       C:/MinGW/msys/1.0/dev/lib/libgtk-win32-2.0.dll.a(d000987.o)
                                                  planner-xml-planner-plugin.o
gtk_file_chooser_get_filename_utf8                C:/MinGW/msys/1.0/dev/lib/libgtk-win32-2.0.dll.a(d000999.o)
                                                  planner-xml-planner-plugin.o
gtk_file_chooser_get_type                         C:/MinGW/msys/1.0/dev/lib/libgtk-win32-2.0.dll.a(d001011.o)
                                                  planner-xml-planner-plugin.o
gtk_file_chooser_set_current_folder_utf8          C:/MinGW/msys/1.0/dev/lib/libgtk-win32-2.0.dll.a(d001029.o)
                                                  planner-xml-planner-plugin.o
gtk_message_dialog_new                            C:/MinGW/msys/1.0/dev/lib/libgtk-win32-2.0.dll.a(d001690.o)
                                                  planner-xml-planner-plugin.o
gtk_ui_manager_add_ui_from_file_utf8              C:/MinGW/msys/1.0/dev/lib/libgtk-win32-2.0.dll.a(d003468.o)
                                                  planner-xml-planner-plugin.o
gtk_ui_manager_ensure_update                      C:/MinGW/msys/1.0/dev/lib/libgtk-win32-2.0.dll.a(d003470.o)
                                                  planner-xml-planner-plugin.o
gtk_ui_manager_insert_action_group                C:/MinGW/msys/1.0/dev/lib/libgtk-win32-2.0.dll.a(d003479.o)
                                                  planner-xml-planner-plugin.o
gtk_ui_manager_remove_action_group                C:/MinGW/msys/1.0/dev/lib/libgtk-win32-2.0.dll.a(d003483.o)
                                                  planner-xml-planner-plugin.o
gtk_widget_destroy                                C:/MinGW/msys/1.0/dev/lib/libgtk-win32-2.0.dll.a(d003534.o)
                                                  planner-xml-planner-plugin.o
gtk_window_get_type                               C:/MinGW/msys/1.0/dev/lib/libgtk-win32-2.0.dll.a(d003741.o)
                                                  planner-xml-planner-plugin.o
gtk_window_set_modal                              C:/MinGW/msys/1.0/dev/lib/libgtk-win32-2.0.dll.a(d003795.o)
                                                  planner-xml-planner-plugin.o
intl_dll_iname                                    C:/MinGW/msys/1.0/dev/lib/libintl.dll.a(d000031.o)
                                                  C:/MinGW/msys/1.0/dev/lib/libintl.dll.a(d000000.o)
libglib_2_0_0_dll_iname                           C:/MinGW/msys/1.0/dev/lib/libglib-2.0.dll.a(d001426.o)
                                                  C:/MinGW/msys/1.0/dev/lib/libglib-2.0.dll.a(d000000.o)
libgobject_2_0_0_dll_iname                        C:/MinGW/msys/1.0/dev/lib/libgobject-2.0.dll.a(d000368.o)
                                                  C:/MinGW/msys/1.0/dev/lib/libgobject-2.0.dll.a(d000000.o)
libgtk_win32_2_0_0_dll_iname                      C:/MinGW/msys/1.0/dev/lib/libgtk-win32-2.0.dll.a(d003816.o)
                                                  C:/MinGW/msys/1.0/dev/lib/libgtk-win32-2.0.dll.a(d000000.o)
libintl_gettext                                   C:/MinGW/msys/1.0/dev/lib/libintl.dll.a(d000017.o)
                                                  planner-xml-planner-plugin.o
libplanner_1_dll_iname                            d000003.o
                                                  d000000.o
malloc                                            c:/mingw/bin/../lib/gcc/mingw32/4.5.0/../../../libmsvcrt.a(duyms00676.o)
                                                  c:/mingw/bin/../lib/gcc/mingw32/4.5.0/../../../dllcrt2.o
memcpy                                            c:/mingw/bin/../lib/gcc/mingw32/4.5.0/../../../libmsvcrt.a(duyms00682.o)
                                                  c:/mingw/bin/../lib/gcc/mingw32/4.5.0/../../../libmingw32.a(pseudo-reloc.o)
mingw_initltsdrot_force                           c:/mingw/bin/../lib/gcc/mingw32/4.5.0/../../../libmingw32.a(tlssup.o)
mingw_initltsdyn_force                            c:/mingw/bin/../lib/gcc/mingw32/4.5.0/../../../libmingw32.a(tlssup.o)
mingw_initltssuo_force                            c:/mingw/bin/../lib/gcc/mingw32/4.5.0/../../../libmingw32.a(tlssup.o)
mrp_paths_get_ui_dir                              d000001.o
                                                  planner-xml-planner-plugin.o
mrp_project_export                                d000002.o
                                                  planner-xml-planner-plugin.o
planner_conf_get_string                           planner.a(d000289.o)
                                                  planner-xml-planner-plugin.o
planner_conf_set_string                           planner.a(d000292.o)
                                                  planner-xml-planner-plugin.o
planner_exe_iname                                 planner.a(d000584.o)
                                                  planner.a(d000197.o)
planner_plugin_get_type                           planner.a(d000377.o)
                                                  planner-xml-planner-plugin.o
planner_window_get_project                        planner.a(d000550.o)
                                                  planner-xml-planner-plugin.o
planner_window_get_ui_manager                     planner.a(d000552.o)
                                                  planner-xml-planner-plugin.o
plugin_exit                                       planner-xml-planner-plugin.o
plugin_init                                       planner-xml-planner-plugin.o
vfprintf                                          c:/mingw/bin/../lib/gcc/mingw32/4.5.0/../../../libmsvcrt.a(duyms00748.o)
                                                  c:/mingw/bin/../lib/gcc/mingw32/4.5.0/../../../libmingw32.a(pseudo-reloc.o)
